Archive member included to satisfy reference by file (symbol)

d:/mounriver/mounriver_studio/toolchain/risc-v embedded gcc/bin/../lib/gcc/riscv-none-embed/8.2.0/../../../../riscv-none-embed/lib/rv32imafc/ilp32f\libm.a(lib_a-s_cos.o)
                              ./zf_device/zf_device_gps_tau1201.o (cos)
d:/mounriver/mounriver_studio/toolchain/risc-v embedded gcc/bin/../lib/gcc/riscv-none-embed/8.2.0/../../../../riscv-none-embed/lib/rv32imafc/ilp32f\libm.a(lib_a-s_sin.o)
                              ./zf_device/zf_device_gps_tau1201.o (sin)
d:/mounriver/mounriver_studio/toolchain/risc-v embedded gcc/bin/../lib/gcc/riscv-none-embed/8.2.0/../../../../riscv-none-embed/lib/rv32imafc/ilp32f\libm.a(lib_a-w_asin.o)
                              ./zf_device/zf_device_gps_tau1201.o (asin)
d:/mounriver/mounriver_studio/toolchain/risc-v embedded gcc/bin/../lib/gcc/riscv-none-embed/8.2.0/../../../../riscv-none-embed/lib/rv32imafc/ilp32f\libm.a(lib_a-w_atan2.o)
                              ./zf_device/zf_device_gps_tau1201.o (atan2)
d:/mounriver/mounriver_studio/toolchain/risc-v embedded gcc/bin/../lib/gcc/riscv-none-embed/8.2.0/../../../../riscv-none-embed/lib/rv32imafc/ilp32f\libm.a(lib_a-w_pow.o)
                              ./zf_device/zf_device_gps_tau1201.o (pow)
d:/mounriver/mounriver_studio/toolchain/risc-v embedded gcc/bin/../lib/gcc/riscv-none-embed/8.2.0/../../../../riscv-none-embed/lib/rv32imafc/ilp32f\libm.a(lib_a-w_sqrt.o)
                              ./zf_device/zf_device_gps_tau1201.o (sqrt)
d:/mounriver/mounriver_studio/toolchain/risc-v embedded gcc/bin/../lib/gcc/riscv-none-embed/8.2.0/../../../../riscv-none-embed/lib/rv32imafc/ilp32f\libm.a(lib_a-e_asin.o)
                              d:/mounriver/mounriver_studio/toolchain/risc-v embedded gcc/bin/../lib/gcc/riscv-none-embed/8.2.0/../../../../riscv-none-embed/lib/rv32imafc/ilp32f\libm.a(lib_a-w_asin.o) (__ieee754_asin)
d:/mounriver/mounriver_studio/toolchain/risc-v embedded gcc/bin/../lib/gcc/riscv-none-embed/8.2.0/../../../../riscv-none-embed/lib/rv32imafc/ilp32f\libm.a(lib_a-e_atan2.o)
                              d:/mounriver/mounriver_studio/toolchain/risc-v embedded gcc/bin/../lib/gcc/riscv-none-embed/8.2.0/../../../../riscv-none-embed/lib/rv32imafc/ilp32f\libm.a(lib_a-w_atan2.o) (__ieee754_atan2)
d:/mounriver/mounriver_studio/toolchain/risc-v embedded gcc/bin/../lib/gcc/riscv-none-embed/8.2.0/../../../../riscv-none-embed/lib/rv32imafc/ilp32f\libm.a(lib_a-e_pow.o)
                              d:/mounriver/mounriver_studio/toolchain/risc-v embedded gcc/bin/../lib/gcc/riscv-none-embed/8.2.0/../../../../riscv-none-embed/lib/rv32imafc/ilp32f\libm.a(lib_a-w_pow.o) (__ieee754_pow)
d:/mounriver/mounriver_studio/toolchain/risc-v embedded gcc/bin/../lib/gcc/riscv-none-embed/8.2.0/../../../../riscv-none-embed/lib/rv32imafc/ilp32f\libm.a(lib_a-e_rem_pio2.o)
                              d:/mounriver/mounriver_studio/toolchain/risc-v embedded gcc/bin/../lib/gcc/riscv-none-embed/8.2.0/../../../../riscv-none-embed/lib/rv32imafc/ilp32f\libm.a(lib_a-s_cos.o) (__ieee754_rem_pio2)
d:/mounriver/mounriver_studio/toolchain/risc-v embedded gcc/bin/../lib/gcc/riscv-none-embed/8.2.0/../../../../riscv-none-embed/lib/rv32imafc/ilp32f\libm.a(lib_a-e_sqrt.o)
                              d:/mounriver/mounriver_studio/toolchain/risc-v embedded gcc/bin/../lib/gcc/riscv-none-embed/8.2.0/../../../../riscv-none-embed/lib/rv32imafc/ilp32f\libm.a(lib_a-w_sqrt.o) (__ieee754_sqrt)
d:/mounriver/mounriver_studio/toolchain/risc-v embedded gcc/bin/../lib/gcc/riscv-none-embed/8.2.0/../../../../riscv-none-embed/lib/rv32imafc/ilp32f\libm.a(lib_a-k_cos.o)
                              d:/mounriver/mounriver_studio/toolchain/risc-v embedded gcc/bin/../lib/gcc/riscv-none-embed/8.2.0/../../../../riscv-none-embed/lib/rv32imafc/ilp32f\libm.a(lib_a-s_cos.o) (__kernel_cos)
d:/mounriver/mounriver_studio/toolchain/risc-v embedded gcc/bin/../lib/gcc/riscv-none-embed/8.2.0/../../../../riscv-none-embed/lib/rv32imafc/ilp32f\libm.a(lib_a-k_rem_pio2.o)
                              d:/mounriver/mounriver_studio/toolchain/risc-v embedded gcc/bin/../lib/gcc/riscv-none-embed/8.2.0/../../../../riscv-none-embed/lib/rv32imafc/ilp32f\libm.a(lib_a-e_rem_pio2.o) (__kernel_rem_pio2)
d:/mounriver/mounriver_studio/toolchain/risc-v embedded gcc/bin/../lib/gcc/riscv-none-embed/8.2.0/../../../../riscv-none-embed/lib/rv32imafc/ilp32f\libm.a(lib_a-k_sin.o)
                              d:/mounriver/mounriver_studio/toolchain/risc-v embedded gcc/bin/../lib/gcc/riscv-none-embed/8.2.0/../../../../riscv-none-embed/lib/rv32imafc/ilp32f\libm.a(lib_a-s_cos.o) (__kernel_sin)
d:/mounriver/mounriver_studio/toolchain/risc-v embedded gcc/bin/../lib/gcc/riscv-none-embed/8.2.0/../../../../riscv-none-embed/lib/rv32imafc/ilp32f\libm.a(lib_a-s_atan.o)
[...]
Memory Configuration

Name             Origin             Length             Attributes
RAM              0x0000000020000040 0x000000000000fc00 xrw
FLASH            0x0000000000000000 0x0000000000040000 xr
*default*        0x0000000000000000 0xffffffffffffffff

Linker script and memory map

LOAD ./zf_driver/zf_driver_adc.o
LOAD ./zf_driver/zf_driver_delay.o
LOAD ./zf_driver/zf_driver_dvp.o
LOAD ./zf_driver/zf_driver_encoder.o
LOAD ./zf_driver/zf_driver_exti.o
LOAD ./zf_driver/zf_driver_flash.o
LOAD ./zf_driver/zf_driver_gpio.o
LOAD ./zf_driver/zf_driver_iic.o
LOAD ./zf_driver/zf_driver_pit.o
LOAD ./zf_driver/zf_driver_pwm.o
LOAD ./zf_driver/zf_driver_soft_iic.o
LOAD ./zf_driver/zf_driver_soft_spi.o
LOAD ./zf_driver/zf_driver_spi.o
LOAD ./zf_driver/zf_driver_timer.o
LOAD ./zf_driver/zf_driver_uart.o
LOAD ./zf_driver/zf_driver_usb_cdc.o
LOAD ./zf_device/zf_device_absolute_encoder.o
LOAD ./zf_device/zf_device_aht20.o
LOAD ./zf_device/zf_device_bluetooth_ch9141.o
LOAD ./zf_device/zf_device_camera.o
LOAD ./zf_device/zf_device_detector.o
LOAD ./zf_device/zf_device_dl1a.o
LOAD ./zf_device/zf_device_dl1b.o
LOAD ./zf_device/zf_device_dm1xa.o
LOAD ./zf_device/zf_device_gps_tau1201.o
LOAD ./zf_device/zf_device_icm20602.o
LOAD ./zf_device/zf_device_imu660ra.o
LOAD ./zf_device/zf_device_imu963ra.o
LOAD ./zf_device/zf_device_ips114.o
LOAD ./zf_device/zf_device_ips200.o
LOAD ./zf_device/zf_device_k24c02.o
LOAD ./zf_device/zf_device_key.o
LOAD ./zf_device/zf_device_mpu6050.o
LOAD ./zf_device/zf_device_mt9v03x_dvp.o
LOAD ./zf_device/zf_device_oled.o
LOAD ./zf_device/zf_device_scc8660_dvp.o
LOAD ./zf_device/zf_device_tft180.o
LOAD ./zf_device/zf_device_type.o
LOAD ./zf_device/zf_device_virtual_oscilloscope.o
LOAD ./zf_device/zf_device_w25q32.o
LOAD ./zf_device/zf_device_wifi_spi.o
LOAD ./zf_device/zf_device_wifi_uart.o
LOAD ./zf_device/zf_device_wireless_ch573.o
LOAD ./zf_device/zf_device_wireless_uart.o
LOAD ./zf_common/zf_common_clock.o
LOAD ./zf_common/zf_common_debug.o
LOAD ./zf_common/zf_common_fifo.o
LOAD ./zf_common/zf_common_font.o
LOAD ./zf_common/zf_common_function.o
LOAD ./zf_common/zf_common_interrupt.o
LOAD ./user_c/isr.o
LOAD ./user_c/main.o
LOAD ./sdk/Startup/startup_ch32v30x_D8C.o
LOAD ./sdk/Peripheral/ch32v30x_adc.o
LOAD ./sdk/Peripheral/ch32v30x_bkp.o
LOAD ./sdk/Peripheral/ch32v30x_can.o
LOAD ./sdk/Peripheral/ch32v30x_crc.o
LOAD ./sdk/Peripheral/ch32v30x_dac.o
LOAD ./sdk/Peripheral/ch32v30x_dbgmcu.o
LOAD ./sdk/Peripheral/ch32v30x_dma.o
LOAD ./sdk/Peripheral/ch32v30x_dvp.o
LOAD ./sdk/Peripheral/ch32v30x_eth.o
LOAD ./sdk/Peripheral/ch32v30x_exti.o
LOAD ./sdk/Peripheral/ch32v30x_flash.o
LOAD ./sdk/Peripheral/ch32v30x_fsmc.o
LOAD ./sdk/Peripheral/ch32v30x_gpio.o
LOAD ./sdk/Peripheral/ch32v30x_i2c.o
LOAD ./sdk/Peripheral/ch32v30x_iwdg.o
LOAD ./sdk/Peripheral/ch32v30x_opa.o
LOAD ./sdk/Peripheral/ch32v30x_pwr.o
LOAD ./sdk/Peripheral/ch32v30x_rcc.o
LOAD ./sdk/Peripheral/ch32v30x_rng.o
LOAD ./sdk/Peripheral/ch32v30x_rtc.o
LOAD ./sdk/Peripheral/ch32v30x_sdio.o
LOAD ./sdk/Peripheral/ch32v30x_spi.o
LOAD ./sdk/Peripheral/ch32v30x_tim.o
LOAD ./sdk/Peripheral/ch32v30x_usart.o
LOAD ./sdk/Peripheral/ch32v30x_usbotg_device.o
LOAD ./sdk/Peripheral/ch32v30x_wwdg.o
LOAD ./sdk/Core/core_riscv.o
LOAD ./code/My_Math.o
LOAD ./code/SeekLine4.0.o
LOAD ./code/Servo.o
LOAD ./code/cam_preprocess.o
LOAD ./code/motor.o
LOAD ./code/pid.o
LOAD d:/mounriver/mounriver_studio/toolchain/risc-v embedded gcc/bin/../lib/gcc/riscv-none-embed/8.2.0/../../../../riscv-none-embed/lib/rv32imafc/ilp32f\libm.a
LOAD D:\Resouse\SmartCar\balance car\libraries\zf_device\libzf_device_config.a
LOAD d:/mounriver/mounriver_studio/toolchain/risc-v embedded gcc/bin/../lib/gcc/riscv-none-embed/8.2.0/rv32imafc/ilp32f\libgcc.a
LOAD d:/mounriver/mounriver_studio/toolchain/risc-v embedded gcc/bin/../lib/gcc/riscv-none-embed/8.2.0/../../../../riscv-none-embed/lib/rv32imafc/ilp32f\libg_nano.a
LOAD d:/mounriver/mounriver_studio/toolchain/risc-v embedded gcc/bin/../lib/gcc/riscv-none-embed/8.2.0/../../../../riscv-none-embed/lib/rv32imafc/ilp32f\libc_nano.a
LOAD d:/mounriver/mounriver_studio/toolchain/risc-v embedded gcc/bin/../lib/gcc/riscv-none-embed/8.2.0/rv32imafc/ilp32f\libgcc.a
START GROUP
LOAD d:/mounriver/mounriver_studio/toolchain/risc-v embedded gcc/bin/../lib/gcc/riscv-none-embed/8.2.0/rv32imafc/ilp32f\libgcc.a
LOAD d:/mounriver/mounriver_studio/toolchain/risc-v embedded gcc/bin/../lib/gcc/riscv-none-embed/8.2.0/../../../../riscv-none-embed/lib/rv32imafc/ilp32f\libc_nano.a
LOAD d:/mounriver/mounriver_studio/toolchain/risc-v embedded gcc/bin/../lib/gcc/riscv-none-embed/8.2.0/../../../../riscv-none-embed/lib/rv32imafc/ilp32f\libnosys.a
END GROUP
START GROUP
LOAD d:/mounriver/mounriver_studio/toolchain/risc-v embedded gcc/bin/../lib/gcc/riscv-none-embed/8.2.0/rv32imafc/ilp32f\libgcc.a
LOAD d:/mounriver/mounriver_studio/toolchain/risc-v embedded gcc/bin/../lib/gcc/riscv-none-embed/8.2.0/../../../../riscv-none-embed/lib/rv32imafc/ilp32f\libc_nano.a
LOAD d:/mounriver/mounriver_studio/toolchain/risc-v embedded gcc/bin/../lib/gcc/riscv-none-embed/8.2.0/../../../../riscv-none-embed/lib/rv32imafc/ilp32f\libnosys.a
END GROUP
                0x0000000000000800                __stack_size = 0x800
                [!provide]                        PROVIDE (_stack_size = __stack_size)

.init           0x0000000000000000       0x38
                0x0000000000000000                _sinit = .
                0x0000000000000000                . = ALIGN (0x4)
 *(SORT_NONE(.init))
 .init          0x0000000000000000       0x38 ./sdk/Startup/startup_ch32v30x_D8C.o
                0x0000000000000000                _start
                0x0000000000000038                . = ALIGN (0x4)
                0x0000000000000038                _einit = .

.vector         0x0000000000000038      0x1c8
 *(.vector)
 .vector        0x0000000000000038      0x1a0 ./sdk/Startup/startup_ch32v30x_D8C.o
                0x0000000000000200                . = ALIGN (0x40)
 *fill*         0x00000000000001d8       0x28 

.text           0x0000000000000200    0x1463c
                0x0000000000000200                . = ALIGN (0x4)
 *(.text)
 .text          0x0000000000000200       0xa8 d:/mounriver/mounriver_studio/toolchain/risc-v embedded gcc/bin/../lib/gcc/riscv-none-embed/8.2.0/../../../../riscv-none-embed/lib/rv32imafc/ilp32f\libg_nano.a(lib_a-memset.o)
                0x0000000000000200                memset
 *(.text.*)
 .text.system_delay_ms
                0x00000000000002a8       0xa2 ./zf_driver/zf_driver_delay.o
                0x00000000000002a8                system_delay_ms
 .text.dvp_gpio_init
                0x000000000000034a      0x102 ./zf_driver/zf_driver_dvp.o
                0x000000000000034a                dvp_gpio_init
 .text.dvp_camera_init
                0x000000000000044c      0x144 ./zf_driver/zf_driver_dvp.o
                0x000000000000044c                dvp_camera_init
 .text.gpio_get_level
                0x0000000000000590       0x42 ./zf_driver/zf_driver_gpio.o
                0x0000000000000590                gpio_get_level
 .text.gpio_init
                0x00000000000005d2      0x15c ./zf_driver/zf_driver_gpio.o
                0x00000000000005d2                gpio_init
 .text.pit_disable
                0x000000000000072e       0x96 ./zf_driver/zf_driver_pit.o
                0x000000000000072e                pit_disable
 .text.pit_init
                0x00000000000007c4      0x218 ./zf_driver/zf_driver_pit.o
                0x00000000000007c4                pit_init
 .text.pwm_set_duty
                0x00000000000009dc      0x166 ./zf_driver/zf_driver_pwm.o
                0x00000000000009dc                pwm_set_duty
 .text.pwm_init
                0x0000000000000b42      0x416 ./zf_driver/zf_driver_pwm.o
                0x0000000000000b42                pwm_init
 .text.soft_iic_start
                0x0000000000000f58      0x128 ./zf_driver/zf_driver_soft_iic.o
 .text.soft_iic_stop
                0x0000000000001080      0x142 ./zf_driver/zf_driver_soft_iic.o
 .text.soft_iic_send_ack
                0x00000000000011c2      0x196 ./zf_driver/zf_driver_soft_iic.o
 .text.soft_iic_wait_ack
                0x0000000000001358      0x160 ./zf_driver/zf_driver_soft_iic.o
 .text.soft_iic_send_data
                0x00000000000014b8      0x16e ./zf_driver/zf_driver_soft_iic.o
 .text.soft_iic_read_data
                0x0000000000001626      0x1e8 ./zf_driver/zf_driver_soft_iic.o
 .text.soft_iic_sccb_write_register
                0x000000000000180e       0x80 ./zf_driver/zf_driver_soft_iic.o
                0x000000000000180e                soft_iic_sccb_write_register
 .text.soft_iic_sccb_read_register
                0x000000000000188e       0xb4 ./zf_driver/zf_driver_soft_iic.o
                0x000000000000188e                soft_iic_sccb_read_register
 .text.soft_iic_init
                0x0000000000001942       0xb2 ./zf_driver/zf_driver_soft_iic.o
                0x0000000000001942                soft_iic_init
 .text.spi_write_8bit
                0x00000000000019f4       0x6a ./zf_driver/zf_driver_spi.o
                0x00000000000019f4                spi_write_8bit
 .text.spi_write_16bit
                0x0000000000001a5e       0xa6 ./zf_driver/zf_driver_spi.o
                0x0000000000001a5e                spi_write_16bit
 .text.spi_init
                0x0000000000001b04      0x2d6 ./zf_driver/zf_driver_spi.o
                0x0000000000001b04                spi_init
 .text.timer_funciton_check
                0x0000000000001dda       0x66 ./zf_driver/zf_driver_timer.o
                0x0000000000001dda                timer_funciton_check
 .text.timer_clock_enable
                0x0000000000001e40       0xe2 ./zf_driver/zf_driver_timer.o
                0x0000000000001e40                timer_clock_enable
 .text.timer_get
                0x0000000000001f22       0xfe ./zf_driver/zf_driver_timer.o
                0x0000000000001f22                timer_get
 .text.timer_clear
                0x0000000000002020       0xc4 ./zf_driver/zf_driver_timer.o
                0x0000000000002020                timer_clear
 .text.uart_write_byte
                0x00000000000020e4       0x56 ./zf_driver/zf_driver_uart.o
                0x00000000000020e4                uart_write_byte
 .text.uart_write_buffer
                0x000000000000213a       0x64 ./zf_driver/zf_driver_uart.o
                0x000000000000213a                uart_write_buffer
 .text.uart_rx_interrupt
                0x000000000000219e       0x84 ./zf_driver/zf_driver_uart.o
                0x000000000000219e                uart_rx_interrupt
 .text.uart_query_byte
                0x0000000000002222       0x5e ./zf_driver/zf_driver_uart.o
                0x0000000000002222                uart_query_byte
 .text.uart_init
                0x0000000000002280      0x5aa ./zf_driver/zf_driver_uart.o
                0x0000000000002280                uart_init
 .text.camera_fifo_init
                0x000000000000282a       0x22 ./zf_device/zf_device_camera.o
                0x000000000000282a                camera_fifo_init
 .text.dm1xa_sound_callback
                0x000000000000284c       0xf6 ./zf_device/zf_device_dm1xa.o
                0x000000000000284c                dm1xa_sound_callback
 .text.dm1xa_light_callback
                0x0000000000002942       0x32 ./zf_device/zf_device_dm1xa.o
                0x0000000000002942                dm1xa_light_callback
 .text.gps_uart_callback
                0x0000000000002974      0x10e ./zf_device/zf_device_gps_tau1201.o
                0x0000000000002974                gps_uart_callback
 .text.mt9v03x_set_config
                0x0000000000002a82      0x12c ./zf_device/zf_device_mt9v03x_dvp.o
 .text.mt9v03x_get_config
                0x0000000000002bae      0x164 ./zf_device/zf_device_mt9v03x_dvp.o
 .text.mt9v03x_uart_handler
                0x0000000000002d12       0x44 ./zf_device/zf_device_mt9v03x_dvp.o
 .text.mt9v03x_dvp_handler
                0x0000000000002d56       0x14 ./zf_device/zf_device_mt9v03x_dvp.o
                0x0000000000002d56                mt9v03x_dvp_handler
 .text.mt9v03x_get_version
                0x0000000000002d6a       0xca ./zf_device/zf_device_mt9v03x_dvp.o
                0x0000000000002d6a                mt9v03x_get_version
 .text.mt9v03x_init
                0x0000000000002e34      0x17e ./zf_device/zf_device_mt9v03x_dvp.o
                0x0000000000002e34                mt9v03x_init
 .text.tft180_write_index
                0x0000000000002fb2       0x44 ./zf_device/zf_device_tft180.o
 .text.tft180_set_region
                0x0000000000002ff6      0x1e8 ./zf_device/zf_device_tft180.o
 .text.tft180_debug_init
                0x00000000000031de       0x86 ./zf_device/zf_device_tft180.o
 .text.tft180_clear
                0x0000000000003264       0x8a ./zf_device/zf_device_tft180.o
                0x0000000000003264                tft180_clear
 .text.tft180_set_dir
                0x00000000000032ee       0x50 ./zf_device/zf_device_tft180.o
                0x00000000000032ee                tft180_set_dir
 .text.tft180_set_color
                0x000000000000333e       0x34 ./zf_device/zf_device_tft180.o
                0x000000000000333e                tft180_set_color
 .text.tft180_show_char
                0x0000000000003372      0x2ba ./zf_device/zf_device_tft180.o
                0x0000000000003372                tft180_show_char
 .text.tft180_show_string
                0x000000000000362c      0x110 ./zf_device/zf_device_tft180.o
                0x000000000000362c                tft180_show_string
 .text.tft180_show_int
                0x000000000000373c      0x144 ./zf_device/zf_device_tft180.o
                0x000000000000373c                tft180_show_int
 .text.tft180_show_gray_image
                0x0000000000003880      0x23e ./zf_device/zf_device_tft180.o
                0x0000000000003880                tft180_show_gray_image
 .text.tft180_init
                0x0000000000003abe      0x426 ./zf_device/zf_device_tft180.o
                0x0000000000003abe                tft180_init
 .text.type_default_callback
                0x0000000000003ee4        0xe ./zf_device/zf_device_type.o
 .text.set_camera_type
                0x0000000000003ef2       0x52 ./zf_device/zf_device_type.o
                0x0000000000003ef2                set_camera_type
 .text.clock_reset
                0x0000000000003f44       0x76 ./zf_common/zf_common_clock.o
                0x0000000000003f44                clock_reset
 .text.clock_set_freq
                0x0000000000003fba      0x1e0 ./zf_common/zf_common_clock.o
                0x0000000000003fba                clock_set_freq
 .text.clock_init
                0x000000000000419a       0x2e ./zf_common/zf_common_clock.o
                0x000000000000419a                clock_init
 .text.__NOP    0x00000000000041c8       0x10 ./zf_common/zf_common_debug.o
 .text.debug_delay
                0x00000000000041d8       0x54 ./zf_common/zf_common_debug.o
 .text.debug_protective_handler
                0x000000000000422c        0xe ./zf_common/zf_common_debug.o
 .text.debug_output
                0x000000000000423a      0x564 ./zf_common/zf_common_debug.o
 .text.debug_interrupr_handler
                0x000000000000479e       0x36 ./zf_common/zf_common_debug.o
                0x000000000000479e                debug_interrupr_handler
 .text._write   0x00000000000047d4       0x7c ./zf_common/zf_common_debug.o
                0x00000000000047d4                _write
 .text.debug_assert_handler
                0x0000000000004850       0x68 ./zf_common/zf_common_debug.o
                0x0000000000004850                debug_assert_handler
 .text.debug_log_handler
                0x00000000000048b8       0x4e ./zf_common/zf_common_debug.o
                0x00000000000048b8                debug_log_handler
 .text.debug_output_struct_init
                0x0000000000004906       0x5a ./zf_common/zf_common_debug.o
                0x0000000000004906                debug_output_struct_init
 .text.debug_output_init
                0x0000000000004960       0xa8 ./zf_common/zf_common_debug.o
                0x0000000000004960                debug_output_init
 .text.fifo_head_offset
                0x0000000000004a08       0x4e ./zf_common/zf_common_fifo.o
 .text.fifo_end_offset
                0x0000000000004a56       0x4e ./zf_common/zf_common_fifo.o
 .text.fifo_clear
                0x0000000000004aa4      0x100 ./zf_common/zf_common_fifo.o
                0x0000000000004aa4                fifo_clear
 .text.fifo_used
                0x0000000000004ba4       0x44 ./zf_common/zf_common_fifo.o
                0x0000000000004ba4                fifo_used
 .text.fifo_write_element
                0x0000000000004be8      0x118 ./zf_common/zf_common_fifo.o
                0x0000000000004be8                fifo_write_element
 .text.fifo_write_buffer
                0x0000000000004d00      0x304 ./zf_common/zf_common_fifo.o
                0x0000000000004d00                fifo_write_buffer
 .text.fifo_read_buffer
                0x0000000000005004      0x2e0 ./zf_common/zf_common_fifo.o
                0x0000000000005004                fifo_read_buffer
 .text.fifo_init
                0x00000000000052e4       0x96 ./zf_common/zf_common_fifo.o
                0x00000000000052e4                fifo_init
 .text.func_int_to_str
                0x000000000000537a      0x116 ./zf_common/zf_common_function.o
                0x000000000000537a                func_int_to_str
 .text.__enable_irq
                0x0000000000005490       0x18 ./zf_common/zf_common_interrupt.o
 .text.__disable_irq
                0x00000000000054a8       0x14 ./zf_common/zf_common_interrupt.o
 .text.NVIC_EnableIRQ
                0x00000000000054bc       0x32 ./zf_common/zf_common_interrupt.o
 .text.NVIC_DisableIRQ
                0x00000000000054ee       0x32 ./zf_common/zf_common_interrupt.o
 .text.NVIC_SetPriority
                0x0000000000005520       0x2a ./zf_common/zf_common_interrupt.o
 .text.interrupt_enable
                0x000000000000554a       0x1e ./zf_common/zf_common_interrupt.o
                0x000000000000554a                interrupt_enable
 .text.interrupt_disable
                0x0000000000005568       0x1e ./zf_common/zf_common_interrupt.o
                0x0000000000005568                interrupt_disable
 .text.interrupt_set_priority
                0x0000000000005586       0x2a ./zf_common/zf_common_interrupt.o
                0x0000000000005586                interrupt_set_priority
 .text.interrupt_global_enable
                0x00000000000055b0       0x32 ./zf_common/zf_common_interrupt.o
                0x00000000000055b0                interrupt_global_enable
 .text.interrupt_global_disable
                0x00000000000055e2       0x2c ./zf_common/zf_common_interrupt.o
                0x00000000000055e2                interrupt_global_disable
 .text.interrupt_init
                0x000000000000560e       0x18 ./zf_common/zf_common_interrupt.o
                0x000000000000560e                interrupt_init
 .text.USART1_IRQHandler
                0x0000000000005626       0xc4 ./user_c/isr.o
                0x0000000000005626                USART1_IRQHandler
 .text.USART2_IRQHandler
                0x00000000000056ea       0xc4 ./user_c/isr.o
                0x00000000000056ea                USART2_IRQHandler
 .text.USART3_IRQHandler
                0x00000000000057ae       0xc8 ./user_c/isr.o
                0x00000000000057ae                USART3_IRQHandler
 .text.UART4_IRQHandler
                0x0000000000005876       0xc4 ./user_c/isr.o
                0x0000000000005876                UART4_IRQHandler
 .text.UART5_IRQHandler
                0x000000000000593a       0xc2 ./user_c/isr.o
                0x000000000000593a                UART5_IRQHandler
 .text.UART6_IRQHandler
                0x00000000000059fc       0xc4 ./user_c/isr.o
                0x00000000000059fc                UART6_IRQHandler
 .text.UART7_IRQHandler
                0x0000000000005ac0       0xca ./user_c/isr.o
                0x0000000000005ac0                UART7_IRQHandler
 .text.UART8_IRQHandler
                0x0000000000005b8a       0xc0 ./user_c/isr.o
                0x0000000000005b8a                UART8_IRQHandler
 .text.DVP_IRQHandler
                0x0000000000005c4a       0xd0 ./user_c/isr.o
                0x0000000000005c4a                DVP_IRQHandler
 .text.EXTI0_IRQHandler
                0x0000000000005d1a       0xb4 ./user_c/isr.o
                0x0000000000005d1a                EXTI0_IRQHandler
 .text.EXTI1_IRQHandler
                0x0000000000005dce       0xb4 ./user_c/isr.o
                0x0000000000005dce                EXTI1_IRQHandler
 .text.EXTI2_IRQHandler
                0x0000000000005e82       0xb4 ./user_c/isr.o
                0x0000000000005e82                EXTI2_IRQHandler
 .text.EXTI3_IRQHandler
                0x0000000000005f36       0xb4 ./user_c/isr.o
                0x0000000000005f36                EXTI3_IRQHandler
 .text.EXTI4_IRQHandler
                0x0000000000005fea       0xb4 ./user_c/isr.o
                0x0000000000005fea                EXTI4_IRQHandler
 .text.EXTI9_5_IRQHandler
                0x000000000000609e      0x118 ./user_c/isr.o
                0x000000000000609e                EXTI9_5_IRQHandler
 .text.EXTI15_10_IRQHandler
                0x00000000000061b6      0x132 ./user_c/isr.o
                0x00000000000061b6                EXTI15_10_IRQHandler
 .text.TIM1_UP_IRQHandler
                0x00000000000062e8       0xc0 ./user_c/isr.o
                0x00000000000062e8                TIM1_UP_IRQHandler
 .text.TIM2_IRQHandler
                0x00000000000063a8       0xb8 ./user_c/isr.o
                0x00000000000063a8                TIM2_IRQHandler
 .text.TIM3_IRQHandler
                0x0000000000006460       0xc0 ./user_c/isr.o
                0x0000000000006460                TIM3_IRQHandler
 .text.TIM4_IRQHandler
                0x0000000000006520       0xc0 ./user_c/isr.o
                0x0000000000006520                TIM4_IRQHandler
 .text.TIM5_IRQHandler
                0x00000000000065e0       0xe8 ./user_c/isr.o
                0x00000000000065e0                TIM5_IRQHandler
 .text.TIM6_IRQHandler
                0x00000000000066c8      0x134 ./user_c/isr.o
                0x00000000000066c8                TIM6_IRQHandler
 .text.TIM7_IRQHandler
                0x00000000000067fc       0xc0 ./user_c/isr.o
                0x00000000000067fc                TIM7_IRQHandler
 .text.TIM8_UP_IRQHandler
                0x00000000000068bc       0xc0 ./user_c/isr.o
                0x00000000000068bc                TIM8_UP_IRQHandler
 .text.TIM9_UP_IRQHandler
                0x000000000000697c       0xc0 ./user_c/isr.o
                0x000000000000697c                TIM9_UP_IRQHandler
 .text.TIM10_UP_IRQHandler
                0x0000000000006a3c       0xb8 ./user_c/isr.o
                0x0000000000006a3c                TIM10_UP_IRQHandler
 .text.NMI_Handler
                0x0000000000006af4       0x10 ./user_c/isr.o
                0x0000000000006af4                NMI_Handler
 .text.HardFault_Handler
                0x0000000000006b04        0x8 ./user_c/isr.o
                0x0000000000006b04                HardFault_Handler
 .text.Init     0x0000000000006b0c       0x24 ./user_c/main.o
                0x0000000000006b0c                Init
 .text.main     0x0000000000006b30      0x298 ./user_c/main.o
                0x0000000000006b30                main
 .text.vector_handler
                0x0000000000006dc8       0xbe ./sdk/Startup/startup_ch32v30x_D8C.o
                0x0000000000006dcc                Ecall_M_Mode_Handler
                0x0000000000006dce                Ecall_U_Mode_Handler
                0x0000000000006dd0                Break_Point_Handler
                0x0000000000006dd2                SysTick_Handler
                0x0000000000006dd4                SW_Handler
                0x0000000000006dd6                WWDG_IRQHandler
                0x0000000000006dd8                PVD_IRQHandler
                0x0000000000006dda                TAMPER_IRQHandler
                0x0000000000006ddc                RTC_IRQHandler
                0x0000000000006dde                FLASH_IRQHandler
                0x0000000000006de0                RCC_IRQHandler
                0x0000000000006dec                DMA1_Channel1_IRQHandler
                0x0000000000006dee                DMA1_Channel2_IRQHandler
                0x0000000000006df0                DMA1_Channel3_IRQHandler
                0x0000000000006df2                DMA1_Channel4_IRQHandler
                0x0000000000006df4                DMA1_Channel5_IRQHandler
                0x0000000000006df6                DMA1_Channel6_IRQHandler
                0x0000000000006df8                DMA1_Channel7_IRQHandler
                0x0000000000006dfa                ADC1_2_IRQHandler
                0x0000000000006dfc                USB_HP_CAN1_TX_IRQHandler
                0x0000000000006dfe                USB_LP_CAN1_RX0_IRQHandler
                0x0000000000006e00                CAN1_RX1_IRQHandler
                0x0000000000006e02                CAN1_SCE_IRQHandler
                0x0000000000006e06                TIM1_BRK_IRQHandler
                0x0000000000006e0a                TIM1_TRG_COM_IRQHandler
                0x0000000000006e0c                TIM1_CC_IRQHandler
                0x0000000000006e14                I2C1_EV_IRQHandler
                0x0000000000006e16                I2C1_ER_IRQHandler
                0x0000000000006e18                I2C2_EV_IRQHandler
                0x0000000000006e1a                I2C2_ER_IRQHandler
                0x0000000000006e1c                SPI1_IRQHandler
                0x0000000000006e1e                SPI2_IRQHandler
                0x0000000000006e28                RTCAlarm_IRQHandler
                0x0000000000006e2a                USBWakeUp_IRQHandler
                0x0000000000006e2c                TIM8_BRK_IRQHandler
                0x0000000000006e30                TIM8_TRG_COM_IRQHandler
                0x0000000000006e32                TIM8_CC_IRQHandler
                0x0000000000006e34                RNG_IRQHandler
                0x0000000000006e36                FSMC_IRQHandler
                0x0000000000006e38                SDIO_IRQHandler
                0x0000000000006e3c                SPI3_IRQHandler
                0x0000000000006e46                DMA2_Channel1_IRQHandler
                0x0000000000006e48                DMA2_Channel2_IRQHandler
                0x0000000000006e4a                DMA2_Channel3_IRQHandler
                0x0000000000006e4c                DMA2_Channel4_IRQHandler
                0x0000000000006e4e                DMA2_Channel5_IRQHandler
                0x0000000000006e50                ETH_IRQHandler
                0x0000000000006e52                ETH_WKUP_IRQHandler
                0x0000000000006e54                CAN2_TX_IRQHandler
                0x0000000000006e56                CAN2_RX0_IRQHandler
                0x0000000000006e58                CAN2_RX1_IRQHandler
                0x0000000000006e5a                CAN2_SCE_IRQHandler
                0x0000000000006e5e                USBHSWakeup_IRQHandler
                0x0000000000006e60                USBHS_IRQHandler
                0x0000000000006e6a                TIM9_BRK_IRQHandler
                0x0000000000006e6e                TIM9_TRG_COM_IRQHandler
                0x0000000000006e70                TIM9_CC_IRQHandler
                0x0000000000006e72                TIM10_BRK_IRQHandler
                0x0000000000006e76                TIM10_TRG_COM_IRQHandler
                0x0000000000006e78                TIM10_CC_IRQHandler
                0x0000000000006e7a                DMA2_Channel6_IRQHandler
                0x0000000000006e7c                DMA2_Channel7_IRQHandler
                0x0000000000006e7e                DMA2_Channel8_IRQHandler
                0x0000000000006e80                DMA2_Channel9_IRQHandler
                0x0000000000006e82                DMA2_Channel10_IRQHandler
                0x0000000000006e84                DMA2_Channel11_IRQHandler
 .text.handle_reset
                0x0000000000006e86       0x8a ./sdk/Startup/startup_ch32v30x_D8C.o
                0x0000000000006e86                handle_reset
 .text.EXTI_GetITStatus
                0x0000000000006f10       0x56 ./sdk/Peripheral/ch32v30x_exti.o
                0x0000000000006f10                EXTI_GetITStatus
 .text.EXTI_ClearITPendingBit
                0x0000000000006f66       0x20 ./sdk/Peripheral/ch32v30x_exti.o
                0x0000000000006f66                EXTI_ClearITPendingBit
 .text.GPIO_Init
                0x0000000000006f86      0x22a ./sdk/Peripheral/ch32v30x_gpio.o
                0x0000000000006f86                GPIO_Init
 .text.GPIO_WriteBit
                0x00000000000071b0       0x38 ./sdk/Peripheral/ch32v30x_gpio.o
                0x00000000000071b0                GPIO_WriteBit
 .text.GPIO_PinRemapConfig
                0x00000000000071e8      0x1c8 ./sdk/Peripheral/ch32v30x_gpio.o
                0x00000000000071e8                GPIO_PinRemapConfig
 .text.RCC_GetClocksFreq
                0x00000000000073b0      0x2c6 ./sdk/Peripheral/ch32v30x_rcc.o
                0x00000000000073b0                RCC_GetClocksFreq
 .text.RCC_AHBPeriphClockCmd
                0x0000000000007676       0x46 ./sdk/Peripheral/ch32v30x_rcc.o
                0x0000000000007676                RCC_AHBPeriphClockCmd
 .text.RCC_APB2PeriphClockCmd
                0x00000000000076bc       0x46 ./sdk/Peripheral/ch32v30x_rcc.o
                0x00000000000076bc                RCC_APB2PeriphClockCmd
 .text.RCC_APB1PeriphClockCmd
                0x0000000000007702       0x46 ./sdk/Peripheral/ch32v30x_rcc.o
                0x0000000000007702                RCC_APB1PeriphClockCmd
 .text.RCC_APB2PeriphResetCmd
                0x0000000000007748       0x46 ./sdk/Peripheral/ch32v30x_rcc.o
                0x0000000000007748                RCC_APB2PeriphResetCmd
 .text.RCC_APB1PeriphResetCmd
                0x000000000000778e       0x46 ./sdk/Peripheral/ch32v30x_rcc.o
                0x000000000000778e                RCC_APB1PeriphResetCmd
 .text.SPI_I2S_DeInit
                0x00000000000077d4       0x76 ./sdk/Peripheral/ch32v30x_spi.o
                0x00000000000077d4                SPI_I2S_DeInit
 .text.SPI_Init
                0x000000000000784a       0xf8 ./sdk/Peripheral/ch32v30x_spi.o
                0x000000000000784a                SPI_Init
 .text.SPI_Cmd  0x0000000000007942       0x5a ./sdk/Peripheral/ch32v30x_spi.o
                0x0000000000007942                SPI_Cmd
 .text.TIM_TimeBaseInit
                0x000000000000799c      0x17e ./sdk/Peripheral/ch32v30x_tim.o
                0x000000000000799c                TIM_TimeBaseInit
 .text.TIM_OC1Init
                0x0000000000007b1a      0x19c ./sdk/Peripheral/ch32v30x_tim.o
                0x0000000000007b1a                TIM_OC1Init
 .text.TIM_OC2Init
                0x0000000000007cb6      0x1e2 ./sdk/Peripheral/ch32v30x_tim.o
                0x0000000000007cb6                TIM_OC2Init
 .text.TIM_OC3Init
                0x0000000000007e98      0x1dc ./sdk/Peripheral/ch32v30x_tim.o
                0x0000000000007e98                TIM_OC3Init
 .text.TIM_OC4Init
                0x0000000000008074      0x176 ./sdk/Peripheral/ch32v30x_tim.o
                0x0000000000008074                TIM_OC4Init
 .text.TIM_Cmd  0x00000000000081ea       0x58 ./sdk/Peripheral/ch32v30x_tim.o
                0x00000000000081ea                TIM_Cmd
 .text.TIM_CtrlPWMOutputs
                0x0000000000008242       0x60 ./sdk/Peripheral/ch32v30x_tim.o
                0x0000000000008242                TIM_CtrlPWMOutputs
 .text.TIM_ITConfig
                0x00000000000082a2       0x70 ./sdk/Peripheral/ch32v30x_tim.o
                0x00000000000082a2                TIM_ITConfig
 .text.TIM_OC1PreloadConfig
                0x0000000000008312       0x4c ./sdk/Peripheral/ch32v30x_tim.o
                0x0000000000008312                TIM_OC1PreloadConfig
 .text.TIM_OC2PreloadConfig
                0x000000000000835e       0x5a ./sdk/Peripheral/ch32v30x_tim.o
                0x000000000000835e                TIM_OC2PreloadConfig
 .text.TIM_OC3PreloadConfig
                0x00000000000083b8       0x4c ./sdk/Peripheral/ch32v30x_tim.o
                0x00000000000083b8                TIM_OC3PreloadConfig
 .text.TIM_OC4PreloadConfig
                0x0000000000008404       0x5a ./sdk/Peripheral/ch32v30x_tim.o
                0x0000000000008404                TIM_OC4PreloadConfig
 .text.TIM_OC1FastConfig
                0x000000000000845e       0x4c ./sdk/Peripheral/ch32v30x_tim.o
                0x000000000000845e                TIM_OC1FastConfig
 .text.TIM_OC2FastConfig
                0x00000000000084aa       0x56 ./sdk/Peripheral/ch32v30x_tim.o
                0x00000000000084aa                TIM_OC2FastConfig
 .text.TIM_OC3FastConfig
                0x0000000000008500       0x4c ./sdk/Peripheral/ch32v30x_tim.o
                0x0000000000008500                TIM_OC3FastConfig
 .text.TIM_OC4FastConfig
                0x000000000000854c       0x56 ./sdk/Peripheral/ch32v30x_tim.o
                0x000000000000854c                TIM_OC4FastConfig
 .text.TIM_GetITStatus
                0x00000000000085a2       0x70 ./sdk/Peripheral/ch32v30x_tim.o
                0x00000000000085a2                TIM_GetITStatus
 .text.TIM_ClearITPendingBit
                0x0000000000008612       0x2e ./sdk/Peripheral/ch32v30x_tim.o
                0x0000000000008612                TIM_ClearITPendingBit
 .text.USART_Init
                0x0000000000008640      0x234 ./sdk/Peripheral/ch32v30x_usart.o
                0x0000000000008640                USART_Init
 .text.USART_Cmd
                0x0000000000008874       0x60 ./sdk/Peripheral/ch32v30x_usart.o
                0x0000000000008874                USART_Cmd
 .text.USART_ITConfig
                0x00000000000088d4       0xc4 ./sdk/Peripheral/ch32v30x_usart.o
                0x00000000000088d4                USART_ITConfig
 .text.USART_SendData
                0x0000000000008998       0x2e ./sdk/Peripheral/ch32v30x_usart.o
                0x0000000000008998                USART_SendData
 .text.USART_GetFlagStatus
                0x00000000000089c6       0x46 ./sdk/Peripheral/ch32v30x_usart.o
                0x00000000000089c6                USART_GetFlagStatus
 .text.USART_GetITStatus
                0x0000000000008a0c      0x102 ./sdk/Peripheral/ch32v30x_usart.o
                0x0000000000008a0c                USART_GetITStatus
 .text.USART_ClearITPendingBit
                0x0000000000008b0e       0x4e ./sdk/Peripheral/ch32v30x_usart.o
                0x0000000000008b0e                USART_ClearITPendingBit
 .text.DevEP1_IN_Deal
                0x0000000000008b5c       0x3e ./sdk/Peripheral/ch32v30x_usbotg_device.o
                0x0000000000008b5c                DevEP1_IN_Deal
 .text.DevEP2_IN_Deal
                0x0000000000008b9a       0x3e ./sdk/Peripheral/ch32v30x_usbotg_device.o
                0x0000000000008b9a                DevEP2_IN_Deal
 .text.DevEP1_OUT_Deal
                0x0000000000008bd8       0x66 ./sdk/Peripheral/ch32v30x_usbotg_device.o
                0x0000000000008bd8                DevEP1_OUT_Deal
 .text.DevEP2_OUT_Deal
                0x0000000000008c3e       0x66 ./sdk/Peripheral/ch32v30x_usbotg_device.o
                0x0000000000008c3e                DevEP2_OUT_Deal
 .text.OTG_FS_IRQHandler
                0x0000000000008ca4      0xd16 ./sdk/Peripheral/ch32v30x_usbotg_device.o
                0x0000000000008ca4                OTG_FS_IRQHandler
 .text.SetBlack
                0x00000000000099ba       0x9e ./code/SeekLine4.0.o
                0x00000000000099ba                SetBlack
 .text.SeekFirstPointDR
                0x0000000000009a58       0x9e ./code/SeekLine4.0.o
                0x0000000000009a58                SeekFirstPointDR
 .text.SeekFirstPointDL
                0x0000000000009af6       0x9c ./code/SeekLine4.0.o
                0x0000000000009af6                SeekFirstPointDL
 .text.SetLeftLine
                0x0000000000009b92      0x3a4 ./code/SeekLine4.0.o
                0x0000000000009b92                SetLeftLine
 .text.SetRightLine
                0x0000000000009f36      0x3a4 ./code/SeekLine4.0.o
                0x0000000000009f36                SetRightLine
 .text.MidLine_Cal
                0x000000000000a2da      0x1a0 ./code/SeekLine4.0.o
                0x000000000000a2da                MidLine_Cal
 .text.Strait_Detect
                0x000000000000a47a      0x18a ./code/SeekLine4.0.o
                0x000000000000a47a                Strait_Detect
 .text.Cross_Detect
                0x000000000000a604       0x24 ./code/SeekLine4.0.o
                0x000000000000a604                Cross_Detect
 .text.cal_error
                0x000000000000a628      0x170 ./code/SeekLine4.0.o
                0x000000000000a628                cal_error
 .text.Servo_Init
                0x000000000000a798       0x24 ./code/Servo.o
                0x000000000000a798                Servo_Init
 .text.Servo_Set
                0x000000000000a7bc       0x68 ./code/Servo.o
                0x000000000000a7bc                Servo_Set
 .text.ServoPidSetAngle
                0x000000000000a824       0x46 ./code/Servo.o
                0x000000000000a824                ServoPidSetAngle
 .text.JumpInit
                0x000000000000a86a       0xba ./code/cam_preprocess.o
                0x000000000000a86a                JumpInit
 .text.ImageCompression
                0x000000000000a924       0xaa ./code/cam_preprocess.o
                0x000000000000a924                ImageCompression
 .text.Automatic_Threshold
                0x000000000000a9ce      0x208 ./code/cam_preprocess.o
                0x000000000000a9ce                Automatic_Threshold
 .text.GetBinarizedImage
                0x000000000000abd6       0xc0 ./code/cam_preprocess.o
                0x000000000000abd6                GetBinarizedImage
 .text.FillRunVectors
                0x000000000000ac96      0x2ba ./code/cam_preprocess.o
 .text.LabeledConDomain
                0x000000000000af50      0x32c ./code/cam_preprocess.o
 .text.addEquival_next
                0x000000000000b27c      0x146 ./code/cam_preprocess.o
 .text.addEquival_prev
                0x000000000000b3c2       0xec ./code/cam_preprocess.o
 .text.Connected_Domain
                0x000000000000b4ae      0x188 ./code/cam_preprocess.o
                0x000000000000b4ae                Connected_Domain
 .text.CDM_Segment
                0x000000000000b636       0xc4 ./code/cam_preprocess.o
                0x000000000000b636                CDM_Segment
 .text.ImgPreprocess
                0x000000000000b6fa       0x82 ./code/cam_preprocess.o
                0x000000000000b6fa                ImgPreprocess
 .text.Motor_Init
                0x000000000000b77c       0x5a ./code/motor.o
                0x000000000000b77c                Motor_Init
 .text.Motor_Set
                0x000000000000b7d6      0x172 ./code/motor.o
                0x000000000000b7d6                Motor_Set
 .text.PID_init
                0x000000000000b948       0x6e ./code/pid.o
                0x000000000000b948                PID_init
 .text.PID_realize
                0x000000000000b9b6       0xa8 ./code/pid.o
                0x000000000000b9b6                PID_realize
 .text.pow      0x000000000000ba5e      0x324 d:/mounriver/mounriver_studio/toolchain/risc-v embedded gcc/bin/../lib/gcc/riscv-none-embed/8.2.0/../../../../riscv-none-embed/lib/rv32imafc/ilp32f\libm.a(lib_a-w_pow.o)
                0x000000000000ba5e                pow
 .text.__ieee754_pow
                0x000000000000bd82      0xad6 d:/mounriver/mounriver_studio/toolchain/risc-v embedded gcc/bin/../lib/gcc/riscv-none-embed/8.2.0/../../../../riscv-none-embed/lib/rv32imafc/ilp32f\libm.a(lib_a-e_pow.o)
                0x000000000000bd82                __ieee754_pow
 .text.__ieee754_sqrt
                0x000000000000c858      0x1d6 d:/mounriver/mounriver_studio/toolchain/risc-v embedded gcc/bin/../lib/gcc/riscv-none-embed/8.2.0/../../../../riscv-none-embed/lib/rv32imafc/ilp32f\libm.a(lib_a-e_sqrt.o)
                0x000000000000c858                __ieee754_sqrt
 .text.fabs     0x000000000000ca2e        0x6 d:/mounriver/mounriver_studio/toolchain/risc-v embedded gcc/bin/../lib/gcc/riscv-none-embed/8.2.0/../../../../riscv-none-embed/lib/rv32imafc/ilp32f\libm.a(lib_a-s_fabs.o)
                0x000000000000ca2e                fabs
 .text.finite   0x000000000000ca34        0xe d:/mounriver/mounriver_studio/toolchain/risc-v embedded gcc/bin/../lib/gcc/riscv-none-embed/8.2.0/../../../../riscv-none-embed/lib/rv32imafc/ilp32f\libm.a(lib_a-s_finite.o)
                0x000000000000ca34                finite
 .text.matherr  0x000000000000ca42        0x4 d:/mounriver/mounriver_studio/toolchain/risc-v embedded gcc/bin/../lib/gcc/riscv-none-embed/8.2.0/../../../../riscv-none-embed/lib/rv32imafc/ilp32f\libm.a(lib_a-s_matherr.o)
                0x000000000000ca42                matherr
 .text.nan      0x000000000000ca46        0xe d:/mounriver/mounriver_studio/toolchain/risc-v embedded gcc/bin/../lib/gcc/riscv-none-embed/8.2.0/../../../../riscv-none-embed/lib/rv32imafc/ilp32f\libm.a(lib_a-s_nan.o)
                0x000000000000ca46                nan
 .text.rint     0x000000000000ca54      0x18c d:/mounriver/mounriver_studio/toolchain/risc-v embedded gcc/bin/../lib/gcc/riscv-none-embed/8.2.0/../../../../riscv-none-embed/lib/rv32imafc/ilp32f\libm.a(lib_a-s_rint.o)
                0x000000000000ca54                rint
 .text.scalbn   0x000000000000cbe0      0x13e d:/mounriver/mounriver_studio/toolchain/risc-v embedded gcc/bin/../lib/gcc/riscv-none-embed/8.2.0/../../../../riscv-none-embed/lib/rv32imafc/ilp32f\libm.a(lib_a-s_scalbn.o)
                0x000000000000cbe0                scalbn
 .text.copysign
                0x000000000000cd1e       0x16 d:/mounriver/mounriver_studio/toolchain/risc-v embedded gcc/bin/../lib/gcc/riscv-none-embed/8.2.0/../../../../riscv-none-embed/lib/rv32imafc/ilp32f\libm.a(lib_a-s_copysign.o)
                0x000000000000cd1e                copysign
 .text.mt9v03x_write_word_sccb
                0x000000000000cd34       0x34 D:\Resouse\SmartCar\balance car\libraries\zf_device\libzf_device_config.a(zf_device_config.o)
 .text.mt9v03x_set_config_sccb
                0x000000000000cd68      0x602 D:\Resouse\SmartCar\balance car\libraries\zf_device\libzf_device_config.a(zf_device_config.o)
                0x000000000000cd68                mt9v03x_set_config_sccb
 .text.__adddf3
                0x000000000000d36a      0xa0e d:/mounriver/mounriver_studio/toolchain/risc-v embedded gcc/bin/../lib/gcc/riscv-none-embed/8.2.0/rv32imafc/ilp32f\libgcc.a(adddf3.o)
                0x000000000000d36a                __adddf3
 .text.__divdf3
                0x000000000000dd78      0x7ea d:/mounriver/mounriver_studio/toolchain/risc-v embedded gcc/bin/../lib/gcc/riscv-none-embed/8.2.0/rv32imafc/ilp32f\libgcc.a(divdf3.o)
                0x000000000000dd78                __divdf3
 .text.__eqdf2  0x000000000000e562       0x98 d:/mounriver/mounriver_studio/toolchain/risc-v embedded gcc/bin/../lib/gcc/riscv-none-embed/8.2.0/rv32imafc/ilp32f\libgcc.a(eqdf2.o)
                0x000000000000e562                __nedf2
                0x000000000000e562                __eqdf2
 .text.__gedf2  0x000000000000e5fa       0xb6 d:/mounriver/mounriver_studio/toolchain/risc-v embedded gcc/bin/../lib/gcc/riscv-none-embed/8.2.0/rv32imafc/ilp32f\libgcc.a(gedf2.o)
                0x000000000000e5fa                __gedf2
                0x000000000000e5fa                __gtdf2
 .text.__ledf2  0x000000000000e6b0       0xb6 d:/mounriver/mounriver_studio/toolchain/risc-v embedded gcc/bin/../lib/gcc/riscv-none-embed/8.2.0/rv32imafc/ilp32f\libgcc.a(ledf2.o)
                0x000000000000e6b0                __ledf2
                0x000000000000e6b0                __ltdf2
 .text.__muldf3
                0x000000000000e766      0x656 d:/mounriver/mounriver_studio/toolchain/risc-v embedded gcc/bin/../lib/gcc/riscv-none-embed/8.2.0/rv32imafc/ilp32f\libgcc.a(muldf3.o)
                0x000000000000e766                __muldf3
 .text.__subdf3
                0x000000000000edbc      0xa8c d:/mounriver/mounriver_studio/toolchain/risc-v embedded gcc/bin/../lib/gcc/riscv-none-embed/8.2.0/rv32imafc/ilp32f\libgcc.a(subdf3.o)
                0x000000000000edbc                __subdf3
 .text.__unorddf2
                0x000000000000f848       0x7c d:/mounriver/mounriver_studio/toolchain/risc-v embedded gcc/bin/../lib/gcc/riscv-none-embed/8.2.0/rv32imafc/ilp32f\libgcc.a(unorddf2.o)
                0x000000000000f848                __unorddf2
 .text.__fixdfsi
                0x000000000000f8c4       0xd8 d:/mounriver/mounriver_studio/toolchain/risc-v embedded gcc/bin/../lib/gcc/riscv-none-embed/8.2.0/rv32imafc/ilp32f\libgcc.a(fixdfsi.o)
                0x000000000000f8c4                __fixdfsi
 .text.__fixunsdfsi
                0x000000000000f99c       0x9e d:/mounriver/mounriver_studio/toolchain/risc-v embedded gcc/bin/../lib/gcc/riscv-none-embed/8.2.0/rv32imafc/ilp32f\libgcc.a(fixunsdfsi.o)
                0x000000000000f99c                __fixunsdfsi
 .text.__floatsidf
                0x000000000000fa3a       0x70 d:/mounriver/mounriver_studio/toolchain/risc-v embedded gcc/bin/../lib/gcc/riscv-none-embed/8.2.0/rv32imafc/ilp32f\libgcc.a(floatsidf.o)
                0x000000000000fa3a                __floatsidf
 .text.__floatunsidf
                0x000000000000faaa       0x66 d:/mounriver/mounriver_studio/toolchain/risc-v embedded gcc/bin/../lib/gcc/riscv-none-embed/8.2.0/rv32imafc/ilp32f\libgcc.a(floatunsidf.o)
                0x000000000000faaa                __floatunsidf
 .text.__extendsfdf2
                0x000000000000fb10       0xe8 d:/mounriver/mounriver_studio/toolchain/risc-v embedded gcc/bin/../lib/gcc/riscv-none-embed/8.2.0/rv32imafc/ilp32f\libgcc.a(extendsfdf2.o)
                0x000000000000fb10                __extendsfdf2
 .text.__clzsi2
                0x000000000000fbf8       0x76 d:/mounriver/mounriver_studio/toolchain/risc-v embedded gcc/bin/../lib/gcc/riscv-none-embed/8.2.0/rv32imafc/ilp32f\libgcc.a(_clzsi2.o)
                0x000000000000fbf8                __clzsi2
 .text.__errno  0x000000000000fc6e        0x8 d:/mounriver/mounriver_studio/toolchain/risc-v embedded gcc/bin/../lib/gcc/riscv-none-embed/8.2.0/../../../../riscv-none-embed/lib/rv32imafc/ilp32f\libg_nano.a(lib_a-errno.o)
                0x000000000000fc6e                __errno
 .text.memcpy   0x000000000000fc76       0xb6 d:/mounriver/mounriver_studio/toolchain/risc-v embedded gcc/bin/../lib/gcc/riscv-none-embed/8.2.0/../../../../riscv-none-embed/lib/rv32imafc/ilp32f\libg_nano.a(lib_a-memcpy.o)
                0x000000000000fc76                memcpy
 .text.__cvt    0x000000000000fd2c       0xee d:/mounriver/mounriver_studio/toolchain/risc-v embedded gcc/bin/../lib/gcc/riscv-none-embed/8.2.0/../../../../riscv-none-embed/lib/rv32imafc/ilp32f\libg_nano.a(lib_a-nano-vfprintf_float.o)
                0x000000000000fd2c                __cvt
 .text.__exponent
                0x000000000000fe1a       0x8c d:/mounriver/mounriver_studio/toolchain/risc-v embedded gcc/bin/../lib/gcc/riscv-none-embed/8.2.0/../../../../riscv-none-embed/lib/rv32imafc/ilp32f\libg_nano.a(lib_a-nano-vfprintf_float.o)
                0x000000000000fe1a                __exponent
 .text._printf_float
                0x000000000000fea6      0x4c4 d:/mounriver/mounriver_studio/toolchain/risc-v embedded gcc/bin/../lib/gcc/riscv-none-embed/8.2.0/../../../../riscv-none-embed/lib/rv32imafc/ilp32f\libg_nano.a(lib_a-nano-vfprintf_float.o)
                0x000000000000fea6                _printf_float
 .text._printf_common
                0x000000000001036a      0x10c d:/mounriver/mounriver_studio/toolchain/risc-v embedded gcc/bin/../lib/gcc/riscv-none-embed/8.2.0/../../../../riscv-none-embed/lib/rv32imafc/ilp32f\libg_nano.a(lib_a-nano-vfprintf_i.o)
                0x000000000001036a                _printf_common
 .text._printf_i
                0x0000000000010476      0x2ac d:/mounriver/mounriver_studio/toolchain/risc-v embedded gcc/bin/../lib/gcc/riscv-none-embed/8.2.0/../../../../riscv-none-embed/lib/rv32imafc/ilp32f\libg_nano.a(lib_a-nano-vfprintf_i.o)
                0x0000000000010476                _printf_i
 .text.printf   0x0000000000010722       0x42 d:/mounriver/mounriver_studio/toolchain/risc-v embedded gcc/bin/../lib/gcc/riscv-none-embed/8.2.0/../../../../riscv-none-embed/lib/rv32imafc/ilp32f\libg_nano.a(lib_a-printf.o)
                0x0000000000010722                iprintf
                0x0000000000010722                printf
 .text.sprintf  0x0000000000010764       0x46 d:/mounriver/mounriver_studio/toolchain/risc-v embedded gcc/bin/../lib/gcc/riscv-none-embed/8.2.0/../../../../riscv-none-embed/lib/rv32imafc/ilp32f\libg_nano.a(lib_a-sprintf.o)
                0x0000000000010764                siprintf
                0x0000000000010764                sprintf
 .text.strlen   0x00000000000107aa       0x12 d:/mounriver/mounriver_studio/toolchain/risc-v embedded gcc/bin/../lib/gcc/riscv-none-embed/8.2.0/../../../../riscv-none-embed/lib/rv32imafc/ilp32f\libg_nano.a(lib_a-strlen.o)
                0x00000000000107aa                strlen
 .text.strncmp  0x00000000000107bc       0x2c d:/mounriver/mounriver_studio/toolchain/risc-v embedded gcc/bin/../lib/gcc/riscv-none-embed/8.2.0/../../../../riscv-none-embed/lib/rv32imafc/ilp32f\libg_nano.a(lib_a-strncmp.o)
                0x00000000000107bc                strncmp
 .text.quorem   0x00000000000107e8      0x13a d:/mounriver/mounriver_studio/toolchain/risc-v embedded gcc/bin/../lib/gcc/riscv-none-embed/8.2.0/../../../../riscv-none-embed/lib/rv32imafc/ilp32f\libg_nano.a(lib_a-dtoa.o)
 .text._dtoa_r  0x0000000000010922      0xbea d:/mounriver/mounriver_studio/toolchain/risc-v embedded gcc/bin/../lib/gcc/riscv-none-embed/8.2.0/../../../../riscv-none-embed/lib/rv32imafc/ilp32f\libg_nano.a(lib_a-dtoa.o)
                0x0000000000010922                _dtoa_r
 .text.std      0x000000000001150c       0x6a d:/mounriver/mounriver_studio/toolchain/risc-v embedded gcc/bin/../lib/gcc/riscv-none-embed/8.2.0/../../../../riscv-none-embed/lib/rv32imafc/ilp32f\libg_nano.a(lib_a-findfp.o)
 .text._cleanup_r
                0x0000000000011576        0xa d:/mounriver/mounriver_studio/toolchain/risc-v embedded gcc/bin/../lib/gcc/riscv-none-embed/8.2.0/../../../../riscv-none-embed/lib/rv32imafc/ilp32f\libg_nano.a(lib_a-findfp.o)
                0x0000000000011576                _cleanup_r
 .text.__sfmoreglue
                0x0000000000011580       0x48 d:/mounriver/mounriver_studio/toolchain/risc-v embedded gcc/bin/../lib/gcc/riscv-none-embed/8.2.0/../../../../riscv-none-embed/lib/rv32imafc/ilp32f\libg_nano.a(lib_a-findfp.o)
                0x0000000000011580                __sfmoreglue
 .text.__sinit  0x00000000000115c8       0x6c d:/mounriver/mounriver_studio/toolchain/risc-v embedded gcc/bin/../lib/gcc/riscv-none-embed/8.2.0/../../../../riscv-none-embed/lib/rv32imafc/ilp32f\libg_nano.a(lib_a-findfp.o)
                0x00000000000115c8                __sinit
 .text.__sfp    0x0000000000011634       0xa0 d:/mounriver/mounriver_studio/toolchain/risc-v embedded gcc/bin/../lib/gcc/riscv-none-embed/8.2.0/../../../../riscv-none-embed/lib/rv32imafc/ilp32f\libg_nano.a(lib_a-findfp.o)
                0x0000000000011634                __sfp
 .text._fwalk_reent
                0x00000000000116d4       0x6c d:/mounriver/mounriver_studio/toolchain/risc-v embedded gcc/bin/../lib/gcc/riscv-none-embed/8.2.0/../../../../riscv-none-embed/lib/rv32imafc/ilp32f\libg_nano.a(lib_a-fwalk.o)
                0x00000000000116d4                _fwalk_reent
 .text._localeconv_r
                0x0000000000011740       0x18 d:/mounriver/mounriver_studio/toolchain/risc-v embedded gcc/bin/../lib/gcc/riscv-none-embed/8.2.0/../../../../riscv-none-embed/lib/rv32imafc/ilp32f\libg_nano.a(lib_a-localeconv.o)
                0x0000000000011740                _localeconv_r
 .text.malloc   0x0000000000011758        0xc d:/mounriver/mounriver_studio/toolchain/risc-v embedded gcc/bin/../lib/gcc/riscv-none-embed/8.2.0/../../../../riscv-none-embed/lib/rv32imafc/ilp32f\libg_nano.a(lib_a-malloc.o)
                0x0000000000011758                malloc
 .text.memchr   0x0000000000011764       0x1a d:/mounriver/mounriver_studio/toolchain/risc-v embedded gcc/bin/../lib/gcc/riscv-none-embed/8.2.0/../../../../riscv-none-embed/lib/rv32imafc/ilp32f\libg_nano.a(lib_a-memchr.o)
                0x0000000000011764                memchr
 .text._Balloc  0x000000000001177e       0x88 d:/mounriver/mounriver_studio/toolchain/risc-v embedded gcc/bin/../lib/gcc/riscv-none-embed/8.2.0/../../../../riscv-none-embed/lib/rv32imafc/ilp32f\libg_nano.a(lib_a-mprec.o)
                0x000000000001177e                _Balloc
 .text._Bfree   0x0000000000011806       0x44 d:/mounriver/mounriver_studio/toolchain/risc-v embedded gcc/bin/../lib/gcc/riscv-none-embed/8.2.0/../../../../riscv-none-embed/lib/rv32imafc/ilp32f\libg_nano.a(lib_a-mprec.o)
                0x0000000000011806                _Bfree
 .text.__multadd
                0x000000000001184a       0x98 d:/mounriver/mounriver_studio/toolchain/risc-v embedded gcc/bin/../lib/gcc/riscv-none-embed/8.2.0/../../../../riscv-none-embed/lib/rv32imafc/ilp32f\libg_nano.a(lib_a-mprec.o)
                0x000000000001184a                __multadd
 .text.__hi0bits
                0x00000000000118e2       0x46 d:/mounriver/mounriver_studio/toolchain/risc-v embedded gcc/bin/../lib/gcc/riscv-none-embed/8.2.0/../../../../riscv-none-embed/lib/rv32imafc/ilp32f\libg_nano.a(lib_a-mprec.o)
                0x00000000000118e2                __hi0bits
 .text.__lo0bits
                0x0000000000011928       0x6a d:/mounriver/mounriver_studio/toolchain/risc-v embedded gcc/bin/../lib/gcc/riscv-none-embed/8.2.0/../../../../riscv-none-embed/lib/rv32imafc/ilp32f\libg_nano.a(lib_a-mprec.o)
                0x0000000000011928                __lo0bits
 .text.__i2b    0x0000000000011992       0x1c d:/mounriver/mounriver_studio/toolchain/risc-v embedded gcc/bin/../lib/gcc/riscv-none-embed/8.2.0/../../../../riscv-none-embed/lib/rv32imafc/ilp32f\libg_nano.a(lib_a-mprec.o)
                0x0000000000011992                __i2b
 .text.__multiply
                0x00000000000119ae      0x144 d:/mounriver/mounriver_studio/toolchain/risc-v embedded gcc/bin/../lib/gcc/riscv-none-embed/8.2.0/../../../../riscv-none-embed/lib/rv32imafc/ilp32f\libg_nano.a(lib_a-mprec.o)
                0x00000000000119ae                __multiply
 .text.__pow5mult
                0x0000000000011af2       0xbe d:/mounriver/mounriver_studio/toolchain/risc-v embedded gcc/bin/../lib/gcc/riscv-none-embed/8.2.0/../../../../riscv-none-embed/lib/rv32imafc/ilp32f\libg_nano.a(lib_a-mprec.o)
                0x0000000000011af2                __pow5mult
 .text.__lshift
                0x0000000000011bb0       0xce d:/mounriver/mounriver_studio/toolchain/risc-v embedded gcc/bin/../lib/gcc/riscv-none-embed/8.2.0/../../../../riscv-none-embed/lib/rv32imafc/ilp32f\libg_nano.a(lib_a-mprec.o)
                0x0000000000011bb0                __lshift
 .text.__mcmp   0x0000000000011c7e       0x32 d:/mounriver/mounriver_studio/toolchain/risc-v embedded gcc/bin/../lib/gcc/riscv-none-embed/8.2.0/../../../../riscv-none-embed/lib/rv32imafc/ilp32f\libg_nano.a(lib_a-mprec.o)
                0x0000000000011c7e                __mcmp
 .text.__mdiff  0x0000000000011cb0       0xf2 d:/mounriver/mounriver_studio/toolchain/risc-v embedded gcc/bin/../lib/gcc/riscv-none-embed/8.2.0/../../../../riscv-none-embed/lib/rv32imafc/ilp32f\libg_nano.a(lib_a-mprec.o)
                0x0000000000011cb0                __mdiff
 .text.__d2b    0x0000000000011da2       0xd4 d:/mounriver/mounriver_studio/toolchain/risc-v embedded gcc/bin/../lib/gcc/riscv-none-embed/8.2.0/../../../../riscv-none-embed/lib/rv32imafc/ilp32f\libg_nano.a(lib_a-mprec.o)
                0x0000000000011da2                __d2b
 .text._calloc_r
                0x0000000000011e76       0x26 d:/mounriver/mounriver_studio/toolchain/risc-v embedded gcc/bin/../lib/gcc/riscv-none-embed/8.2.0/../../../../riscv-none-embed/lib/rv32imafc/ilp32f\libg_nano.a(lib_a-nano-callocr.o)
                0x0000000000011e76                _calloc_r
 .text._free_r  0x0000000000011e9c       0xa8 d:/mounriver/mounriver_studio/toolchain/risc-v embedded gcc/bin/../lib/gcc/riscv-none-embed/8.2.0/../../../../riscv-none-embed/lib/rv32imafc/ilp32f\libg_nano.a(lib_a-nano-freer.o)
                0x0000000000011e9c                _free_r
 .text._malloc_r
                0x0000000000011f44       0xd4 d:/mounriver/mounriver_studio/toolchain/risc-v embedded gcc/bin/../lib/gcc/riscv-none-embed/8.2.0/../../../../riscv-none-embed/lib/rv32imafc/ilp32f\libg_nano.a(lib_a-nano-mallocr.o)
                0x0000000000011f44                _malloc_r
 .text.__ssputs_r
                0x0000000000012018       0xee d:/mounriver/mounriver_studio/toolchain/risc-v embedded gcc/bin/../lib/gcc/riscv-none-embed/8.2.0/../../../../riscv-none-embed/lib/rv32imafc/ilp32f\libg_nano.a(lib_a-nano-svfprintf.o)
                0x0000000000012018                __ssputs_r
 .text._svfprintf_r
                0x0000000000012106      0x27e d:/mounriver/mounriver_studio/toolchain/risc-v embedded gcc/bin/../lib/gcc/riscv-none-embed/8.2.0/../../../../riscv-none-embed/lib/rv32imafc/ilp32f\libg_nano.a(lib_a-nano-svfprintf.o)
                0x0000000000012106                _svfiprintf_r
                0x0000000000012106                _svfprintf_r
 .text.__sfputc_r
                0x0000000000012384       0x28 d:/mounriver/mounriver_studio/toolchain/risc-v embedded gcc/bin/../lib/gcc/riscv-none-embed/8.2.0/../../../../riscv-none-embed/lib/rv32imafc/ilp32f\libg_nano.a(lib_a-nano-vfprintf.o)
 .text.__sfputs_r
                0x00000000000123ac       0x44 d:/mounriver/mounriver_studio/toolchain/risc-v embedded gcc/bin/../lib/gcc/riscv-none-embed/8.2.0/../../../../riscv-none-embed/lib/rv32imafc/ilp32f\libg_nano.a(lib_a-nano-vfprintf.o)
                0x00000000000123ac                __sfputs_r
 .text._vfprintf_r
                0x00000000000123f0      0x29e d:/mounriver/mounriver_studio/toolchain/risc-v embedded gcc/bin/../lib/gcc/riscv-none-embed/8.2.0/../../../../riscv-none-embed/lib/rv32imafc/ilp32f\libg_nano.a(lib_a-nano-vfprintf.o)
                0x00000000000123f0                _vfprintf_r
                0x00000000000123f0                _vfiprintf_r
 .text._sbrk_r  0x000000000001268e       0x32 d:/mounriver/mounriver_studio/toolchain/risc-v embedded gcc/bin/../lib/gcc/riscv-none-embed/8.2.0/../../../../riscv-none-embed/lib/rv32imafc/ilp32f\libg_nano.a(lib_a-sbrkr.o)
                0x000000000001268e                _sbrk_r
 .text.__sread  0x00000000000126c0       0x30 d:/mounriver/mounriver_studio/toolchain/risc-v embedded gcc/bin/../lib/gcc/riscv-none-embed/8.2.0/../../../../riscv-none-embed/lib/rv32imafc/ilp32f\libg_nano.a(lib_a-stdio.o)
                0x00000000000126c0                __sread
 .text.__swrite
                0x00000000000126f0       0x4e d:/mounriver/mounriver_studio/toolchain/risc-v embedded gcc/bin/../lib/gcc/riscv-none-embed/8.2.0/../../../../riscv-none-embed/lib/rv32imafc/ilp32f\libg_nano.a(lib_a-stdio.o)
                0x00000000000126f0                __swrite
 .text.__sseek  0x000000000001273e       0x36 d:/mounriver/mounriver_studio/toolchain/risc-v embedded gcc/bin/../lib/gcc/riscv-none-embed/8.2.0/../../../../riscv-none-embed/lib/rv32imafc/ilp32f\libg_nano.a(lib_a-stdio.o)
                0x000000000001273e                __sseek
 .text.__sclose
                0x0000000000012774        0x6 d:/mounriver/mounriver_studio/toolchain/risc-v embedded gcc/bin/../lib/gcc/riscv-none-embed/8.2.0/../../../../riscv-none-embed/lib/rv32imafc/ilp32f\libg_nano.a(lib_a-stdio.o)
                0x0000000000012774                __sclose
 .text.__swbuf_r
                0x000000000001277a       0xc2 d:/mounriver/mounriver_studio/toolchain/risc-v embedded gcc/bin/../lib/gcc/riscv-none-embed/8.2.0/../../../../riscv-none-embed/lib/rv32imafc/ilp32f\libg_nano.a(lib_a-wbuf.o)
                0x000000000001277a                __swbuf_r
 .text._write_r
                0x000000000001283c       0x36 d:/mounriver/mounriver_studio/toolchain/risc-v embedded gcc/bin/../lib/gcc/riscv-none-embed/8.2.0/../../../../riscv-none-embed/lib/rv32imafc/ilp32f\libg_nano.a(lib_a-writer.o)
                0x000000000001283c                _write_r
 .text.__swsetup_r
                0x0000000000012872      0x110 d:/mounriver/mounriver_studio/toolchain/risc-v embedded gcc/bin/../lib/gcc/riscv-none-embed/8.2.0/../../../../riscv-none-embed/lib/rv32imafc/ilp32f\libg_nano.a(lib_a-wsetup.o)
                0x0000000000012872                __swsetup_r
 .text._close_r
                0x0000000000012982       0x32 d:/mounriver/mounriver_studio/toolchain/risc-v embedded gcc/bin/../lib/gcc/riscv-none-embed/8.2.0/../../../../riscv-none-embed/lib/rv32imafc/ilp32f\libg_nano.a(lib_a-closer.o)
                0x0000000000012982                _close_r
 .text.__sflush_r
                0x00000000000129b4      0x13e d:/mounriver/mounriver_studio/toolchain/risc-v embedded gcc/bin/../lib/gcc/riscv-none-embed/8.2.0/../../../../riscv-none-embed/lib/rv32imafc/ilp32f\libg_nano.a(lib_a-fflush.o)
                0x00000000000129b4                __sflush_r
 .text._fflush_r
                0x0000000000012af2       0x68 d:/mounriver/mounriver_studio/toolchain/risc-v embedded gcc/bin/../lib/gcc/riscv-none-embed/8.2.0/../../../../riscv-none-embed/lib/rv32imafc/ilp32f\libg_nano.a(lib_a-fflush.o)
                0x0000000000012af2                _fflush_r
 .text._lseek_r
                0x0000000000012b5a       0x34 d:/mounriver/mounriver_studio/toolchain/risc-v embedded gcc/bin/../lib/gcc/riscv-none-embed/8.2.0/../../../../riscv-none-embed/lib/rv32imafc/ilp32f\libg_nano.a(lib_a-lseekr.o)
                0x0000000000012b5a                _lseek_r
 .text.__swhatbuf_r
                0x0000000000012b8e       0x58 d:/mounriver/mounriver_studio/toolchain/risc-v embedded gcc/bin/../lib/gcc/riscv-none-embed/8.2.0/../../../../riscv-none-embed/lib/rv32imafc/ilp32f\libg_nano.a(lib_a-makebuf.o)
                0x0000000000012b8e                __swhatbuf_r
 .text.__smakebuf_r
                0x0000000000012be6       0xa0 d:/mounriver/mounriver_studio/toolchain/risc-v embedded gcc/bin/../lib/gcc/riscv-none-embed/8.2.0/../../../../riscv-none-embed/lib/rv32imafc/ilp32f\libg_nano.a(lib_a-makebuf.o)
                0x0000000000012be6                __smakebuf_r
 .text.__ascii_mbtowc
                0x0000000000012c86       0x3a d:/mounriver/mounriver_studio/toolchain/risc-v embedded gcc/bin/../lib/gcc/riscv-none-embed/8.2.0/../../../../riscv-none-embed/lib/rv32imafc/ilp32f\libg_nano.a(lib_a-mbtowc_r.o)
                0x0000000000012c86                __ascii_mbtowc
 .text.memmove  0x0000000000012cc0       0x4a d:/mounriver/mounriver_studio/toolchain/risc-v embedded gcc/bin/../lib/gcc/riscv-none-embed/8.2.0/../../../../riscv-none-embed/lib/rv32imafc/ilp32f\libg_nano.a(lib_a-memmove.o)
                0x0000000000012cc0                memmove
 .text.__malloc_lock
                0x0000000000012d0a        0x2 d:/mounriver/mounriver_studio/toolchain/risc-v embedded gcc/bin/../lib/gcc/riscv-none-embed/8.2.0/../../../../riscv-none-embed/lib/rv32imafc/ilp32f\libg_nano.a(lib_a-mlock.o)
                0x0000000000012d0a                __malloc_lock
 .text.__malloc_unlock
                0x0000000000012d0c        0x2 d:/mounriver/mounriver_studio/toolchain/risc-v embedded gcc/bin/../lib/gcc/riscv-none-embed/8.2.0/../../../../riscv-none-embed/lib/rv32imafc/ilp32f\libg_nano.a(lib_a-mlock.o)
                0x0000000000012d0c                __malloc_unlock
 .text._realloc_r
                0x0000000000012d0e       0x58 d:/mounriver/mounriver_studio/toolchain/risc-v embedded gcc/bin/../lib/gcc/riscv-none-embed/8.2.0/../../../../riscv-none-embed/lib/rv32imafc/ilp32f\libg_nano.a(lib_a-nano-reallocr.o)
                0x0000000000012d0e                _realloc_r
 .text._read_r  0x0000000000012d66       0x34 d:/mounriver/mounriver_studio/toolchain/risc-v embedded gcc/bin/../lib/gcc/riscv-none-embed/8.2.0/../../../../riscv-none-embed/lib/rv32imafc/ilp32f\libg_nano.a(lib_a-readr.o)
                0x0000000000012d66                _read_r
 .text.__ascii_wctomb
                0x0000000000012d9a       0x20 d:/mounriver/mounriver_studio/toolchain/risc-v embedded gcc/bin/../lib/gcc/riscv-none-embed/8.2.0/../../../../riscv-none-embed/lib/rv32imafc/ilp32f\libg_nano.a(lib_a-wctomb_r.o)
                0x0000000000012d9a                __ascii_wctomb
 .text._fstat_r
                0x0000000000012dba       0x32 d:/mounriver/mounriver_studio/toolchain/risc-v embedded gcc/bin/../lib/gcc/riscv-none-embed/8.2.0/../../../../riscv-none-embed/lib/rv32imafc/ilp32f\libg_nano.a(lib_a-fstatr.o)
                0x0000000000012dba                _fstat_r
 .text._isatty_r
                0x0000000000012dec       0x30 d:/mounriver/mounriver_studio/toolchain/risc-v embedded gcc/bin/../lib/gcc/riscv-none-embed/8.2.0/../../../../riscv-none-embed/lib/rv32imafc/ilp32f\libg_nano.a(lib_a-isattyr.o)
                0x0000000000012dec                _isatty_r
 .text._malloc_usable_size_r
                0x0000000000012e1c       0x14 d:/mounriver/mounriver_studio/toolchain/risc-v embedded gcc/bin/../lib/gcc/riscv-none-embed/8.2.0/../../../../riscv-none-embed/lib/rv32imafc/ilp32f\libg_nano.a(lib_a-nano-msizer.o)
                0x0000000000012e1c                _malloc_usable_size_r
 .text.__trunctfdf2
                0x0000000000012e30      0x3d0 d:/mounriver/mounriver_studio/toolchain/risc-v embedded gcc/bin/../lib/gcc/riscv-none-embed/8.2.0/rv32imafc/ilp32f\libgcc.a(trunctfdf2.o)
                0x0000000000012e30                __trunctfdf2
 .text._close   0x0000000000013200       0x10 d:/mounriver/mounriver_studio/toolchain/risc-v embedded gcc/bin/../lib/gcc/riscv-none-embed/8.2.0/../../../../riscv-none-embed/lib/rv32imafc/ilp32f\libnosys.a(close.o)
                0x0000000000013200                _close
 .text._fstat   0x0000000000013210       0x10 d:/mounriver/mounriver_studio/toolchain/risc-v embedded gcc/bin/../lib/gcc/riscv-none-embed/8.2.0/../../../../riscv-none-embed/lib/rv32imafc/ilp32f\libnosys.a(fstat.o)
                0x0000000000013210                _fstat
 .text._isatty  0x0000000000013220       0x10 d:/mounriver/mounriver_studio/toolchain/risc-v embedded gcc/bin/../lib/gcc/riscv-none-embed/8.2.0/../../../../riscv-none-embed/lib/rv32imafc/ilp32f\libnosys.a(isatty.o)
                0x0000000000013220                _isatty
 .text._lseek   0x0000000000013230       0x10 d:/mounriver/mounriver_studio/toolchain/risc-v embedded gcc/bin/../lib/gcc/riscv-none-embed/8.2.0/../../../../riscv-none-embed/lib/rv32imafc/ilp32f\libnosys.a(lseek.o)
                0x0000000000013230                _lseek
 .text._read    0x0000000000013240       0x10 d:/mounriver/mounriver_studio/toolchain/risc-v embedded gcc/bin/../lib/gcc/riscv-none-embed/8.2.0/../../../../riscv-none-embed/lib/rv32imafc/ilp32f\libnosys.a(read.o)
                0x0000000000013240                _read
 .text._sbrk    0x0000000000013250       0x24 d:/mounriver/mounriver_studio/toolchain/risc-v embedded gcc/bin/../lib/gcc/riscv-none-embed/8.2.0/../../../../riscv-none-embed/lib/rv32imafc/ilp32f\libnosys.a(sbrk.o)
                0x0000000000013250                _sbrk
 *(.rodata)
 .rodata        0x0000000000013274       0x6c ./zf_driver/zf_driver_pit.o
 .rodata        0x00000000000132e0       0x44 ./zf_driver/zf_driver_pwm.o
 .rodata        0x0000000000013324       0x49 ./zf_driver/zf_driver_soft_iic.o
 *fill*         0x000000000001336d        0x3 
 .rodata        0x0000000000013370       0x44 ./zf_driver/zf_driver_spi.o
 .rodata        0x00000000000133b4       0x45 ./zf_driver/zf_driver_uart.o
 *fill*         0x00000000000133f9        0x7 
 .rodata        0x0000000000013400        0x8 ./zf_device/zf_device_dm1xa.o
 .rodata        0x0000000000013408       0xf0 ./zf_device/zf_device_gps_tau1201.o
 .rodata        0x00000000000134f8       0x82 ./zf_device/zf_device_mt9v03x_dvp.o
 *fill*         0x000000000001357a        0x6 
 .rodata        0x0000000000013580       0x58 ./zf_device/zf_device_tft180.o
 .rodata        0x00000000000135d8       0x78 ./zf_common/zf_common_debug.o
 .rodata        0x0000000000013650       0x45 ./zf_common/zf_common_fifo.o
 *fill*         0x0000000000013695        0x3 
 .rodata        0x0000000000013698       0x88 ./zf_common/zf_common_function.o
 .rodata        0x0000000000013720       0x41 ./sdk/Peripheral/ch32v30x_usbotg_device.o
 *fill*         0x0000000000013761        0x7 
 .rodata        0x0000000000013768       0x14 ./code/SeekLine4.0.o
 .rodata        0x000000000001377c        0xc ./code/Servo.o
 .rodata        0x0000000000013788       0x10 ./code/cam_preprocess.o
 .rodata        0x0000000000013798        0x4 ./code/pid.o
 *(.rodata*)
 .rodata.pit_init
                0x000000000001379c       0x28 ./zf_driver/zf_driver_pit.o
 .rodata.pwm_set_duty
                0x00000000000137c4       0x28 ./zf_driver/zf_driver_pwm.o
 .rodata.pwm_init
                0x00000000000137ec       0x28 ./zf_driver/zf_driver_pwm.o
 .rodata.spi_index
                0x0000000000013814        0xc ./zf_driver/zf_driver_spi.o
                0x0000000000013814                spi_index
 .rodata.timer_get
                0x0000000000013820       0x28 ./zf_driver/zf_driver_timer.o
 .rodata.timer_clear
                0x0000000000013848       0x28 ./zf_driver/zf_driver_timer.o
 .rodata.uart_index
                0x0000000000013870       0x20 ./zf_driver/zf_driver_uart.o
                0x0000000000013870                uart_index
 .rodata.ascii_font_8x16
                0x0000000000013890      0x5f0 ./zf_common/zf_common_font.o
                0x0000000000013890                ascii_font_8x16
 .rodata.ascii_font_6x8
                0x0000000000013e80      0x228 ./zf_common/zf_common_font.o
                0x0000000000013e80                ascii_font_6x8
 .rodata.MyDevDescrHD
                0x00000000000140a8       0x12 ./sdk/Peripheral/ch32v30x_usbotg_device.o
                0x00000000000140a8                MyDevDescrHD
 *fill*         0x00000000000140ba        0x2 
 .rodata.MyCfgDescrHD
                0x00000000000140bc       0x43 ./sdk/Peripheral/ch32v30x_usbotg_device.o
                0x00000000000140bc                MyCfgDescrHD
 *fill*         0x00000000000140ff        0x1 
 .rodata.MyReportDescHD
                0x0000000000014100       0x14 ./sdk/Peripheral/ch32v30x_usbotg_device.o
                0x0000000000014100                MyReportDescHD
 .rodata.MyManuInfoHD
                0x0000000000014114        0xe ./sdk/Peripheral/ch32v30x_usbotg_device.o
                0x0000000000014114                MyManuInfoHD
 *fill*         0x0000000000014122        0x2 
 .rodata.MyProdInfoHD
                0x0000000000014124        0xc ./sdk/Peripheral/ch32v30x_usbotg_device.o
                0x0000000000014124                MyProdInfoHD
 .rodata.MySerNumInfoHD
                0x0000000000014130       0x16 ./sdk/Peripheral/ch32v30x_usbotg_device.o
                0x0000000000014130                MySerNumInfoHD
 *fill*         0x0000000000014146        0x2 
 .rodata.MyUSBQUADescHD
                0x0000000000014148        0xa ./sdk/Peripheral/ch32v30x_usbotg_device.o
                0x0000000000014148                MyUSBQUADescHD
 *fill*         0x0000000000014152        0x2 
 .rodata.OTG_FS_IRQHandler
                0x0000000000014154       0xbc ./sdk/Peripheral/ch32v30x_usbotg_device.o
 .rodata.SetLeftLine
                0x0000000000014210       0x20 ./code/SeekLine4.0.o
 .rodata.SetRightLine
                0x0000000000014230       0x20 ./code/SeekLine4.0.o
 .rodata.pow.cst8
                0x0000000000014250       0x30 d:/mounriver/mounriver_studio/toolchain/risc-v embedded gcc/bin/../lib/gcc/riscv-none-embed/8.2.0/../../../../riscv-none-embed/lib/rv32imafc/ilp32f\libm.a(lib_a-w_pow.o)
 .rodata.pow.str1.4
                0x0000000000014280        0x4 d:/mounriver/mounriver_studio/toolchain/risc-v embedded gcc/bin/../lib/gcc/riscv-none-embed/8.2.0/../../../../riscv-none-embed/lib/rv32imafc/ilp32f\libm.a(lib_a-w_pow.o)
 *fill*         0x0000000000014284        0x4 
 .rodata.__ieee754_pow.cst8
                0x0000000000014288      0x100 d:/mounriver/mounriver_studio/toolchain/risc-v embedded gcc/bin/../lib/gcc/riscv-none-embed/8.2.0/../../../../riscv-none-embed/lib/rv32imafc/ilp32f\libm.a(lib_a-e_pow.o)
                                        0x110 (size before relaxing)
 .rodata.__ieee754_pow.str1.4
                0x0000000000014388        0x4 d:/mounriver/mounriver_studio/toolchain/risc-v embedded gcc/bin/../lib/gcc/riscv-none-embed/8.2.0/../../../../riscv-none-embed/lib/rv32imafc/ilp32f\libm.a(lib_a-e_pow.o)
                                          0x1 (size before relaxing)
 .rodata.nan.cst8
                0x0000000000014388        0x8 d:/mounriver/mounriver_studio/toolchain/risc-v embedded gcc/bin/../lib/gcc/riscv-none-embed/8.2.0/../../../../riscv-none-embed/lib/rv32imafc/ilp32f\libm.a(lib_a-s_nan.o)
 .rodata.TWO52  0x0000000000014390       0x10 d:/mounriver/mounriver_studio/toolchain/risc-v embedded gcc/bin/../lib/gcc/riscv-none-embed/8.2.0/../../../../riscv-none-embed/lib/rv32imafc/ilp32f\libm.a(lib_a-s_rint.o)
 .rodata.scalbn.cst8
                0x00000000000143a0       0x10 d:/mounriver/mounriver_studio/toolchain/risc-v embedded gcc/bin/../lib/gcc/riscv-none-embed/8.2.0/../../../../riscv-none-embed/lib/rv32imafc/ilp32f\libm.a(lib_a-s_scalbn.o)
                                         0x20 (size before relaxing)
 .rodata.__divdf3
                0x00000000000143b0       0x40 d:/mounriver/mounriver_studio/toolchain/risc-v embedded gcc/bin/../lib/gcc/riscv-none-embed/8.2.0/rv32imafc/ilp32f\libgcc.a(divdf3.o)
 .rodata.__muldf3
                0x00000000000143f0       0x40 d:/mounriver/mounriver_studio/toolchain/risc-v embedded gcc/bin/../lib/gcc/riscv-none-embed/8.2.0/rv32imafc/ilp32f\libgcc.a(muldf3.o)
 .rodata.__clz_tab
                0x0000000000014430      0x100 d:/mounriver/mounriver_studio/toolchain/risc-v embedded gcc/bin/../lib/gcc/riscv-none-embed/8.2.0/rv32imafc/ilp32f\libgcc.a(_clz.o)
                0x0000000000014430                __clz_tab
 .rodata._printf_float.cst8
                0x0000000000014530        0x8 d:/mounriver/mounriver_studio/toolchain/risc-v embedded gcc/bin/../lib/gcc/riscv-none-embed/8.2.0/../../../../riscv-none-embed/lib/rv32imafc/ilp32f\libg_nano.a(lib_a-nano-vfprintf_float.o)
 .rodata._printf_float.str1.4
                0x0000000000014538       0x12 d:/mounriver/mounriver_studio/toolchain/risc-v embedded gcc/bin/../lib/gcc/riscv-none-embed/8.2.0/../../../../riscv-none-embed/lib/rv32imafc/ilp32f\libg_nano.a(lib_a-nano-vfprintf_float.o)
 *fill*         0x000000000001454a        0x2 
 .rodata._printf_i.str1.4
                0x000000000001454c       0x25 d:/mounriver/mounriver_studio/toolchain/risc-v embedded gcc/bin/../lib/gcc/riscv-none-embed/8.2.0/../../../../riscv-none-embed/lib/rv32imafc/ilp32f\libg_nano.a(lib_a-nano-vfprintf_i.o)
 *fill*         0x0000000000014571        0x7 
 .rodata._dtoa_r.cst8
                0x0000000000014578       0x30 d:/mounriver/mounriver_studio/toolchain/risc-v embedded gcc/bin/../lib/gcc/riscv-none-embed/8.2.0/../../../../riscv-none-embed/lib/rv32imafc/ilp32f\libg_nano.a(lib_a-dtoa.o)
                                         0x48 (size before relaxing)
 .rodata._dtoa_r.str1.4
                0x00000000000145a8       0x10 d:/mounriver/mounriver_studio/toolchain/risc-v embedded gcc/bin/../lib/gcc/riscv-none-embed/8.2.0/../../../../riscv-none-embed/lib/rv32imafc/ilp32f\libg_nano.a(lib_a-dtoa.o)
                                         0x12 (size before relaxing)
 .rodata.__sf_fake_stderr
                0x00000000000145b8       0x20 d:/mounriver/mounriver_studio/toolchain/risc-v embedded gcc/bin/../lib/gcc/riscv-none-embed/8.2.0/../../../../riscv-none-embed/lib/rv32imafc/ilp32f\libg_nano.a(lib_a-findfp.o)
                0x00000000000145b8                __sf_fake_stderr
 .rodata.__sf_fake_stdin
                0x00000000000145d8       0x20 d:/mounriver/mounriver_studio/toolchain/risc-v embedded gcc/bin/../lib/gcc/riscv-none-embed/8.2.0/../../../../riscv-none-embed/lib/rv32imafc/ilp32f\libg_nano.a(lib_a-findfp.o)
                0x00000000000145d8                __sf_fake_stdin
 .rodata.__sf_fake_stdout
                0x00000000000145f8       0x20 d:/mounriver/mounriver_studio/toolchain/risc-v embedded gcc/bin/../lib/gcc/riscv-none-embed/8.2.0/../../../../riscv-none-embed/lib/rv32imafc/ilp32f\libg_nano.a(lib_a-findfp.o)
                0x00000000000145f8                __sf_fake_stdout
 .rodata.__mprec_bigtens
                0x0000000000014618       0x28 d:/mounriver/mounriver_studio/toolchain/risc-v embedded gcc/bin/../lib/gcc/riscv-none-embed/8.2.0/../../../../riscv-none-embed/lib/rv32imafc/ilp32f\libg_nano.a(lib_a-mprec.o)
                0x0000000000014618                __mprec_bigtens
 .rodata.__mprec_tens
                0x0000000000014640       0xc8 d:/mounriver/mounriver_studio/toolchain/risc-v embedded gcc/bin/../lib/gcc/riscv-none-embed/8.2.0/../../../../riscv-none-embed/lib/rv32imafc/ilp32f\libg_nano.a(lib_a-mprec.o)
                0x0000000000014640                __mprec_tens
 .rodata.p05.3321
                0x0000000000014708        0xc d:/mounriver/mounriver_studio/toolchain/risc-v embedded gcc/bin/../lib/gcc/riscv-none-embed/8.2.0/../../../../riscv-none-embed/lib/rv32imafc/ilp32f\libg_nano.a(lib_a-mprec.o)
 .rodata._svfprintf_r.str1.4
                0x0000000000014714       0x13 d:/mounriver/mounriver_studio/toolchain/risc-v embedded gcc/bin/../lib/gcc/riscv-none-embed/8.2.0/../../../../riscv-none-embed/lib/rv32imafc/ilp32f\libg_nano.a(lib_a-nano-svfprintf.o)
 .rodata._vfprintf_r.str1.4
                0x0000000000014727       0x13 d:/mounriver/mounriver_studio/toolchain/risc-v embedded gcc/bin/../lib/gcc/riscv-none-embed/8.2.0/../../../../riscv-none-embed/lib/rv32imafc/ilp32f\libg_nano.a(lib_a-nano-vfprintf.o)
 *fill*         0x0000000000014727        0x1 
 .rodata._setlocale_r.str1.4
                0x0000000000014728        0xa d:/mounriver/mounriver_studio/toolchain/risc-v embedded gcc/bin/../lib/gcc/riscv-none-embed/8.2.0/../../../../riscv-none-embed/lib/rv32imafc/ilp32f\libg_nano.a(lib_a-locale.o)
                                          0xd (size before relaxing)
 *fill*         0x0000000000014732        0x2 
 .rodata.str1.4
                0x0000000000014734        0x4 d:/mounriver/mounriver_studio/toolchain/risc-v embedded gcc/bin/../lib/gcc/riscv-none-embed/8.2.0/../../../../riscv-none-embed/lib/rv32imafc/ilp32f\libg_nano.a(lib_a-locale.o)
                                          0x2 (size before relaxing)
 .rodata._ctype_
                0x0000000000014738      0x101 d:/mounriver/mounriver_studio/toolchain/risc-v embedded gcc/bin/../lib/gcc/riscv-none-embed/8.2.0/../../../../riscv-none-embed/lib/rv32imafc/ilp32f\libg_nano.a(lib_a-ctype_.o)
                0x0000000000014738                _ctype_
 *(.glue_7)
 *(.glue_7t)
 *(.gnu.linkonce.t.*)
                0x000000000001483c                . = ALIGN (0x4)
 *fill*         0x0000000000014839        0x3 

.rela.dyn       0x000000000001483c        0x0
 .rela.init     0x000000000001483c        0x0 ./zf_driver/zf_driver_delay.o
 .rela.vector   0x000000000001483c        0x0 ./zf_driver/zf_driver_delay.o
 .rela.text.handle_reset
                0x000000000001483c        0x0 ./zf_driver/zf_driver_delay.o
 .rela.text._svfprintf_r
                0x000000000001483c        0x0 ./zf_driver/zf_driver_delay.o
 .rela.text._vfprintf_r
                0x000000000001483c        0x0 ./zf_driver/zf_driver_delay.o
 .rela.text._sbrk_r
                0x000000000001483c        0x0 ./zf_driver/zf_driver_delay.o
 .rela.text._write_r
                0x000000000001483c        0x0 ./zf_driver/zf_driver_delay.o
 .rela.text._close_r
                0x000000000001483c        0x0 ./zf_driver/zf_driver_delay.o
 .rela.text._lseek_r
                0x000000000001483c        0x0 ./zf_driver/zf_driver_delay.o
 .rela.text._read_r
                0x000000000001483c        0x0 ./zf_driver/zf_driver_delay.o
 .rela.text._fstat_r
                0x000000000001483c        0x0 ./zf_driver/zf_driver_delay.o
 .rela.text._isatty_r
                0x000000000001483c        0x0 ./zf_driver/zf_driver_delay.o
 .rela.text._close
                0x000000000001483c        0x0 ./zf_driver/zf_driver_delay.o
 .rela.text._fstat
                0x000000000001483c        0x0 ./zf_driver/zf_driver_delay.o
 .rela.text._isatty
                0x000000000001483c        0x0 ./zf_driver/zf_driver_delay.o
 .rela.text._lseek
                0x000000000001483c        0x0 ./zf_driver/zf_driver_delay.o
 .rela.text._read
                0x000000000001483c        0x0 ./zf_driver/zf_driver_delay.o
 .rela.text._sbrk
                0x000000000001483c        0x0 ./zf_driver/zf_driver_delay.o

.fini           0x000000000001483c        0x0
 *(SORT_NONE(.fini))
                0x000000000001483c                . = ALIGN (0x4)
                [!provide]                        PROVIDE (_etext = .)
                [!provide]                        PROVIDE (_eitcm = .)

.preinit_array  0x000000000001483c        0x0
                [!provide]                        PROVIDE (__preinit_array_start = .)
 *(.preinit_array)
                [!provide]                        PROVIDE (__preinit_array_end = .)

.init_array     0x000000000001483c        0x0
                [!provide]                        PROVIDE (__init_array_start = .)
 *(SORT_BY_INIT_PRIORITY(.init_array.*) SORT_BY_INIT_PRIORITY(.ctors.*))
 *(.init_array EXCLUDE_FILE(*crtend?.o *crtend.o *crtbegin?.o *crtbegin.o) .ctors)
                [!provide]                        PROVIDE (__init_array_end = .)

.fini_array     0x000000000001483c        0x0
                [!provide]                        PROVIDE (__fini_array_start = .)
 *(SORT_BY_INIT_PRIORITY(.fini_array.*) SORT_BY_INIT_PRIORITY(.dtors.*))
 *(.fini_array EXCLUDE_FILE(*crtend?.o *crtend.o *crtbegin?.o *crtbegin.o) .dtors)
                [!provide]                        PROVIDE (__fini_array_end = .)

.ctors
 *crtbegin.o(.ctors)
 *crtbegin?.o(.ctors)
 *(EXCLUDE_FILE(*crtend?.o *crtend.o) .ctors)
 *(SORT_BY_NAME(.ctors.*))
 *(.ctors)

.dtors
 *crtbegin.o(.dtors)
 *crtbegin?.o(.dtors)
 *(EXCLUDE_FILE(*crtend?.o *crtend.o) .dtors)
 *(SORT_BY_NAME(.dtors.*))
 *(.dtors)

.dalign         0x0000000020000040        0x0 load address 0x000000000001483c
                0x0000000020000040                . = ALIGN (0x4)
                0x0000000020000040                PROVIDE (_data_vma = .)

.dlalign        0x000000000001483c        0x0
                0x000000000001483c                . = ALIGN (0x4)
                0x000000000001483c                PROVIDE (_data_lma = .)

.data           0x0000000020000040      0x2e0 load address 0x000000000001483c
 *(.gnu.linkonce.r.*)
 *(.data .data.*)
 .data.gpio_group
                0x0000000020000040       0x14 ./zf_driver/zf_driver_gpio.o
                0x0000000020000040                gpio_group
 .data.mt9v03x_set_confing_buffer
                0x0000000020000054       0x28 ./zf_device/zf_device_mt9v03x_dvp.o
 .data.mt9v03x_get_confing_buffer
                0x000000002000007c       0x24 ./zf_device/zf_device_mt9v03x_dvp.o
 .data.APBAHBPrescTable
                0x00000000200000a0       0x10 ./sdk/Peripheral/ch32v30x_rcc.o
 .data.TAB_USB_FS_OSC_DESC
                0x00000000200000b0       0x43 ./sdk/Peripheral/ch32v30x_usbotg_device.o
                0x00000000200000b0                TAB_USB_FS_OSC_DESC
 *fill*         0x00000000200000f3        0x1 
 .data.ImgConf  0x00000000200000f4       0x10 ./code/cam_preprocess.o
                0x00000000200000f4                ImgConf
 .data.impure_data
                0x0000000020000104       0x60 d:/mounriver/mounriver_studio/toolchain/risc-v embedded gcc/bin/../lib/gcc/riscv-none-embed/8.2.0/../../../../riscv-none-embed/lib/rv32imafc/ilp32f\libg_nano.a(lib_a-impure.o)
 .data.__global_locale
                0x0000000020000164      0x16c d:/mounriver/mounriver_studio/toolchain/risc-v embedded gcc/bin/../lib/gcc/riscv-none-embed/8.2.0/../../../../riscv-none-embed/lib/rv32imafc/ilp32f\libg_nano.a(lib_a-locale.o)
                0x0000000020000164                __global_locale
 *(.gnu.linkonce.d.*)
                0x00000000200002d0                . = ALIGN (0x8)
                0x0000000020000ad0                PROVIDE (__global_pointer$ = (. + 0x800))
 *(.sdata .sdata.*)
 .sdata.dm1xa_distance_mm
                0x00000000200002d0        0x2 ./zf_device/zf_device_dm1xa.o
 .sdata.tft180_pencolor
                0x00000000200002d2        0x2 ./zf_device/zf_device_tft180.o
 .sdata.tft180_bgcolor
                0x00000000200002d4        0x2 ./zf_device/zf_device_tft180.o
 *fill*         0x00000000200002d6        0x2 
 .sdata.tft180_display_font
                0x00000000200002d8        0x4 ./zf_device/zf_device_tft180.o
 .sdata.tft180_x_max
                0x00000000200002dc        0x1 ./zf_device/zf_device_tft180.o
 .sdata.tft180_y_max
                0x00000000200002dd        0x1 ./zf_device/zf_device_tft180.o
 *fill*         0x00000000200002de        0x2 
 .sdata.camera_uart_handler
                0x00000000200002e0        0x4 ./zf_device/zf_device_type.o
                0x00000000200002e0                camera_uart_handler
 .sdata.camera_dvp_handler
                0x00000000200002e4        0x4 ./zf_device/zf_device_type.o
                0x00000000200002e4                camera_dvp_handler
 .sdata.wireless_module_uart_handler
                0x00000000200002e8        0x4 ./zf_device/zf_device_type.o
                0x00000000200002e8                wireless_module_uart_handler
 .sdata.tof_module_exti_handler
                0x00000000200002ec        0x4 ./zf_device/zf_device_type.o
                0x00000000200002ec                tof_module_exti_handler
 .sdata.system_clock
                0x00000000200002f0        0x4 ./zf_common/zf_common_clock.o
                0x00000000200002f0                system_clock
 .sdata.zf_debug_assert_enable
                0x00000000200002f4        0x1 ./zf_common/zf_common_debug.o
 *fill*         0x00000000200002f5        0x3 
 .sdata.ADCPrescTable
                0x00000000200002f8        0x4 ./sdk/Peripheral/ch32v30x_rcc.o
 .sdata.USBHD_Dev_Speed
                0x00000000200002fc        0x1 ./sdk/Peripheral/ch32v30x_usbotg_device.o
                0x00000000200002fc                USBHD_Dev_Speed
 *fill*         0x00000000200002fd        0x3 
 .sdata.LineCoding
                0x0000000020000300        0x7 ./sdk/Peripheral/ch32v30x_usbotg_device.o
                0x0000000020000300                LineCoding
 *fill*         0x0000000020000307        0x1 
 .sdata.__fdlib_version
                0x0000000020000308        0x4 d:/mounriver/mounriver_studio/toolchain/risc-v embedded gcc/bin/../lib/gcc/riscv-none-embed/8.2.0/../../../../riscv-none-embed/lib/rv32imafc/ilp32f\libm.a(lib_a-s_lib_ver.o)
                0x0000000020000308                __fdlib_version
 .sdata._impure_ptr
                0x000000002000030c        0x4 d:/mounriver/mounriver_studio/toolchain/risc-v embedded gcc/bin/../lib/gcc/riscv-none-embed/8.2.0/../../../../riscv-none-embed/lib/rv32imafc/ilp32f\libg_nano.a(lib_a-impure.o)
                0x000000002000030c                _impure_ptr
 *(.sdata2.*)
 .sdata2.uart_irq
                0x0000000020000310        0x8 ./zf_driver/zf_driver_uart.o
                0x0000000020000310                uart_irq
 .sdata2.MyLangDescrHD
                0x0000000020000318        0x4 ./sdk/Peripheral/ch32v30x_usbotg_device.o
                0x0000000020000318                MyLangDescrHD
 .sdata2._global_impure_ptr
                0x000000002000031c        0x4 d:/mounriver/mounriver_studio/toolchain/risc-v embedded gcc/bin/../lib/gcc/riscv-none-embed/8.2.0/../../../../riscv-none-embed/lib/rv32imafc/ilp32f\libg_nano.a(lib_a-impure.o)
                0x000000002000031c                _global_impure_ptr
 *(.gnu.linkonce.s.*)
                0x0000000020000320                . = ALIGN (0x8)
 *(.srodata.cst16)
 *(.srodata.cst8)
 *(.srodata.cst4)
 *(.srodata.cst2)
 *(.srodata .srodata.*)
                0x0000000020000320                . = ALIGN (0x4)
                0x0000000020000320                PROVIDE (_edata = .)

.bss            0x0000000020000320     0xa024 load address 0x0000000000014b1c
                0x0000000020000320                . = ALIGN (0x4)
                0x0000000020000320                PROVIDE (_sbss = .)
 *(.sbss*)
 .sbss.camera_receiver_buffer
                0x0000000020000320        0x8 ./zf_device/zf_device_camera.o
                0x0000000020000320                camera_receiver_buffer
 .sbss.dm1xa_plus_count
                0x0000000020000328        0x4 ./zf_device/zf_device_dm1xa.o
 .sbss.dm1xa_type
                0x000000002000032c        0x4 ./zf_device/zf_device_dm1xa.o
 .sbss.dm1xa_ranging_state
                0x0000000020000330        0x4 ./zf_device/zf_device_dm1xa.o
 .sbss.gps_tau1201_flag
                0x0000000020000334        0x1 ./zf_device/zf_device_gps_tau1201.o
                0x0000000020000334                gps_tau1201_flag
 .sbss.gps_tau1201_state
                0x0000000020000335        0x1 ./zf_device/zf_device_gps_tau1201.o
 *fill*         0x0000000020000336        0x2 
 .sbss.gps_gga_state
                0x0000000020000338        0x4 ./zf_device/zf_device_gps_tau1201.o
                0x0000000020000338                gps_gga_state
 .sbss.gps_rmc_state
                0x000000002000033c        0x4 ./zf_device/zf_device_gps_tau1201.o
                0x000000002000033c                gps_rmc_state
 .sbss.mt9v03x_finish_flag
                0x0000000020000340        0x1 ./zf_device/zf_device_mt9v03x_dvp.o
                0x0000000020000340                mt9v03x_finish_flag
 *fill*         0x0000000020000341        0x3 
 .sbss.mt9v03x_type
                0x0000000020000344        0x4 ./zf_device/zf_device_mt9v03x_dvp.o
 .sbss.mt9v03x_version
                0x0000000020000348        0x2 ./zf_device/zf_device_mt9v03x_dvp.o
 *fill*         0x000000002000034a        0x2 
 .sbss.tft180_display_dir
                0x000000002000034c        0x4 ./zf_device/zf_device_tft180.o
 .sbss.camera_type
                0x0000000020000350        0x4 ./zf_device/zf_device_type.o
                0x0000000020000350                camera_type
 .sbss.debug_uart_data
                0x0000000020000354        0x1 ./zf_common/zf_common_debug.o
                0x0000000020000354                debug_uart_data
 .sbss.zf_debug_init_flag
                0x0000000020000355        0x1 ./zf_common/zf_common_debug.o
 .sbss.assert_nest_index.5039
                0x0000000020000356        0x1 ./zf_common/zf_common_debug.o
 *fill*         0x0000000020000357        0x1 
 .sbss.interrupt_nest_count
                0x0000000020000358        0x4 ./zf_common/zf_common_interrupt.o
 .sbss.cntt     0x000000002000035c        0x1 ./user_c/isr.o
                0x000000002000035c                cntt
 *fill*         0x000000002000035d        0x3 
 .sbss.k        0x0000000020000360        0x8 ./user_c/main.o
                0x0000000020000360                k
 .sbss.EP0_DatabufHD
                0x0000000020000368        0x8 ./sdk/Peripheral/ch32v30x_usbotg_device.o
                0x0000000020000368                EP0_DatabufHD
 .sbss.pEP0_RAM_Addr
                0x0000000020000370        0x4 ./sdk/Peripheral/ch32v30x_usbotg_device.o
                0x0000000020000370                pEP0_RAM_Addr
 .sbss.pEP1_RAM_Addr
                0x0000000020000374        0x4 ./sdk/Peripheral/ch32v30x_usbotg_device.o
                0x0000000020000374                pEP1_RAM_Addr
 .sbss.pEP2_RAM_Addr
                0x0000000020000378        0x4 ./sdk/Peripheral/ch32v30x_usbotg_device.o
                0x0000000020000378                pEP2_RAM_Addr
 .sbss.pDescr   0x000000002000037c        0x4 ./sdk/Peripheral/ch32v30x_usbotg_device.o
                0x000000002000037c                pDescr
 .sbss.USBHD_Dev_SetupReqLen
                0x0000000020000380        0x2 ./sdk/Peripheral/ch32v30x_usbotg_device.o
                0x0000000020000380                USBHD_Dev_SetupReqLen
 .sbss.USBHD_Dev_SleepStatus
                0x0000000020000382        0x1 ./sdk/Peripheral/ch32v30x_usbotg_device.o
                0x0000000020000382                USBHD_Dev_SleepStatus
 .sbss.DevConfig
                0x0000000020000383        0x1 ./sdk/Peripheral/ch32v30x_usbotg_device.o
                0x0000000020000383                DevConfig
 .sbss.SetupReqCode
                0x0000000020000384        0x1 ./sdk/Peripheral/ch32v30x_usbotg_device.o
                0x0000000020000384                SetupReqCode
 *fill*         0x0000000020000385        0x1 
 .sbss.SetupReqLen
                0x0000000020000386        0x2 ./sdk/Peripheral/ch32v30x_usbotg_device.o
                0x0000000020000386                SetupReqLen
 .sbss.garage_flag
                0x0000000020000388        0x1 ./code/SeekLine4.0.o
                0x0000000020000388                garage_flag
 .sbss.Straight_Flag
                0x0000000020000389        0x1 ./code/SeekLine4.0.o
                0x0000000020000389                Straight_Flag
 .sbss.Cross_Flag
                0x000000002000038a        0x1 ./code/SeekLine4.0.o
                0x000000002000038a                Cross_Flag
 *fill*         0x000000002000038b        0x1 
 .sbss.top      0x000000002000038c        0x2 ./code/SeekLine4.0.o
                0x000000002000038c                top
 .sbss.Left_Lost_Time
                0x000000002000038e        0x2 ./code/SeekLine4.0.o
                0x000000002000038e                Left_Lost_Time
 .sbss.Right_Lost_Time