Archive member included to satisfy reference by file (symbol)

d:/mounriver/mounriver_studio/toolchain/risc-v embedded gcc/bin/../lib/gcc/riscv-none-embed/8.2.0/../../../../riscv-none-embed/lib/rv32imafc/ilp32f\libm.a(lib_a-s_cos.o)
                              ./zf_device/zf_device_gps_tau1201.o (cos)
d:/mounriver/mounriver_studio/toolchain/risc-v embedded gcc/bin/../lib/gcc/riscv-none-embed/8.2.0/../../../../riscv-none-embed/lib/rv32imafc/ilp32f\libm.a(lib_a-s_sin.o)
                              ./zf_device/zf_device_gps_tau1201.o (sin)
d:/mounriver/mounriver_studio/toolchain/risc-v embedded gcc/bin/../lib/gcc/riscv-none-embed/8.2.0/../../../../riscv-none-embed/lib/rv32imafc/ilp32f\libm.a(lib_a-w_asin.o)
                              ./zf_device/zf_device_gps_tau1201.o (asin)
d:/mounriver/mounriver_studio/toolchain/risc-v embedded gcc/bin/../lib/gcc/riscv-none-embed/8.2.0/../../../../riscv-none-embed/lib/rv32imafc/ilp32f\libm.a(lib_a-w_atan2.o)
                              ./zf_device/zf_device_gps_tau1201.o (atan2)
d:/mounriver/mounriver_studio/toolchain/risc-v embedded gcc/bin/../lib/gcc/riscv-none-embed/8.2.0/../../../../riscv-none-embed/lib/rv32imafc/ilp32f\libm.a(lib_a-w_pow.o)
                              ./zf_device/zf_device_gps_tau1201.o (pow)
d:/mounriver/mounriver_studio/toolchain/risc-v embedded gcc/bin/../lib/gcc/riscv-none-embed/8.2.0/../../../../riscv-none-embed/lib/rv32imafc/ilp32f\libm.a(lib_a-w_sqrt.o)
                              ./zf_device/zf_device_gps_tau1201.o (sqrt)
d:/mounriver/mounriver_studio/toolchain/risc-v embedded gcc/bin/../lib/gcc/riscv-none-embed/8.2.0/../../../../riscv-none-embed/lib/rv32imafc/ilp32f\libm.a(lib_a-e_asin.o)
                              d:/mounriver/mounriver_studio/toolchain/risc-v embedded gcc/bin/../lib/gcc/riscv-none-embed/8.2.0/../../../../riscv-none-embed/lib/rv32imafc/ilp32f\libm.a(lib_a-w_asin.o) (__ieee754_asin)
d:/mounriver/mounriver_studio/toolchain/risc-v embedded gcc/bin/../lib/gcc/riscv-none-embed/8.2.0/../../../../riscv-none-embed/lib/rv32imafc/ilp32f\libm.a(lib_a-e_atan2.o)
                              d:/mounriver/mounriver_studio/toolchain/risc-v embedded gcc/bin/../lib/gcc/riscv-none-embed/8.2.0/../../../../riscv-none-embed/lib/rv32imafc/ilp32f\libm.a(lib_a-w_atan2.o) (__ieee754_atan2)
d:/mounriver/mounriver_studio/toolchain/risc-v embedded gcc/bin/../lib/gcc/riscv-none-embed/8.2.0/../../../../riscv-none-embed/lib/rv32imafc/ilp32f\libm.a(lib_a-e_pow.o)
                              d:/mounriver/mounriver_studio/toolchain/risc-v embedded gcc/bin/../lib/gcc/riscv-none-embed/8.2.0/../../../../riscv-none-embed/lib/rv32imafc/ilp32f\libm.a(lib_a-w_pow.o) (__ieee754_pow)
d:/mounriver/mounriver_studio/toolchain/risc-v embedded gcc/bin/../lib/gcc/riscv-none-embed/8.2.0/../../../../riscv-none-embed/lib/rv32imafc/ilp32f\libm.a(lib_a-e_rem_pio2.o)
                              d:/mounriver/mounriver_studio/toolchain/risc-v embedded gcc/bin/../lib/gcc/riscv-none-embed/8.2.0/../../../../riscv-none-embed/lib/rv32imafc/ilp32f\libm.a(lib_a-s_cos.o) (__ieee754_rem_pio2)
d:/mounriver/mounriver_studio/toolchain/risc-v embedded gcc/bin/../lib/gcc/riscv-none-embed/8.2.0/../../../../riscv-none-embed/lib/rv32imafc/ilp32f\libm.a(lib_a-e_sqrt.o)
                              d:/mounriver/mounriver_studio/toolchain/risc-v embedded gcc/bin/../lib/gcc/riscv-none-embed/8.2.0/../../../../riscv-none-embed/lib/rv32imafc/ilp32f\libm.a(lib_a-w_sqrt.o) (__ieee754_sqrt)
d:/mounriver/mounriver_studio/toolchain/risc-v embedded gcc/bin/../lib/gcc/riscv-none-embed/8.2.0/../../../../riscv-none-embed/lib/rv32imafc/ilp32f\libm.a(lib_a-k_cos.o)
                              d:/mounriver/mounriver_studio/toolchain/risc-v embedded gcc/bin/../lib/gcc/riscv-none-embed/8.2.0/../../../../riscv-none-embed/lib/rv32imafc/ilp32f\libm.a(lib_a-s_cos.o) (__kernel_cos)
d:/mounriver/mounriver_studio/toolchain/risc-v embedded gcc/bin/../lib/gcc/riscv-none-embed/8.2.0/../../../../riscv-none-embed/lib/rv32imafc/ilp32f\libm.a(lib_a-k_rem_pio2.o)
                              d:/mounriver/mounriver_studio/toolchain/risc-v embedded gcc/bin/../lib/gcc/riscv-none-embed/8.2.0/../../../../riscv-none-embed/lib/rv32imafc/ilp32f\libm.a(lib_a-e_rem_pio2.o) (__kernel_rem_pio2)
d:/mounriver/mounriver_studio/toolchain/risc-v embedded gcc/bin/../lib/gcc/riscv-none-embed/8.2.0/../../../../riscv-none-embed/lib/rv32imafc/ilp32f\libm.a(lib_a-k_sin.o)
                              d:/mounriver/mounriver_studio/toolchain/risc-v embedded gcc/bin/../lib/gcc/riscv-none-embed/8.2.0/../../../../riscv-none-embed/lib/rv32imafc/ilp32f\libm.a(lib_a-s_cos.o) (__kernel_sin)
d:/mounriver/mounriver_studio/toolchain/risc-v embedded gcc/bin/../lib/gcc/riscv-none-embed/8.2.0/../../../../riscv-none-embed/lib/rv32imafc/ilp32f\libm.a(lib_a-s_atan.o)
[...]
Memory Configuration

Name             Origin             Length             Attributes
RAM              0x0000000020000040 0x000000000000fc00 xrw
FLASH            0x0000000000000000 0x0000000000040000 xr
*default*        0x0000000000000000 0xffffffffffffffff

Linker script and memory map

LOAD ./zf_driver/zf_driver_adc.o
LOAD ./zf_driver/zf_driver_delay.o
LOAD ./zf_driver/zf_driver_dvp.o
LOAD ./zf_driver/zf_driver_encoder.o
LOAD ./zf_driver/zf_driver_exti.o
LOAD ./zf_driver/zf_driver_flash.o
LOAD ./zf_driver/zf_driver_gpio.o
LOAD ./zf_driver/zf_driver_iic.o
LOAD ./zf_driver/zf_driver_pit.o
LOAD ./zf_driver/zf_driver_pwm.o
LOAD ./zf_driver/zf_driver_soft_iic.o
LOAD ./zf_driver/zf_driver_soft_spi.o
LOAD ./zf_driver/zf_driver_spi.o
LOAD ./zf_driver/zf_driver_timer.o
LOAD ./zf_driver/zf_driver_uart.o
LOAD ./zf_driver/zf_driver_usb_cdc.o
LOAD ./zf_device/zf_device_absolute_encoder.o
LOAD ./zf_device/zf_device_aht20.o
LOAD ./zf_device/zf_device_bluetooth_ch9141.o
LOAD ./zf_device/zf_device_camera.o
LOAD ./zf_device/zf_device_detector.o
LOAD ./zf_device/zf_device_dl1a.o
LOAD ./zf_device/zf_device_dl1b.o
LOAD ./zf_device/zf_device_dm1xa.o
LOAD ./zf_device/zf_device_gps_tau1201.o
LOAD ./zf_device/zf_device_icm20602.o
LOAD ./zf_device/zf_device_imu660ra.o
LOAD ./zf_device/zf_device_imu963ra.o
LOAD ./zf_device/zf_device_ips114.o
LOAD ./zf_device/zf_device_ips200.o
LOAD ./zf_device/zf_device_k24c02.o
LOAD ./zf_device/zf_device_key.o
LOAD ./zf_device/zf_device_mpu6050.o
LOAD ./zf_device/zf_device_mt9v03x_dvp.o
LOAD ./zf_device/zf_device_oled.o
LOAD ./zf_device/zf_device_scc8660_dvp.o
LOAD ./zf_device/zf_device_tft180.o
LOAD ./zf_device/zf_device_type.o
LOAD ./zf_device/zf_device_virtual_oscilloscope.o
LOAD ./zf_device/zf_device_w25q32.o
LOAD ./zf_device/zf_device_wifi_spi.o
LOAD ./zf_device/zf_device_wifi_uart.o
LOAD ./zf_device/zf_device_wireless_ch573.o
LOAD ./zf_device/zf_device_wireless_uart.o
LOAD ./zf_common/zf_common_clock.o
LOAD ./zf_common/zf_common_debug.o
LOAD ./zf_common/zf_common_fifo.o
LOAD ./zf_common/zf_common_font.o
LOAD ./zf_common/zf_common_function.o
LOAD ./zf_common/zf_common_interrupt.o
LOAD ./user_c/isr.o
LOAD ./user_c/main.o
LOAD ./sdk/Startup/startup_ch32v30x_D8C.o
LOAD ./sdk/Peripheral/ch32v30x_adc.o
LOAD ./sdk/Peripheral/ch32v30x_bkp.o
LOAD ./sdk/Peripheral/ch32v30x_can.o
LOAD ./sdk/Peripheral/ch32v30x_crc.o
LOAD ./sdk/Peripheral/ch32v30x_dac.o
LOAD ./sdk/Peripheral/ch32v30x_dbgmcu.o
LOAD ./sdk/Peripheral/ch32v30x_dma.o
LOAD ./sdk/Peripheral/ch32v30x_dvp.o
LOAD ./sdk/Peripheral/ch32v30x_eth.o
LOAD ./sdk/Peripheral/ch32v30x_exti.o
LOAD ./sdk/Peripheral/ch32v30x_flash.o
LOAD ./sdk/Peripheral/ch32v30x_fsmc.o
LOAD ./sdk/Peripheral/ch32v30x_gpio.o
LOAD ./sdk/Peripheral/ch32v30x_i2c.o
LOAD ./sdk/Peripheral/ch32v30x_iwdg.o
LOAD ./sdk/Peripheral/ch32v30x_opa.o
LOAD ./sdk/Peripheral/ch32v30x_pwr.o
LOAD ./sdk/Peripheral/ch32v30x_rcc.o
LOAD ./sdk/Peripheral/ch32v30x_rng.o
LOAD ./sdk/Peripheral/ch32v30x_rtc.o
LOAD ./sdk/Peripheral/ch32v30x_sdio.o
LOAD ./sdk/Peripheral/ch32v30x_spi.o
LOAD ./sdk/Peripheral/ch32v30x_tim.o
LOAD ./sdk/Peripheral/ch32v30x_usart.o
LOAD ./sdk/Peripheral/ch32v30x_usbotg_device.o
LOAD ./sdk/Peripheral/ch32v30x_wwdg.o
LOAD ./sdk/Core/core_riscv.o
LOAD ./code/My_Math.o
LOAD ./code/cam_preprocess.o
LOAD ./code/fixline.o
LOAD ./code/motor.o
LOAD ./code/pid.o
LOAD ./code/seedline.o
LOAD d:/mounriver/mounriver_studio/toolchain/risc-v embedded gcc/bin/../lib/gcc/riscv-none-embed/8.2.0/../../../../riscv-none-embed/lib/rv32imafc/ilp32f\libm.a
LOAD C:\Users\Universe\Desktop\Seekfree_CH32V307VCT6_Opensource_Library\libraries\zf_device\libzf_device_config.a
LOAD d:/mounriver/mounriver_studio/toolchain/risc-v embedded gcc/bin/../lib/gcc/riscv-none-embed/8.2.0/rv32imafc/ilp32f\libgcc.a
LOAD d:/mounriver/mounriver_studio/toolchain/risc-v embedded gcc/bin/../lib/gcc/riscv-none-embed/8.2.0/../../../../riscv-none-embed/lib/rv32imafc/ilp32f\libg_nano.a
LOAD d:/mounriver/mounriver_studio/toolchain/risc-v embedded gcc/bin/../lib/gcc/riscv-none-embed/8.2.0/../../../../riscv-none-embed/lib/rv32imafc/ilp32f\libc_nano.a
LOAD d:/mounriver/mounriver_studio/toolchain/risc-v embedded gcc/bin/../lib/gcc/riscv-none-embed/8.2.0/rv32imafc/ilp32f\libgcc.a
START GROUP
LOAD d:/mounriver/mounriver_studio/toolchain/risc-v embedded gcc/bin/../lib/gcc/riscv-none-embed/8.2.0/rv32imafc/ilp32f\libgcc.a
LOAD d:/mounriver/mounriver_studio/toolchain/risc-v embedded gcc/bin/../lib/gcc/riscv-none-embed/8.2.0/../../../../riscv-none-embed/lib/rv32imafc/ilp32f\libc_nano.a
LOAD d:/mounriver/mounriver_studio/toolchain/risc-v embedded gcc/bin/../lib/gcc/riscv-none-embed/8.2.0/../../../../riscv-none-embed/lib/rv32imafc/ilp32f\libnosys.a
END GROUP
START GROUP
LOAD d:/mounriver/mounriver_studio/toolchain/risc-v embedded gcc/bin/../lib/gcc/riscv-none-embed/8.2.0/rv32imafc/ilp32f\libgcc.a
LOAD d:/mounriver/mounriver_studio/toolchain/risc-v embedded gcc/bin/../lib/gcc/riscv-none-embed/8.2.0/../../../../riscv-none-embed/lib/rv32imafc/ilp32f\libc_nano.a
LOAD d:/mounriver/mounriver_studio/toolchain/risc-v embedded gcc/bin/../lib/gcc/riscv-none-embed/8.2.0/../../../../riscv-none-embed/lib/rv32imafc/ilp32f\libnosys.a
END GROUP
                0x0000000000000800                __stack_size = 0x800
                [!provide]                        PROVIDE (_stack_size = __stack_size)

.init           0x0000000000000000       0x38
                0x0000000000000000                _sinit = .
                0x0000000000000000                . = ALIGN (0x4)
 *(SORT_NONE(.init))
 .init          0x0000000000000000       0x38 ./sdk/Startup/startup_ch32v30x_D8C.o
                0x0000000000000000                _start
                0x0000000000000038                . = ALIGN (0x4)
                0x0000000000000038                _einit = .

.vector         0x0000000000000038      0x1c8
 *(.vector)
 .vector        0x0000000000000038      0x1a0 ./sdk/Startup/startup_ch32v30x_D8C.o
                0x0000000000000200                . = ALIGN (0x40)
 *fill*         0x00000000000001d8       0x28 

.text           0x0000000000000200    0x15134
                0x0000000000000200                . = ALIGN (0x4)
 *(.text)
 .text          0x0000000000000200       0xa8 d:/mounriver/mounriver_studio/toolchain/risc-v embedded gcc/bin/../lib/gcc/riscv-none-embed/8.2.0/../../../../riscv-none-embed/lib/rv32imafc/ilp32f\libg_nano.a(lib_a-memset.o)
                0x0000000000000200                memset
 *(.text.*)
 .text.system_delay_ms
                0x00000000000002a8       0xa2 ./zf_driver/zf_driver_delay.o
                0x00000000000002a8                system_delay_ms
 .text.dvp_gpio_init
                0x000000000000034a      0x102 ./zf_driver/zf_driver_dvp.o
                0x000000000000034a                dvp_gpio_init
 .text.dvp_camera_init
                0x000000000000044c      0x144 ./zf_driver/zf_driver_dvp.o
                0x000000000000044c                dvp_camera_init
 .text.gpio_get_level
                0x0000000000000590       0x42 ./zf_driver/zf_driver_gpio.o
                0x0000000000000590                gpio_get_level
 .text.gpio_init
                0x00000000000005d2      0x15c ./zf_driver/zf_driver_gpio.o
                0x00000000000005d2                gpio_init
 .text.pit_init
                0x000000000000072e      0x218 ./zf_driver/zf_driver_pit.o
                0x000000000000072e                pit_init
 .text.pwm_set_duty
                0x0000000000000946      0x166 ./zf_driver/zf_driver_pwm.o
                0x0000000000000946                pwm_set_duty
 .text.pwm_init
                0x0000000000000aac      0x416 ./zf_driver/zf_driver_pwm.o
                0x0000000000000aac                pwm_init
 .text.soft_iic_start
                0x0000000000000ec2      0x128 ./zf_driver/zf_driver_soft_iic.o
 .text.soft_iic_stop
                0x0000000000000fea      0x142 ./zf_driver/zf_driver_soft_iic.o
 .text.soft_iic_send_ack
                0x000000000000112c      0x196 ./zf_driver/zf_driver_soft_iic.o
 .text.soft_iic_wait_ack
                0x00000000000012c2      0x160 ./zf_driver/zf_driver_soft_iic.o
 .text.soft_iic_send_data
                0x0000000000001422      0x16e ./zf_driver/zf_driver_soft_iic.o
 .text.soft_iic_read_data
                0x0000000000001590      0x1e8 ./zf_driver/zf_driver_soft_iic.o
 .text.soft_iic_sccb_write_register
                0x0000000000001778       0x80 ./zf_driver/zf_driver_soft_iic.o
                0x0000000000001778                soft_iic_sccb_write_register
 .text.soft_iic_sccb_read_register
                0x00000000000017f8       0xb4 ./zf_driver/zf_driver_soft_iic.o
                0x00000000000017f8                soft_iic_sccb_read_register
 .text.soft_iic_init
                0x00000000000018ac       0xb2 ./zf_driver/zf_driver_soft_iic.o
                0x00000000000018ac                soft_iic_init
 .text.spi_write_8bit
                0x000000000000195e       0x6a ./zf_driver/zf_driver_spi.o
                0x000000000000195e                spi_write_8bit
 .text.spi_write_16bit
                0x00000000000019c8       0xa6 ./zf_driver/zf_driver_spi.o
                0x00000000000019c8                spi_write_16bit
 .text.spi_init
                0x0000000000001a6e      0x2d6 ./zf_driver/zf_driver_spi.o
                0x0000000000001a6e                spi_init
 .text.timer_funciton_check
                0x0000000000001d44       0x66 ./zf_driver/zf_driver_timer.o
                0x0000000000001d44                timer_funciton_check
 .text.timer_clock_enable
                0x0000000000001daa       0xe2 ./zf_driver/zf_driver_timer.o
                0x0000000000001daa                timer_clock_enable
 .text.timer_get
                0x0000000000001e8c       0xfe ./zf_driver/zf_driver_timer.o
                0x0000000000001e8c                timer_get
 .text.timer_clear
                0x0000000000001f8a       0xc4 ./zf_driver/zf_driver_timer.o
                0x0000000000001f8a                timer_clear
 .text.uart_write_byte
                0x000000000000204e       0x56 ./zf_driver/zf_driver_uart.o
                0x000000000000204e                uart_write_byte
 .text.uart_write_buffer
                0x00000000000020a4       0x64 ./zf_driver/zf_driver_uart.o
                0x00000000000020a4                uart_write_buffer
 .text.uart_rx_interrupt
                0x0000000000002108       0x84 ./zf_driver/zf_driver_uart.o
                0x0000000000002108                uart_rx_interrupt
 .text.uart_query_byte
                0x000000000000218c       0x5e ./zf_driver/zf_driver_uart.o
                0x000000000000218c                uart_query_byte
 .text.uart_init
                0x00000000000021ea      0x5aa ./zf_driver/zf_driver_uart.o
                0x00000000000021ea                uart_init
 .text.camera_fifo_init
                0x0000000000002794       0x22 ./zf_device/zf_device_camera.o
                0x0000000000002794                camera_fifo_init
 .text.dm1xa_sound_callback
                0x00000000000027b6       0xf6 ./zf_device/zf_device_dm1xa.o
                0x00000000000027b6                dm1xa_sound_callback
 .text.dm1xa_light_callback
                0x00000000000028ac       0x32 ./zf_device/zf_device_dm1xa.o
                0x00000000000028ac                dm1xa_light_callback
 .text.gps_uart_callback
                0x00000000000028de      0x10e ./zf_device/zf_device_gps_tau1201.o
                0x00000000000028de                gps_uart_callback
 .text.mt9v03x_set_config
                0x00000000000029ec      0x12c ./zf_device/zf_device_mt9v03x_dvp.o
 .text.mt9v03x_get_config
                0x0000000000002b18      0x164 ./zf_device/zf_device_mt9v03x_dvp.o
 .text.mt9v03x_uart_handler
                0x0000000000002c7c       0x44 ./zf_device/zf_device_mt9v03x_dvp.o
 .text.mt9v03x_dvp_handler
                0x0000000000002cc0       0x14 ./zf_device/zf_device_mt9v03x_dvp.o
                0x0000000000002cc0                mt9v03x_dvp_handler
 .text.mt9v03x_get_version
                0x0000000000002cd4       0xca ./zf_device/zf_device_mt9v03x_dvp.o
                0x0000000000002cd4                mt9v03x_get_version
 .text.mt9v03x_init
                0x0000000000002d9e      0x17e ./zf_device/zf_device_mt9v03x_dvp.o
                0x0000000000002d9e                mt9v03x_init
 .text.tft180_write_index
                0x0000000000002f1c       0x44 ./zf_device/zf_device_tft180.o
 .text.tft180_set_region
                0x0000000000002f60      0x1e8 ./zf_device/zf_device_tft180.o
 .text.tft180_debug_init
                0x0000000000003148       0x86 ./zf_device/zf_device_tft180.o
 .text.tft180_clear
                0x00000000000031ce       0x8a ./zf_device/zf_device_tft180.o
                0x00000000000031ce                tft180_clear
 .text.tft180_set_dir
                0x0000000000003258       0x50 ./zf_device/zf_device_tft180.o
                0x0000000000003258                tft180_set_dir
 .text.tft180_set_color
                0x00000000000032a8       0x34 ./zf_device/zf_device_tft180.o
                0x00000000000032a8                tft180_set_color
 .text.tft180_show_char
                0x00000000000032dc      0x2ba ./zf_device/zf_device_tft180.o
                0x00000000000032dc                tft180_show_char
 .text.tft180_show_string
                0x0000000000003596      0x110 ./zf_device/zf_device_tft180.o
                0x0000000000003596                tft180_show_string
 .text.tft180_show_int
                0x00000000000036a6      0x144 ./zf_device/zf_device_tft180.o
                0x00000000000036a6                tft180_show_int
 .text.tft180_show_gray_image
                0x00000000000037ea      0x23e ./zf_device/zf_device_tft180.o
                0x00000000000037ea                tft180_show_gray_image
 .text.tft180_init
                0x0000000000003a28      0x426 ./zf_device/zf_device_tft180.o
                0x0000000000003a28                tft180_init
 .text.type_default_callback
                0x0000000000003e4e        0xe ./zf_device/zf_device_type.o
 .text.set_camera_type
                0x0000000000003e5c       0x52 ./zf_device/zf_device_type.o
                0x0000000000003e5c                set_camera_type
 .text.clock_reset
                0x0000000000003eae       0x76 ./zf_common/zf_common_clock.o
                0x0000000000003eae                clock_reset
 .text.clock_set_freq
                0x0000000000003f24      0x1e0 ./zf_common/zf_common_clock.o
                0x0000000000003f24                clock_set_freq
 .text.clock_init
                0x0000000000004104       0x2e ./zf_common/zf_common_clock.o
                0x0000000000004104                clock_init
 .text.__NOP    0x0000000000004132       0x10 ./zf_common/zf_common_debug.o
 .text.debug_delay
                0x0000000000004142       0x52 ./zf_common/zf_common_debug.o
 .text.debug_protective_handler
                0x0000000000004194        0xe ./zf_common/zf_common_debug.o
 .text.debug_output
                0x00000000000041a2      0x564 ./zf_common/zf_common_debug.o
 .text.debug_interrupr_handler
                0x0000000000004706       0x36 ./zf_common/zf_common_debug.o
                0x0000000000004706                debug_interrupr_handler
 .text._write   0x000000000000473c       0x7c ./zf_common/zf_common_debug.o
                0x000000000000473c                _write
 .text.debug_assert_handler
                0x00000000000047b8       0x68 ./zf_common/zf_common_debug.o
                0x00000000000047b8                debug_assert_handler
 .text.debug_log_handler
                0x0000000000004820       0x4e ./zf_common/zf_common_debug.o
                0x0000000000004820                debug_log_handler
 .text.debug_output_struct_init
                0x000000000000486e       0x5a ./zf_common/zf_common_debug.o
                0x000000000000486e                debug_output_struct_init
 .text.debug_output_init
                0x00000000000048c8       0xa8 ./zf_common/zf_common_debug.o
                0x00000000000048c8                debug_output_init
 .text.fifo_head_offset
                0x0000000000004970       0x4e ./zf_common/zf_common_fifo.o
 .text.fifo_end_offset
                0x00000000000049be       0x4e ./zf_common/zf_common_fifo.o
 .text.fifo_clear
                0x0000000000004a0c      0x100 ./zf_common/zf_common_fifo.o
                0x0000000000004a0c                fifo_clear
 .text.fifo_used
                0x0000000000004b0c       0x44 ./zf_common/zf_common_fifo.o
                0x0000000000004b0c                fifo_used
 .text.fifo_write_element
                0x0000000000004b50      0x118 ./zf_common/zf_common_fifo.o
                0x0000000000004b50                fifo_write_element
 .text.fifo_write_buffer
                0x0000000000004c68      0x304 ./zf_common/zf_common_fifo.o
                0x0000000000004c68                fifo_write_buffer
 .text.fifo_read_buffer
                0x0000000000004f6c      0x2e0 ./zf_common/zf_common_fifo.o
                0x0000000000004f6c                fifo_read_buffer
 .text.fifo_init
                0x000000000000524c       0x96 ./zf_common/zf_common_fifo.o
                0x000000000000524c                fifo_init
 .text.func_int_to_str
                0x00000000000052e2      0x116 ./zf_common/zf_common_function.o
                0x00000000000052e2                func_int_to_str
 .text.__enable_irq
                0x00000000000053f8       0x18 ./zf_common/zf_common_interrupt.o
 .text.__disable_irq
                0x0000000000005410       0x14 ./zf_common/zf_common_interrupt.o
 .text.NVIC_EnableIRQ
                0x0000000000005424       0x32 ./zf_common/zf_common_interrupt.o
 .text.NVIC_DisableIRQ
                0x0000000000005456       0x32 ./zf_common/zf_common_interrupt.o
 .text.NVIC_SetPriority
                0x0000000000005488       0x2a ./zf_common/zf_common_interrupt.o
 .text.interrupt_enable
                0x00000000000054b2       0x1e ./zf_common/zf_common_interrupt.o
                0x00000000000054b2                interrupt_enable
 .text.interrupt_disable
                0x00000000000054d0       0x1e ./zf_common/zf_common_interrupt.o
                0x00000000000054d0                interrupt_disable
 .text.interrupt_set_priority
                0x00000000000054ee       0x2a ./zf_common/zf_common_interrupt.o
                0x00000000000054ee                interrupt_set_priority
 .text.interrupt_global_enable
                0x0000000000005518       0x32 ./zf_common/zf_common_interrupt.o
                0x0000000000005518                interrupt_global_enable
 .text.interrupt_global_disable
                0x000000000000554a       0x2c ./zf_common/zf_common_interrupt.o
                0x000000000000554a                interrupt_global_disable
 .text.interrupt_init
                0x0000000000005576       0x18 ./zf_common/zf_common_interrupt.o
                0x0000000000005576                interrupt_init
 .text.USART1_IRQHandler
                0x000000000000558e       0xc4 ./user_c/isr.o
                0x000000000000558e                USART1_IRQHandler
 .text.USART2_IRQHandler
                0x0000000000005652       0xc4 ./user_c/isr.o
                0x0000000000005652                USART2_IRQHandler
 .text.USART3_IRQHandler
                0x0000000000005716       0xc8 ./user_c/isr.o
                0x0000000000005716                USART3_IRQHandler
 .text.UART4_IRQHandler
                0x00000000000057de       0xc4 ./user_c/isr.o
                0x00000000000057de                UART4_IRQHandler
 .text.UART5_IRQHandler
                0x00000000000058a2       0xc2 ./user_c/isr.o
                0x00000000000058a2                UART5_IRQHandler
 .text.UART6_IRQHandler
                0x0000000000005964       0xc4 ./user_c/isr.o
                0x0000000000005964                UART6_IRQHandler
 .text.UART7_IRQHandler
                0x0000000000005a28       0xca ./user_c/isr.o
                0x0000000000005a28                UART7_IRQHandler
 .text.UART8_IRQHandler
                0x0000000000005af2       0xc0 ./user_c/isr.o
                0x0000000000005af2                UART8_IRQHandler
 .text.DVP_IRQHandler
                0x0000000000005bb2       0xd0 ./user_c/isr.o
                0x0000000000005bb2                DVP_IRQHandler
 .text.EXTI0_IRQHandler
                0x0000000000005c82       0xb4 ./user_c/isr.o
                0x0000000000005c82                EXTI0_IRQHandler
 .text.EXTI1_IRQHandler
                0x0000000000005d36       0xb4 ./user_c/isr.o
                0x0000000000005d36                EXTI1_IRQHandler
 .text.EXTI2_IRQHandler
                0x0000000000005dea       0xb4 ./user_c/isr.o
                0x0000000000005dea                EXTI2_IRQHandler
 .text.EXTI3_IRQHandler
                0x0000000000005e9e       0xb4 ./user_c/isr.o
                0x0000000000005e9e                EXTI3_IRQHandler
 .text.EXTI4_IRQHandler
                0x0000000000005f52       0xb4 ./user_c/isr.o
                0x0000000000005f52                EXTI4_IRQHandler
 .text.EXTI9_5_IRQHandler
                0x0000000000006006      0x118 ./user_c/isr.o
                0x0000000000006006                EXTI9_5_IRQHandler
 .text.EXTI15_10_IRQHandler
                0x000000000000611e      0x138 ./user_c/isr.o
                0x000000000000611e                EXTI15_10_IRQHandler
 .text.TIM1_UP_IRQHandler
                0x0000000000006256       0xc0 ./user_c/isr.o
                0x0000000000006256                TIM1_UP_IRQHandler
 .text.TIM2_IRQHandler
                0x0000000000006316       0xb8 ./user_c/isr.o
                0x0000000000006316                TIM2_IRQHandler
 .text.TIM3_IRQHandler
                0x00000000000063ce       0xc0 ./user_c/isr.o
                0x00000000000063ce                TIM3_IRQHandler
 .text.TIM4_IRQHandler
                0x000000000000648e       0xc0 ./user_c/isr.o
                0x000000000000648e                TIM4_IRQHandler
 .text.TIM5_IRQHandler
                0x000000000000654e       0xc0 ./user_c/isr.o
                0x000000000000654e                TIM5_IRQHandler
 .text.TIM6_IRQHandler
                0x000000000000660e      0x108 ./user_c/isr.o
                0x000000000000660e                TIM6_IRQHandler
 .text.TIM7_IRQHandler
                0x0000000000006716       0xc0 ./user_c/isr.o
                0x0000000000006716                TIM7_IRQHandler
 .text.TIM8_UP_IRQHandler
                0x00000000000067d6       0xc0 ./user_c/isr.o
                0x00000000000067d6                TIM8_UP_IRQHandler
 .text.TIM9_UP_IRQHandler
                0x0000000000006896       0xc0 ./user_c/isr.o
                0x0000000000006896                TIM9_UP_IRQHandler
 .text.TIM10_UP_IRQHandler
                0x0000000000006956       0xb8 ./user_c/isr.o
                0x0000000000006956                TIM10_UP_IRQHandler
 .text.NMI_Handler
                0x0000000000006a0e       0x10 ./user_c/isr.o
                0x0000000000006a0e                NMI_Handler
 .text.HardFault_Handler
                0x0000000000006a1e        0x8 ./user_c/isr.o
                0x0000000000006a1e                HardFault_Handler
 .text.Init     0x0000000000006a26       0x24 ./user_c/main.o
                0x0000000000006a26                Init
 .text.main     0x0000000000006a4a      0x2ca ./user_c/main.o
                0x0000000000006a4a                main
 .text.vector_handler
                0x0000000000006d14       0xbe ./sdk/Startup/startup_ch32v30x_D8C.o
                0x0000000000006d18                Ecall_M_Mode_Handler
                0x0000000000006d1a                Ecall_U_Mode_Handler
                0x0000000000006d1c                Break_Point_Handler
                0x0000000000006d1e                SysTick_Handler
                0x0000000000006d20                SW_Handler
                0x0000000000006d22                WWDG_IRQHandler
                0x0000000000006d24                PVD_IRQHandler
                0x0000000000006d26                TAMPER_IRQHandler
                0x0000000000006d28                RTC_IRQHandler
                0x0000000000006d2a                FLASH_IRQHandler
                0x0000000000006d2c                RCC_IRQHandler
                0x0000000000006d38                DMA1_Channel1_IRQHandler
                0x0000000000006d3a                DMA1_Channel2_IRQHandler
                0x0000000000006d3c                DMA1_Channel3_IRQHandler
                0x0000000000006d3e                DMA1_Channel4_IRQHandler
                0x0000000000006d40                DMA1_Channel5_IRQHandler
                0x0000000000006d42                DMA1_Channel6_IRQHandler
                0x0000000000006d44                DMA1_Channel7_IRQHandler
                0x0000000000006d46                ADC1_2_IRQHandler
                0x0000000000006d48                USB_HP_CAN1_TX_IRQHandler
                0x0000000000006d4a                USB_LP_CAN1_RX0_IRQHandler
                0x0000000000006d4c                CAN1_RX1_IRQHandler
                0x0000000000006d4e                CAN1_SCE_IRQHandler
                0x0000000000006d52                TIM1_BRK_IRQHandler
                0x0000000000006d56                TIM1_TRG_COM_IRQHandler
                0x0000000000006d58                TIM1_CC_IRQHandler
                0x0000000000006d60                I2C1_EV_IRQHandler
                0x0000000000006d62                I2C1_ER_IRQHandler
                0x0000000000006d64                I2C2_EV_IRQHandler
                0x0000000000006d66                I2C2_ER_IRQHandler
                0x0000000000006d68                SPI1_IRQHandler
                0x0000000000006d6a                SPI2_IRQHandler
                0x0000000000006d74                RTCAlarm_IRQHandler
                0x0000000000006d76                USBWakeUp_IRQHandler
                0x0000000000006d78                TIM8_BRK_IRQHandler
                0x0000000000006d7c                TIM8_TRG_COM_IRQHandler
                0x0000000000006d7e                TIM8_CC_IRQHandler
                0x0000000000006d80                RNG_IRQHandler
                0x0000000000006d82                FSMC_IRQHandler
                0x0000000000006d84                SDIO_IRQHandler
                0x0000000000006d88                SPI3_IRQHandler
                0x0000000000006d92                DMA2_Channel1_IRQHandler
                0x0000000000006d94                DMA2_Channel2_IRQHandler
                0x0000000000006d96                DMA2_Channel3_IRQHandler
                0x0000000000006d98                DMA2_Channel4_IRQHandler
                0x0000000000006d9a                DMA2_Channel5_IRQHandler
                0x0000000000006d9c                ETH_IRQHandler
                0x0000000000006d9e                ETH_WKUP_IRQHandler
                0x0000000000006da0                CAN2_TX_IRQHandler
                0x0000000000006da2                CAN2_RX0_IRQHandler
                0x0000000000006da4                CAN2_RX1_IRQHandler
                0x0000000000006da6                CAN2_SCE_IRQHandler
                0x0000000000006daa                USBHSWakeup_IRQHandler
                0x0000000000006dac                USBHS_IRQHandler
                0x0000000000006db6                TIM9_BRK_IRQHandler
                0x0000000000006dba                TIM9_TRG_COM_IRQHandler
                0x0000000000006dbc                TIM9_CC_IRQHandler
                0x0000000000006dbe                TIM10_BRK_IRQHandler
                0x0000000000006dc2                TIM10_TRG_COM_IRQHandler
                0x0000000000006dc4                TIM10_CC_IRQHandler
                0x0000000000006dc6                DMA2_Channel6_IRQHandler
                0x0000000000006dc8                DMA2_Channel7_IRQHandler
                0x0000000000006dca                DMA2_Channel8_IRQHandler
                0x0000000000006dcc                DMA2_Channel9_IRQHandler
                0x0000000000006dce                DMA2_Channel10_IRQHandler
                0x0000000000006dd0                DMA2_Channel11_IRQHandler
 .text.handle_reset
                0x0000000000006dd2       0x8a ./sdk/Startup/startup_ch32v30x_D8C.o
                0x0000000000006dd2                handle_reset
 .text.EXTI_GetITStatus
                0x0000000000006e5c       0x56 ./sdk/Peripheral/ch32v30x_exti.o
                0x0000000000006e5c                EXTI_GetITStatus
 .text.EXTI_ClearITPendingBit
                0x0000000000006eb2       0x20 ./sdk/Peripheral/ch32v30x_exti.o
                0x0000000000006eb2                EXTI_ClearITPendingBit
 .text.GPIO_Init
                0x0000000000006ed2      0x22a ./sdk/Peripheral/ch32v30x_gpio.o
                0x0000000000006ed2                GPIO_Init
 .text.GPIO_WriteBit
                0x00000000000070fc       0x38 ./sdk/Peripheral/ch32v30x_gpio.o
                0x00000000000070fc                GPIO_WriteBit
 .text.GPIO_PinRemapConfig
                0x0000000000007134      0x1c8 ./sdk/Peripheral/ch32v30x_gpio.o
                0x0000000000007134                GPIO_PinRemapConfig
 .text.RCC_GetClocksFreq
                0x00000000000072fc      0x2c6 ./sdk/Peripheral/ch32v30x_rcc.o
                0x00000000000072fc                RCC_GetClocksFreq
 .text.RCC_AHBPeriphClockCmd
                0x00000000000075c2       0x46 ./sdk/Peripheral/ch32v30x_rcc.o
                0x00000000000075c2                RCC_AHBPeriphClockCmd
 .text.RCC_APB2PeriphClockCmd
                0x0000000000007608       0x46 ./sdk/Peripheral/ch32v30x_rcc.o
                0x0000000000007608                RCC_APB2PeriphClockCmd
 .text.RCC_APB1PeriphClockCmd
                0x000000000000764e       0x46 ./sdk/Peripheral/ch32v30x_rcc.o
                0x000000000000764e                RCC_APB1PeriphClockCmd
 .text.RCC_APB2PeriphResetCmd
                0x0000000000007694       0x46 ./sdk/Peripheral/ch32v30x_rcc.o
                0x0000000000007694                RCC_APB2PeriphResetCmd
 .text.RCC_APB1PeriphResetCmd
                0x00000000000076da       0x46 ./sdk/Peripheral/ch32v30x_rcc.o
                0x00000000000076da                RCC_APB1PeriphResetCmd
 .text.SPI_I2S_DeInit
                0x0000000000007720       0x76 ./sdk/Peripheral/ch32v30x_spi.o
                0x0000000000007720                SPI_I2S_DeInit
 .text.SPI_Init
                0x0000000000007796       0xf8 ./sdk/Peripheral/ch32v30x_spi.o
                0x0000000000007796                SPI_Init
 .text.SPI_Cmd  0x000000000000788e       0x5a ./sdk/Peripheral/ch32v30x_spi.o
                0x000000000000788e                SPI_Cmd
 .text.TIM_TimeBaseInit
                0x00000000000078e8      0x17e ./sdk/Peripheral/ch32v30x_tim.o
                0x00000000000078e8                TIM_TimeBaseInit
 .text.TIM_OC1Init
                0x0000000000007a66      0x19c ./sdk/Peripheral/ch32v30x_tim.o
                0x0000000000007a66                TIM_OC1Init
 .text.TIM_OC2Init
                0x0000000000007c02      0x1e2 ./sdk/Peripheral/ch32v30x_tim.o
                0x0000000000007c02                TIM_OC2Init
 .text.TIM_OC3Init
                0x0000000000007de4      0x1dc ./sdk/Peripheral/ch32v30x_tim.o
                0x0000000000007de4                TIM_OC3Init
 .text.TIM_OC4Init
                0x0000000000007fc0      0x176 ./sdk/Peripheral/ch32v30x_tim.o
                0x0000000000007fc0                TIM_OC4Init
 .text.TIM_Cmd  0x0000000000008136       0x58 ./sdk/Peripheral/ch32v30x_tim.o
                0x0000000000008136                TIM_Cmd
 .text.TIM_CtrlPWMOutputs
                0x000000000000818e       0x60 ./sdk/Peripheral/ch32v30x_tim.o
                0x000000000000818e                TIM_CtrlPWMOutputs
 .text.TIM_ITConfig
                0x00000000000081ee       0x70 ./sdk/Peripheral/ch32v30x_tim.o
                0x00000000000081ee                TIM_ITConfig
 .text.TIM_OC1PreloadConfig
                0x000000000000825e       0x4c ./sdk/Peripheral/ch32v30x_tim.o
                0x000000000000825e                TIM_OC1PreloadConfig
 .text.TIM_OC2PreloadConfig
                0x00000000000082aa       0x5a ./sdk/Peripheral/ch32v30x_tim.o
                0x00000000000082aa                TIM_OC2PreloadConfig
 .text.TIM_OC3PreloadConfig
                0x0000000000008304       0x4c ./sdk/Peripheral/ch32v30x_tim.o
                0x0000000000008304                TIM_OC3PreloadConfig
 .text.TIM_OC4PreloadConfig
                0x0000000000008350       0x5a ./sdk/Peripheral/ch32v30x_tim.o
                0x0000000000008350                TIM_OC4PreloadConfig
 .text.TIM_OC1FastConfig
                0x00000000000083aa       0x4c ./sdk/Peripheral/ch32v30x_tim.o
                0x00000000000083aa                TIM_OC1FastConfig
 .text.TIM_OC2FastConfig
                0x00000000000083f6       0x56 ./sdk/Peripheral/ch32v30x_tim.o
                0x00000000000083f6                TIM_OC2FastConfig
 .text.TIM_OC3FastConfig
                0x000000000000844c       0x4c ./sdk/Peripheral/ch32v30x_tim.o
                0x000000000000844c                TIM_OC3FastConfig
 .text.TIM_OC4FastConfig
                0x0000000000008498       0x56 ./sdk/Peripheral/ch32v30x_tim.o
                0x0000000000008498                TIM_OC4FastConfig
 .text.TIM_GetITStatus
                0x00000000000084ee       0x70 ./sdk/Peripheral/ch32v30x_tim.o
                0x00000000000084ee                TIM_GetITStatus
 .text.TIM_ClearITPendingBit
                0x000000000000855e       0x2e ./sdk/Peripheral/ch32v30x_tim.o
                0x000000000000855e                TIM_ClearITPendingBit
 .text.USART_Init
                0x000000000000858c      0x234 ./sdk/Peripheral/ch32v30x_usart.o
                0x000000000000858c                USART_Init
 .text.USART_Cmd
                0x00000000000087c0       0x60 ./sdk/Peripheral/ch32v30x_usart.o
                0x00000000000087c0                USART_Cmd
 .text.USART_ITConfig
                0x0000000000008820       0xc4 ./sdk/Peripheral/ch32v30x_usart.o
                0x0000000000008820                USART_ITConfig
 .text.USART_SendData
                0x00000000000088e4       0x2e ./sdk/Peripheral/ch32v30x_usart.o
                0x00000000000088e4                USART_SendData
 .text.USART_GetFlagStatus
                0x0000000000008912       0x46 ./sdk/Peripheral/ch32v30x_usart.o
                0x0000000000008912                USART_GetFlagStatus
 .text.USART_GetITStatus
                0x0000000000008958      0x102 ./sdk/Peripheral/ch32v30x_usart.o
                0x0000000000008958                USART_GetITStatus
 .text.USART_ClearITPendingBit
                0x0000000000008a5a       0x4e ./sdk/Peripheral/ch32v30x_usart.o
                0x0000000000008a5a                USART_ClearITPendingBit
 .text.DevEP1_IN_Deal
                0x0000000000008aa8       0x3e ./sdk/Peripheral/ch32v30x_usbotg_device.o
                0x0000000000008aa8                DevEP1_IN_Deal
 .text.DevEP2_IN_Deal
                0x0000000000008ae6       0x3e ./sdk/Peripheral/ch32v30x_usbotg_device.o
                0x0000000000008ae6                DevEP2_IN_Deal
 .text.DevEP1_OUT_Deal
                0x0000000000008b24       0x66 ./sdk/Peripheral/ch32v30x_usbotg_device.o
                0x0000000000008b24                DevEP1_OUT_Deal
 .text.DevEP2_OUT_Deal
                0x0000000000008b8a       0x66 ./sdk/Peripheral/ch32v30x_usbotg_device.o
                0x0000000000008b8a                DevEP2_OUT_Deal
 .text.OTG_FS_IRQHandler
                0x0000000000008bf0      0xd16 ./sdk/Peripheral/ch32v30x_usbotg_device.o
                0x0000000000008bf0                OTG_FS_IRQHandler
 .text.JumpInit
                0x0000000000009906       0xba ./code/cam_preprocess.o
                0x0000000000009906                JumpInit
 .text.ImageCompression
                0x00000000000099c0       0xaa ./code/cam_preprocess.o
                0x00000000000099c0                ImageCompression
 .text.Automatic_Threshold
                0x0000000000009a6a      0x208 ./code/cam_preprocess.o
                0x0000000000009a6a                Automatic_Threshold
 .text.GetBinarizedImage
                0x0000000000009c72       0xc0 ./code/cam_preprocess.o
                0x0000000000009c72                GetBinarizedImage
 .text.FillRunVectors
                0x0000000000009d32      0x2ba ./code/cam_preprocess.o
 .text.LabeledConDomain
                0x0000000000009fec      0x32c ./code/cam_preprocess.o
 .text.addEquival_next
                0x000000000000a318      0x146 ./code/cam_preprocess.o
 .text.addEquival_prev
                0x000000000000a45e       0xec ./code/cam_preprocess.o
 .text.Connected_Domain
                0x000000000000a54a      0x188 ./code/cam_preprocess.o
                0x000000000000a54a                Connected_Domain
 .text.CDM_Segment
                0x000000000000a6d2       0xc4 ./code/cam_preprocess.o
                0x000000000000a6d2                CDM_Segment
 .text.ImgPreprocess
                0x000000000000a796       0x82 ./code/cam_preprocess.o
                0x000000000000a796                ImgPreprocess
 .text.Motor_Init
                0x000000000000a818       0x5a ./code/motor.o
                0x000000000000a818                Motor_Init
 .text.Motor_Set
                0x000000000000a872      0x16a ./code/motor.o
                0x000000000000a872                Motor_Set
 .text.motorPidSetSpeed
                0x000000000000a9dc       0x80 ./code/motor.o
                0x000000000000a9dc                motorPidSetSpeed
 .text.PID_init
                0x000000000000aa5c       0x72 ./code/pid.o
                0x000000000000aa5c                PID_init
 .text.PID_realize
                0x000000000000aace       0xa8 ./code/pid.o
                0x000000000000aace                PID_realize
 .text.image_scan
                0x000000000000ab76      0x4da ./code/seedline.o
                0x000000000000ab76                image_scan
 .text.Cross_Detect
                0x000000000000b050      0x152 ./code/seedline.o
                0x000000000000b050                Cross_Detect
 .text.cheku_Detect
                0x000000000000b1a2       0xea ./code/seedline.o
                0x000000000000b1a2                cheku_Detect
 .text.Strait_Detect
                0x000000000000b28c      0x180 ./code/seedline.o
                0x000000000000b28c                Strait_Detect
 .text.Find_Left_Down_Point
                0x000000000000b40c      0x260 ./code/seedline.o
                0x000000000000b40c                Find_Left_Down_Point
 .text.Find_Right_Down_Point
                0x000000000000b66c      0x106 ./code/seedline.o
                0x000000000000b66c                Find_Right_Down_Point
 .text.Find_Left_UP_Point
                0x000000000000b772      0x27c ./code/seedline.o
                0x000000000000b772                Find_Left_UP_Point
 .text.Find_Right_UP_Point
                0x000000000000b9ee      0x27c ./code/seedline.o
                0x000000000000b9ee                Find_Right_UP_Point
 .text.Find_Up_Point
                0x000000000000bc6a       0x4a ./code/seedline.o
                0x000000000000bc6a                Find_Up_Point
 .text.Find_Down_Point
                0x000000000000bcb4       0x4a ./code/seedline.o
                0x000000000000bcb4                Find_Down_Point
 .text.Left_Add_Line
                0x000000000000bcfe      0x16a ./code/seedline.o
                0x000000000000bcfe                Left_Add_Line
 .text.Right_Add_Line
                0x000000000000be68      0x16a ./code/seedline.o
                0x000000000000be68                Right_Add_Line
 .text.cal_error
                0x000000000000bfd2      0x16a ./code/seedline.o
                0x000000000000bfd2                cal_error
 .text.pow      0x000000000000c13c      0x324 d:/mounriver/mounriver_studio/toolchain/risc-v embedded gcc/bin/../lib/gcc/riscv-none-embed/8.2.0/../../../../riscv-none-embed/lib/rv32imafc/ilp32f\libm.a(lib_a-w_pow.o)
                0x000000000000c13c                pow
 .text.__ieee754_pow
                0x000000000000c460      0xad6 d:/mounriver/mounriver_studio/toolchain/risc-v embedded gcc/bin/../lib/gcc/riscv-none-embed/8.2.0/../../../../riscv-none-embed/lib/rv32imafc/ilp32f\libm.a(lib_a-e_pow.o)
                0x000000000000c460                __ieee754_pow
 .text.__ieee754_sqrt
                0x000000000000cf36      0x1d6 d:/mounriver/mounriver_studio/toolchain/risc-v embedded gcc/bin/../lib/gcc/riscv-none-embed/8.2.0/../../../../riscv-none-embed/lib/rv32imafc/ilp32f\libm.a(lib_a-e_sqrt.o)
                0x000000000000cf36                __ieee754_sqrt
 .text.fabs     0x000000000000d10c        0x6 d:/mounriver/mounriver_studio/toolchain/risc-v embedded gcc/bin/../lib/gcc/riscv-none-embed/8.2.0/../../../../riscv-none-embed/lib/rv32imafc/ilp32f\libm.a(lib_a-s_fabs.o)
                0x000000000000d10c                fabs
 .text.finite   0x000000000000d112        0xe d:/mounriver/mounriver_studio/toolchain/risc-v embedded gcc/bin/../lib/gcc/riscv-none-embed/8.2.0/../../../../riscv-none-embed/lib/rv32imafc/ilp32f\libm.a(lib_a-s_finite.o)
                0x000000000000d112                finite
 .text.matherr  0x000000000000d120        0x4 d:/mounriver/mounriver_studio/toolchain/risc-v embedded gcc/bin/../lib/gcc/riscv-none-embed/8.2.0/../../../../riscv-none-embed/lib/rv32imafc/ilp32f\libm.a(lib_a-s_matherr.o)
                0x000000000000d120                matherr
 .text.nan      0x000000000000d124        0xe d:/mounriver/mounriver_studio/toolchain/risc-v embedded gcc/bin/../lib/gcc/riscv-none-embed/8.2.0/../../../../riscv-none-embed/lib/rv32imafc/ilp32f\libm.a(lib_a-s_nan.o)
                0x000000000000d124                nan
 .text.rint     0x000000000000d132      0x18c d:/mounriver/mounriver_studio/toolchain/risc-v embedded gcc/bin/../lib/gcc/riscv-none-embed/8.2.0/../../../../riscv-none-embed/lib/rv32imafc/ilp32f\libm.a(lib_a-s_rint.o)
                0x000000000000d132                rint
 .text.scalbn   0x000000000000d2be      0x13e d:/mounriver/mounriver_studio/toolchain/risc-v embedded gcc/bin/../lib/gcc/riscv-none-embed/8.2.0/../../../../riscv-none-embed/lib/rv32imafc/ilp32f\libm.a(lib_a-s_scalbn.o)
                0x000000000000d2be                scalbn
 .text.copysign
                0x000000000000d3fc       0x16 d:/mounriver/mounriver_studio/toolchain/risc-v embedded gcc/bin/../lib/gcc/riscv-none-embed/8.2.0/../../../../riscv-none-embed/lib/rv32imafc/ilp32f\libm.a(lib_a-s_copysign.o)
                0x000000000000d3fc                copysign
 .text.mt9v03x_write_word_sccb
                0x000000000000d412       0x34 C:\Users\Universe\Desktop\Seekfree_CH32V307VCT6_Opensource_Library\libraries\zf_device\libzf_device_config.a(zf_device_config.o)
 .text.mt9v03x_set_config_sccb
                0x000000000000d446      0x602 C:\Users\Universe\Desktop\Seekfree_CH32V307VCT6_Opensource_Library\libraries\zf_device\libzf_device_config.a(zf_device_config.o)
                0x000000000000d446                mt9v03x_set_config_sccb
 .text.__adddf3
                0x000000000000da48      0xa0e d:/mounriver/mounriver_studio/toolchain/risc-v embedded gcc/bin/../lib/gcc/riscv-none-embed/8.2.0/rv32imafc/ilp32f\libgcc.a(adddf3.o)
                0x000000000000da48                __adddf3
 .text.__divdf3
                0x000000000000e456      0x7ea d:/mounriver/mounriver_studio/toolchain/risc-v embedded gcc/bin/../lib/gcc/riscv-none-embed/8.2.0/rv32imafc/ilp32f\libgcc.a(divdf3.o)
                0x000000000000e456                __divdf3
 .text.__eqdf2  0x000000000000ec40       0x98 d:/mounriver/mounriver_studio/toolchain/risc-v embedded gcc/bin/../lib/gcc/riscv-none-embed/8.2.0/rv32imafc/ilp32f\libgcc.a(eqdf2.o)
                0x000000000000ec40                __nedf2
                0x000000000000ec40                __eqdf2
 .text.__gedf2  0x000000000000ecd8       0xb6 d:/mounriver/mounriver_studio/toolchain/risc-v embedded gcc/bin/../lib/gcc/riscv-none-embed/8.2.0/rv32imafc/ilp32f\libgcc.a(gedf2.o)
                0x000000000000ecd8                __gedf2
                0x000000000000ecd8                __gtdf2
 .text.__ledf2  0x000000000000ed8e       0xb6 d:/mounriver/mounriver_studio/toolchain/risc-v embedded gcc/bin/../lib/gcc/riscv-none-embed/8.2.0/rv32imafc/ilp32f\libgcc.a(ledf2.o)
                0x000000000000ed8e                __ledf2
                0x000000000000ed8e                __ltdf2
 .text.__muldf3
                0x000000000000ee44      0x656 d:/mounriver/mounriver_studio/toolchain/risc-v embedded gcc/bin/../lib/gcc/riscv-none-embed/8.2.0/rv32imafc/ilp32f\libgcc.a(muldf3.o)
                0x000000000000ee44                __muldf3
 .text.__subdf3
                0x000000000000f49a      0xa8c d:/mounriver/mounriver_studio/toolchain/risc-v embedded gcc/bin/../lib/gcc/riscv-none-embed/8.2.0/rv32imafc/ilp32f\libgcc.a(subdf3.o)
                0x000000000000f49a                __subdf3
 .text.__unorddf2
                0x000000000000ff26       0x7c d:/mounriver/mounriver_studio/toolchain/risc-v embedded gcc/bin/../lib/gcc/riscv-none-embed/8.2.0/rv32imafc/ilp32f\libgcc.a(unorddf2.o)
                0x000000000000ff26                __unorddf2
 .text.__fixdfsi
                0x000000000000ffa2       0xd8 d:/mounriver/mounriver_studio/toolchain/risc-v embedded gcc/bin/../lib/gcc/riscv-none-embed/8.2.0/rv32imafc/ilp32f\libgcc.a(fixdfsi.o)
                0x000000000000ffa2                __fixdfsi
 .text.__fixunsdfsi
                0x000000000001007a       0x9e d:/mounriver/mounriver_studio/toolchain/risc-v embedded gcc/bin/../lib/gcc/riscv-none-embed/8.2.0/rv32imafc/ilp32f\libgcc.a(fixunsdfsi.o)
                0x000000000001007a                __fixunsdfsi
 .text.__floatsidf
                0x0000000000010118       0x70 d:/mounriver/mounriver_studio/toolchain/risc-v embedded gcc/bin/../lib/gcc/riscv-none-embed/8.2.0/rv32imafc/ilp32f\libgcc.a(floatsidf.o)
                0x0000000000010118                __floatsidf
 .text.__floatunsidf
                0x0000000000010188       0x66 d:/mounriver/mounriver_studio/toolchain/risc-v embedded gcc/bin/../lib/gcc/riscv-none-embed/8.2.0/rv32imafc/ilp32f\libgcc.a(floatunsidf.o)
                0x0000000000010188                __floatunsidf
 .text.__extendsfdf2
                0x00000000000101ee       0xe8 d:/mounriver/mounriver_studio/toolchain/risc-v embedded gcc/bin/../lib/gcc/riscv-none-embed/8.2.0/rv32imafc/ilp32f\libgcc.a(extendsfdf2.o)
                0x00000000000101ee                __extendsfdf2
 .text.__truncdfsf2
                0x00000000000102d6      0x31e d:/mounriver/mounriver_studio/toolchain/risc-v embedded gcc/bin/../lib/gcc/riscv-none-embed/8.2.0/rv32imafc/ilp32f\libgcc.a(truncdfsf2.o)
                0x00000000000102d6                __truncdfsf2
 .text.__clzsi2
                0x00000000000105f4       0x76 d:/mounriver/mounriver_studio/toolchain/risc-v embedded gcc/bin/../lib/gcc/riscv-none-embed/8.2.0/rv32imafc/ilp32f\libgcc.a(_clzsi2.o)
                0x00000000000105f4                __clzsi2
 .text.__errno  0x000000000001066a        0x8 d:/mounriver/mounriver_studio/toolchain/risc-v embedded gcc/bin/../lib/gcc/riscv-none-embed/8.2.0/../../../../riscv-none-embed/lib/rv32imafc/ilp32f\libg_nano.a(lib_a-errno.o)
                0x000000000001066a                __errno
 .text.memcpy   0x0000000000010672       0xb6 d:/mounriver/mounriver_studio/toolchain/risc-v embedded gcc/bin/../lib/gcc/riscv-none-embed/8.2.0/../../../../riscv-none-embed/lib/rv32imafc/ilp32f\libg_nano.a(lib_a-memcpy.o)
                0x0000000000010672                memcpy
 .text.__cvt    0x0000000000010728       0xee d:/mounriver/mounriver_studio/toolchain/risc-v embedded gcc/bin/../lib/gcc/riscv-none-embed/8.2.0/../../../../riscv-none-embed/lib/rv32imafc/ilp32f\libg_nano.a(lib_a-nano-vfprintf_float.o)
                0x0000000000010728                __cvt
 .text.__exponent
                0x0000000000010816       0x8c d:/mounriver/mounriver_studio/toolchain/risc-v embedded gcc/bin/../lib/gcc/riscv-none-embed/8.2.0/../../../../riscv-none-embed/lib/rv32imafc/ilp32f\libg_nano.a(lib_a-nano-vfprintf_float.o)
                0x0000000000010816                __exponent
 .text._printf_float
                0x00000000000108a2      0x4c4 d:/mounriver/mounriver_studio/toolchain/risc-v embedded gcc/bin/../lib/gcc/riscv-none-embed/8.2.0/../../../../riscv-none-embed/lib/rv32imafc/ilp32f\libg_nano.a(lib_a-nano-vfprintf_float.o)
                0x00000000000108a2                _printf_float
 .text._printf_common
                0x0000000000010d66      0x10c d:/mounriver/mounriver_studio/toolchain/risc-v embedded gcc/bin/../lib/gcc/riscv-none-embed/8.2.0/../../../../riscv-none-embed/lib/rv32imafc/ilp32f\libg_nano.a(lib_a-nano-vfprintf_i.o)
                0x0000000000010d66                _printf_common
 .text._printf_i
                0x0000000000010e72      0x2ac d:/mounriver/mounriver_studio/toolchain/risc-v embedded gcc/bin/../lib/gcc/riscv-none-embed/8.2.0/../../../../riscv-none-embed/lib/rv32imafc/ilp32f\libg_nano.a(lib_a-nano-vfprintf_i.o)
                0x0000000000010e72                _printf_i
 .text.printf   0x000000000001111e       0x42 d:/mounriver/mounriver_studio/toolchain/risc-v embedded gcc/bin/../lib/gcc/riscv-none-embed/8.2.0/../../../../riscv-none-embed/lib/rv32imafc/ilp32f\libg_nano.a(lib_a-printf.o)
                0x000000000001111e                iprintf
                0x000000000001111e                printf
 .text.sprintf  0x0000000000011160       0x46 d:/mounriver/mounriver_studio/toolchain/risc-v embedded gcc/bin/../lib/gcc/riscv-none-embed/8.2.0/../../../../riscv-none-embed/lib/rv32imafc/ilp32f\libg_nano.a(lib_a-sprintf.o)
                0x0000000000011160                siprintf
                0x0000000000011160                sprintf
 .text.strlen   0x00000000000111a6       0x12 d:/mounriver/mounriver_studio/toolchain/risc-v embedded gcc/bin/../lib/gcc/riscv-none-embed/8.2.0/../../../../riscv-none-embed/lib/rv32imafc/ilp32f\libg_nano.a(lib_a-strlen.o)
                0x00000000000111a6                strlen
 .text.strncmp  0x00000000000111b8       0x2c d:/mounriver/mounriver_studio/toolchain/risc-v embedded gcc/bin/../lib/gcc/riscv-none-embed/8.2.0/../../../../riscv-none-embed/lib/rv32imafc/ilp32f\libg_nano.a(lib_a-strncmp.o)
                0x00000000000111b8                strncmp
 .text.quorem   0x00000000000111e4      0x13a d:/mounriver/mounriver_studio/toolchain/risc-v embedded gcc/bin/../lib/gcc/riscv-none-embed/8.2.0/../../../../riscv-none-embed/lib/rv32imafc/ilp32f\libg_nano.a(lib_a-dtoa.o)
 .text._dtoa_r  0x000000000001131e      0xbea d:/mounriver/mounriver_studio/toolchain/risc-v embedded gcc/bin/../lib/gcc/riscv-none-embed/8.2.0/../../../../riscv-none-embed/lib/rv32imafc/ilp32f\libg_nano.a(lib_a-dtoa.o)
                0x000000000001131e                _dtoa_r
 .text.std      0x0000000000011f08       0x6a d:/mounriver/mounriver_studio/toolchain/risc-v embedded gcc/bin/../lib/gcc/riscv-none-embed/8.2.0/../../../../riscv-none-embed/lib/rv32imafc/ilp32f\libg_nano.a(lib_a-findfp.o)
 .text._cleanup_r
                0x0000000000011f72        0xa d:/mounriver/mounriver_studio/toolchain/risc-v embedded gcc/bin/../lib/gcc/riscv-none-embed/8.2.0/../../../../riscv-none-embed/lib/rv32imafc/ilp32f\libg_nano.a(lib_a-findfp.o)
                0x0000000000011f72                _cleanup_r
 .text.__sfmoreglue
                0x0000000000011f7c       0x48 d:/mounriver/mounriver_studio/toolchain/risc-v embedded gcc/bin/../lib/gcc/riscv-none-embed/8.2.0/../../../../riscv-none-embed/lib/rv32imafc/ilp32f\libg_nano.a(lib_a-findfp.o)
                0x0000000000011f7c                __sfmoreglue
 .text.__sinit  0x0000000000011fc4       0x6c d:/mounriver/mounriver_studio/toolchain/risc-v embedded gcc/bin/../lib/gcc/riscv-none-embed/8.2.0/../../../../riscv-none-embed/lib/rv32imafc/ilp32f\libg_nano.a(lib_a-findfp.o)
                0x0000000000011fc4                __sinit
 .text.__sfp    0x0000000000012030       0xa0 d:/mounriver/mounriver_studio/toolchain/risc-v embedded gcc/bin/../lib/gcc/riscv-none-embed/8.2.0/../../../../riscv-none-embed/lib/rv32imafc/ilp32f\libg_nano.a(lib_a-findfp.o)
                0x0000000000012030                __sfp
 .text._fwalk_reent
                0x00000000000120d0       0x6c d:/mounriver/mounriver_studio/toolchain/risc-v embedded gcc/bin/../lib/gcc/riscv-none-embed/8.2.0/../../../../riscv-none-embed/lib/rv32imafc/ilp32f\libg_nano.a(lib_a-fwalk.o)
                0x00000000000120d0                _fwalk_reent
 .text._localeconv_r
                0x000000000001213c       0x18 d:/mounriver/mounriver_studio/toolchain/risc-v embedded gcc/bin/../lib/gcc/riscv-none-embed/8.2.0/../../../../riscv-none-embed/lib/rv32imafc/ilp32f\libg_nano.a(lib_a-localeconv.o)
                0x000000000001213c                _localeconv_r
 .text.malloc   0x0000000000012154        0xc d:/mounriver/mounriver_studio/toolchain/risc-v embedded gcc/bin/../lib/gcc/riscv-none-embed/8.2.0/../../../../riscv-none-embed/lib/rv32imafc/ilp32f\libg_nano.a(lib_a-malloc.o)
                0x0000000000012154                malloc
 .text.memchr   0x0000000000012160       0x1a d:/mounriver/mounriver_studio/toolchain/risc-v embedded gcc/bin/../lib/gcc/riscv-none-embed/8.2.0/../../../../riscv-none-embed/lib/rv32imafc/ilp32f\libg_nano.a(lib_a-memchr.o)
                0x0000000000012160                memchr
 .text._Balloc  0x000000000001217a       0x88 d:/mounriver/mounriver_studio/toolchain/risc-v embedded gcc/bin/../lib/gcc/riscv-none-embed/8.2.0/../../../../riscv-none-embed/lib/rv32imafc/ilp32f\libg_nano.a(lib_a-mprec.o)
                0x000000000001217a                _Balloc
 .text._Bfree   0x0000000000012202       0x44 d:/mounriver/mounriver_studio/toolchain/risc-v embedded gcc/bin/../lib/gcc/riscv-none-embed/8.2.0/../../../../riscv-none-embed/lib/rv32imafc/ilp32f\libg_nano.a(lib_a-mprec.o)
                0x0000000000012202                _Bfree
 .text.__multadd
                0x0000000000012246       0x98 d:/mounriver/mounriver_studio/toolchain/risc-v embedded gcc/bin/../lib/gcc/riscv-none-embed/8.2.0/../../../../riscv-none-embed/lib/rv32imafc/ilp32f\libg_nano.a(lib_a-mprec.o)
                0x0000000000012246                __multadd
 .text.__hi0bits
                0x00000000000122de       0x46 d:/mounriver/mounriver_studio/toolchain/risc-v embedded gcc/bin/../lib/gcc/riscv-none-embed/8.2.0/../../../../riscv-none-embed/lib/rv32imafc/ilp32f\libg_nano.a(lib_a-mprec.o)
                0x00000000000122de                __hi0bits
 .text.__lo0bits
                0x0000000000012324       0x6a d:/mounriver/mounriver_studio/toolchain/risc-v embedded gcc/bin/../lib/gcc/riscv-none-embed/8.2.0/../../../../riscv-none-embed/lib/rv32imafc/ilp32f\libg_nano.a(lib_a-mprec.o)
                0x0000000000012324                __lo0bits
 .text.__i2b    0x000000000001238e       0x1c d:/mounriver/mounriver_studio/toolchain/risc-v embedded gcc/bin/../lib/gcc/riscv-none-embed/8.2.0/../../../../riscv-none-embed/lib/rv32imafc/ilp32f\libg_nano.a(lib_a-mprec.o)
                0x000000000001238e                __i2b
 .text.__multiply
                0x00000000000123aa      0x144 d:/mounriver/mounriver_studio/toolchain/risc-v embedded gcc/bin/../lib/gcc/riscv-none-embed/8.2.0/../../../../riscv-none-embed/lib/rv32imafc/ilp32f\libg_nano.a(lib_a-mprec.o)
                0x00000000000123aa                __multiply
 .text.__pow5mult
                0x00000000000124ee       0xbe d:/mounriver/mounriver_studio/toolchain/risc-v embedded gcc/bin/../lib/gcc/riscv-none-embed/8.2.0/../../../../riscv-none-embed/lib/rv32imafc/ilp32f\libg_nano.a(lib_a-mprec.o)
                0x00000000000124ee                __pow5mult
 .text.__lshift
                0x00000000000125ac       0xce d:/mounriver/mounriver_studio/toolchain/risc-v embedded gcc/bin/../lib/gcc/riscv-none-embed/8.2.0/../../../../riscv-none-embed/lib/rv32imafc/ilp32f\libg_nano.a(lib_a-mprec.o)
                0x00000000000125ac                __lshift
 .text.__mcmp   0x000000000001267a       0x32 d:/mounriver/mounriver_studio/toolchain/risc-v embedded gcc/bin/../lib/gcc/riscv-none-embed/8.2.0/../../../../riscv-none-embed/lib/rv32imafc/ilp32f\libg_nano.a(lib_a-mprec.o)
                0x000000000001267a                __mcmp
 .text.__mdiff  0x00000000000126ac       0xf2 d:/mounriver/mounriver_studio/toolchain/risc-v embedded gcc/bin/../lib/gcc/riscv-none-embed/8.2.0/../../../../riscv-none-embed/lib/rv32imafc/ilp32f\libg_nano.a(lib_a-mprec.o)
                0x00000000000126ac                __mdiff
 .text.__d2b    0x000000000001279e       0xd4 d:/mounriver/mounriver_studio/toolchain/risc-v embedded gcc/bin/../lib/gcc/riscv-none-embed/8.2.0/../../../../riscv-none-embed/lib/rv32imafc/ilp32f\libg_nano.a(lib_a-mprec.o)
                0x000000000001279e                __d2b
 .text._calloc_r
                0x0000000000012872       0x26 d:/mounriver/mounriver_studio/toolchain/risc-v embedded gcc/bin/../lib/gcc/riscv-none-embed/8.2.0/../../../../riscv-none-embed/lib/rv32imafc/ilp32f\libg_nano.a(lib_a-nano-callocr.o)
                0x0000000000012872                _calloc_r
 .text._free_r  0x0000000000012898       0xa8 d:/mounriver/mounriver_studio/toolchain/risc-v embedded gcc/bin/../lib/gcc/riscv-none-embed/8.2.0/../../../../riscv-none-embed/lib/rv32imafc/ilp32f\libg_nano.a(lib_a-nano-freer.o)
                0x0000000000012898                _free_r
 .text._malloc_r
                0x0000000000012940       0xd4 d:/mounriver/mounriver_studio/toolchain/risc-v embedded gcc/bin/../lib/gcc/riscv-none-embed/8.2.0/../../../../riscv-none-embed/lib/rv32imafc/ilp32f\libg_nano.a(lib_a-nano-mallocr.o)
                0x0000000000012940                _malloc_r
 .text.__ssputs_r
                0x0000000000012a14       0xee d:/mounriver/mounriver_studio/toolchain/risc-v embedded gcc/bin/../lib/gcc/riscv-none-embed/8.2.0/../../../../riscv-none-embed/lib/rv32imafc/ilp32f\libg_nano.a(lib_a-nano-svfprintf.o)
                0x0000000000012a14                __ssputs_r
 .text._svfprintf_r
                0x0000000000012b02      0x27e d:/mounriver/mounriver_studio/toolchain/risc-v embedded gcc/bin/../lib/gcc/riscv-none-embed/8.2.0/../../../../riscv-none-embed/lib/rv32imafc/ilp32f\libg_nano.a(lib_a-nano-svfprintf.o)
                0x0000000000012b02                _svfiprintf_r
                0x0000000000012b02                _svfprintf_r
 .text.__sfputc_r
                0x0000000000012d80       0x28 d:/mounriver/mounriver_studio/toolchain/risc-v embedded gcc/bin/../lib/gcc/riscv-none-embed/8.2.0/../../../../riscv-none-embed/lib/rv32imafc/ilp32f\libg_nano.a(lib_a-nano-vfprintf.o)
 .text.__sfputs_r
                0x0000000000012da8       0x44 d:/mounriver/mounriver_studio/toolchain/risc-v embedded gcc/bin/../lib/gcc/riscv-none-embed/8.2.0/../../../../riscv-none-embed/lib/rv32imafc/ilp32f\libg_nano.a(lib_a-nano-vfprintf.o)
                0x0000000000012da8                __sfputs_r
 .text._vfprintf_r
                0x0000000000012dec      0x29e d:/mounriver/mounriver_studio/toolchain/risc-v embedded gcc/bin/../lib/gcc/riscv-none-embed/8.2.0/../../../../riscv-none-embed/lib/rv32imafc/ilp32f\libg_nano.a(lib_a-nano-vfprintf.o)
                0x0000000000012dec                _vfprintf_r
                0x0000000000012dec                _vfiprintf_r
 .text._sbrk_r  0x000000000001308a       0x32 d:/mounriver/mounriver_studio/toolchain/risc-v embedded gcc/bin/../lib/gcc/riscv-none-embed/8.2.0/../../../../riscv-none-embed/lib/rv32imafc/ilp32f\libg_nano.a(lib_a-sbrkr.o)
                0x000000000001308a                _sbrk_r
 .text.__sread  0x00000000000130bc       0x30 d:/mounriver/mounriver_studio/toolchain/risc-v embedded gcc/bin/../lib/gcc/riscv-none-embed/8.2.0/../../../../riscv-none-embed/lib/rv32imafc/ilp32f\libg_nano.a(lib_a-stdio.o)
                0x00000000000130bc                __sread
 .text.__swrite
                0x00000000000130ec       0x4e d:/mounriver/mounriver_studio/toolchain/risc-v embedded gcc/bin/../lib/gcc/riscv-none-embed/8.2.0/../../../../riscv-none-embed/lib/rv32imafc/ilp32f\libg_nano.a(lib_a-stdio.o)
                0x00000000000130ec                __swrite
 .text.__sseek  0x000000000001313a       0x36 d:/mounriver/mounriver_studio/toolchain/risc-v embedded gcc/bin/../lib/gcc/riscv-none-embed/8.2.0/../../../../riscv-none-embed/lib/rv32imafc/ilp32f\libg_nano.a(lib_a-stdio.o)
                0x000000000001313a                __sseek
 .text.__sclose
                0x0000000000013170        0x6 d:/mounriver/mounriver_studio/toolchain/risc-v embedded gcc/bin/../lib/gcc/riscv-none-embed/8.2.0/../../../../riscv-none-embed/lib/rv32imafc/ilp32f\libg_nano.a(lib_a-stdio.o)
                0x0000000000013170                __sclose
 .text.__swbuf_r
                0x0000000000013176       0xc2 d:/mounriver/mounriver_studio/toolchain/risc-v embedded gcc/bin/../lib/gcc/riscv-none-embed/8.2.0/../../../../riscv-none-embed/lib/rv32imafc/ilp32f\libg_nano.a(lib_a-wbuf.o)
                0x0000000000013176                __swbuf_r
 .text._write_r
                0x0000000000013238       0x36 d:/mounriver/mounriver_studio/toolchain/risc-v embedded gcc/bin/../lib/gcc/riscv-none-embed/8.2.0/../../../../riscv-none-embed/lib/rv32imafc/ilp32f\libg_nano.a(lib_a-writer.o)
                0x0000000000013238                _write_r
 .text.__swsetup_r
                0x000000000001326e      0x110 d:/mounriver/mounriver_studio/toolchain/risc-v embedded gcc/bin/../lib/gcc/riscv-none-embed/8.2.0/../../../../riscv-none-embed/lib/rv32imafc/ilp32f\libg_nano.a(lib_a-wsetup.o)
                0x000000000001326e                __swsetup_r
 .text._close_r
                0x000000000001337e       0x32 d:/mounriver/mounriver_studio/toolchain/risc-v embedded gcc/bin/../lib/gcc/riscv-none-embed/8.2.0/../../../../riscv-none-embed/lib/rv32imafc/ilp32f\libg_nano.a(lib_a-closer.o)
                0x000000000001337e                _close_r
 .text.__sflush_r
                0x00000000000133b0      0x13e d:/mounriver/mounriver_studio/toolchain/risc-v embedded gcc/bin/../lib/gcc/riscv-none-embed/8.2.0/../../../../riscv-none-embed/lib/rv32imafc/ilp32f\libg_nano.a(lib_a-fflush.o)
                0x00000000000133b0                __sflush_r
 .text._fflush_r
                0x00000000000134ee       0x68 d:/mounriver/mounriver_studio/toolchain/risc-v embedded gcc/bin/../lib/gcc/riscv-none-embed/8.2.0/../../../../riscv-none-embed/lib/rv32imafc/ilp32f\libg_nano.a(lib_a-fflush.o)
                0x00000000000134ee                _fflush_r
 .text._lseek_r
                0x0000000000013556       0x34 d:/mounriver/mounriver_studio/toolchain/risc-v embedded gcc/bin/../lib/gcc/riscv-none-embed/8.2.0/../../../../riscv-none-embed/lib/rv32imafc/ilp32f\libg_nano.a(lib_a-lseekr.o)
                0x0000000000013556                _lseek_r
 .text.__swhatbuf_r
                0x000000000001358a       0x58 d:/mounriver/mounriver_studio/toolchain/risc-v embedded gcc/bin/../lib/gcc/riscv-none-embed/8.2.0/../../../../riscv-none-embed/lib/rv32imafc/ilp32f\libg_nano.a(lib_a-makebuf.o)
                0x000000000001358a                __swhatbuf_r
 .text.__smakebuf_r
                0x00000000000135e2       0xa0 d:/mounriver/mounriver_studio/toolchain/risc-v embedded gcc/bin/../lib/gcc/riscv-none-embed/8.2.0/../../../../riscv-none-embed/lib/rv32imafc/ilp32f\libg_nano.a(lib_a-makebuf.o)
                0x00000000000135e2                __smakebuf_r
 .text.__ascii_mbtowc
                0x0000000000013682       0x3a d:/mounriver/mounriver_studio/toolchain/risc-v embedded gcc/bin/../lib/gcc/riscv-none-embed/8.2.0/../../../../riscv-none-embed/lib/rv32imafc/ilp32f\libg_nano.a(lib_a-mbtowc_r.o)
                0x0000000000013682                __ascii_mbtowc
 .text.memmove  0x00000000000136bc       0x4a d:/mounriver/mounriver_studio/toolchain/risc-v embedded gcc/bin/../lib/gcc/riscv-none-embed/8.2.0/../../../../riscv-none-embed/lib/rv32imafc/ilp32f\libg_nano.a(lib_a-memmove.o)
                0x00000000000136bc                memmove
 .text.__malloc_lock
                0x0000000000013706        0x2 d:/mounriver/mounriver_studio/toolchain/risc-v embedded gcc/bin/../lib/gcc/riscv-none-embed/8.2.0/../../../../riscv-none-embed/lib/rv32imafc/ilp32f\libg_nano.a(lib_a-mlock.o)
                0x0000000000013706                __malloc_lock
 .text.__malloc_unlock
                0x0000000000013708        0x2 d:/mounriver/mounriver_studio/toolchain/risc-v embedded gcc/bin/../lib/gcc/riscv-none-embed/8.2.0/../../../../riscv-none-embed/lib/rv32imafc/ilp32f\libg_nano.a(lib_a-mlock.o)
                0x0000000000013708                __malloc_unlock
 .text._realloc_r
                0x000000000001370a       0x58 d:/mounriver/mounriver_studio/toolchain/risc-v embedded gcc/bin/../lib/gcc/riscv-none-embed/8.2.0/../../../../riscv-none-embed/lib/rv32imafc/ilp32f\libg_nano.a(lib_a-nano-reallocr.o)
                0x000000000001370a                _realloc_r
 .text._read_r  0x0000000000013762       0x34 d:/mounriver/mounriver_studio/toolchain/risc-v embedded gcc/bin/../lib/gcc/riscv-none-embed/8.2.0/../../../../riscv-none-embed/lib/rv32imafc/ilp32f\libg_nano.a(lib_a-readr.o)
                0x0000000000013762                _read_r
 .text.__ascii_wctomb
                0x0000000000013796       0x20 d:/mounriver/mounriver_studio/toolchain/risc-v embedded gcc/bin/../lib/gcc/riscv-none-embed/8.2.0/../../../../riscv-none-embed/lib/rv32imafc/ilp32f\libg_nano.a(lib_a-wctomb_r.o)
                0x0000000000013796                __ascii_wctomb
 .text._fstat_r
                0x00000000000137b6       0x32 d:/mounriver/mounriver_studio/toolchain/risc-v embedded gcc/bin/../lib/gcc/riscv-none-embed/8.2.0/../../../../riscv-none-embed/lib/rv32imafc/ilp32f\libg_nano.a(lib_a-fstatr.o)
                0x00000000000137b6                _fstat_r
 .text._isatty_r
                0x00000000000137e8       0x30 d:/mounriver/mounriver_studio/toolchain/risc-v embedded gcc/bin/../lib/gcc/riscv-none-embed/8.2.0/../../../../riscv-none-embed/lib/rv32imafc/ilp32f\libg_nano.a(lib_a-isattyr.o)
                0x00000000000137e8                _isatty_r
 .text._malloc_usable_size_r
                0x0000000000013818       0x14 d:/mounriver/mounriver_studio/toolchain/risc-v embedded gcc/bin/../lib/gcc/riscv-none-embed/8.2.0/../../../../riscv-none-embed/lib/rv32imafc/ilp32f\libg_nano.a(lib_a-nano-msizer.o)
                0x0000000000013818                _malloc_usable_size_r
 .text.__trunctfdf2
                0x000000000001382c      0x3d0 d:/mounriver/mounriver_studio/toolchain/risc-v embedded gcc/bin/../lib/gcc/riscv-none-embed/8.2.0/rv32imafc/ilp32f\libgcc.a(trunctfdf2.o)
                0x000000000001382c                __trunctfdf2
 .text._close   0x0000000000013bfc       0x10 d:/mounriver/mounriver_studio/toolchain/risc-v embedded gcc/bin/../lib/gcc/riscv-none-embed/8.2.0/../../../../riscv-none-embed/lib/rv32imafc/ilp32f\libnosys.a(close.o)
                0x0000000000013bfc                _close
 .text._fstat   0x0000000000013c0c       0x10 d:/mounriver/mounriver_studio/toolchain/risc-v embedded gcc/bin/../lib/gcc/riscv-none-embed/8.2.0/../../../../riscv-none-embed/lib/rv32imafc/ilp32f\libnosys.a(fstat.o)
                0x0000000000013c0c                _fstat
 .text._isatty  0x0000000000013c1c       0x10 d:/mounriver/mounriver_studio/toolchain/risc-v embedded gcc/bin/../lib/gcc/riscv-none-embed/8.2.0/../../../../riscv-none-embed/lib/rv32imafc/ilp32f\libnosys.a(isatty.o)
                0x0000000000013c1c                _isatty
 .text._lseek   0x0000000000013c2c       0x10 d:/mounriver/mounriver_studio/toolchain/risc-v embedded gcc/bin/../lib/gcc/riscv-none-embed/8.2.0/../../../../riscv-none-embed/lib/rv32imafc/ilp32f\libnosys.a(lseek.o)
                0x0000000000013c2c                _lseek
 .text._read    0x0000000000013c3c       0x10 d:/mounriver/mounriver_studio/toolchain/risc-v embedded gcc/bin/../lib/gcc/riscv-none-embed/8.2.0/../../../../riscv-none-embed/lib/rv32imafc/ilp32f\libnosys.a(read.o)
                0x0000000000013c3c                _read
 .text._sbrk    0x0000000000013c4c       0x24 d:/mounriver/mounriver_studio/toolchain/risc-v embedded gcc/bin/../lib/gcc/riscv-none-embed/8.2.0/../../../../riscv-none-embed/lib/rv32imafc/ilp32f\libnosys.a(sbrk.o)
                0x0000000000013c4c                _sbrk
 *(.rodata)
 *fill*         0x0000000000013c70        0x0 
 .rodata        0x0000000000013c70       0x8f ./zf_driver/zf_driver_pit.o
 *fill*         0x0000000000013cff        0x1 
 .rodata        0x0000000000013d00       0x67 ./zf_driver/zf_driver_pwm.o
 *fill*         0x0000000000013d67        0x1 
 .rodata        0x0000000000013d68       0x6c ./zf_driver/zf_driver_soft_iic.o
 .rodata        0x0000000000013dd4       0x67 ./zf_driver/zf_driver_spi.o
 *fill*         0x0000000000013e3b        0x1 
 .rodata        0x0000000000013e3c       0x68 ./zf_driver/zf_driver_uart.o
 *fill*         0x0000000000013ea4        0x4 
 .rodata        0x0000000000013ea8        0x8 ./zf_device/zf_device_dm1xa.o
 .rodata        0x0000000000013eb0       0xf0 ./zf_device/zf_device_gps_tau1201.o
 .rodata        0x0000000000013fa0       0xa6 ./zf_device/zf_device_mt9v03x_dvp.o
 *fill*         0x0000000000014046        0x2 
 .rodata        0x0000000000014048       0x80 ./zf_device/zf_device_tft180.o
 .rodata        0x00000000000140c8       0x78 ./zf_common/zf_common_debug.o
 .rodata        0x0000000000014140       0x68 ./zf_common/zf_common_fifo.o
 .rodata        0x00000000000141a8       0xa8 ./zf_common/zf_common_function.o
 .rodata        0x0000000000014250       0x41 ./sdk/Peripheral/ch32v30x_usbotg_device.o
 *fill*         0x0000000000014291        0x3 
 .rodata        0x0000000000014294       0x10 ./code/cam_preprocess.o
 .rodata        0x00000000000142a4        0x8 ./code/pid.o
 *fill*         0x00000000000142ac        0x4 
 .rodata        0x00000000000142b0       0x20 ./code/seedline.o
 *(.rodata*)
 .rodata.pit_init
                0x00000000000142d0       0x28 ./zf_driver/zf_driver_pit.o
 .rodata.pwm_set_duty
                0x00000000000142f8       0x28 ./zf_driver/zf_driver_pwm.o
 .rodata.pwm_init
                0x0000000000014320       0x28 ./zf_driver/zf_driver_pwm.o
 .rodata.spi_index
                0x0000000000014348        0xc ./zf_driver/zf_driver_spi.o
                0x0000000000014348                spi_index
 .rodata.timer_get
                0x0000000000014354       0x28 ./zf_driver/zf_driver_timer.o
 .rodata.timer_clear
                0x000000000001437c       0x28 ./zf_driver/zf_driver_timer.o
 .rodata.uart_index
                0x00000000000143a4       0x20 ./zf_driver/zf_driver_uart.o
                0x00000000000143a4                uart_index
 .rodata.ascii_font_8x16
                0x00000000000143c4      0x5f0 ./zf_common/zf_common_font.o
                0x00000000000143c4                ascii_font_8x16
 .rodata.ascii_font_6x8
                0x00000000000149b4      0x228 ./zf_common/zf_common_font.o
                0x00000000000149b4                ascii_font_6x8
 .rodata.MyDevDescrHD
                0x0000000000014bdc       0x12 ./sdk/Peripheral/ch32v30x_usbotg_device.o
                0x0000000000014bdc                MyDevDescrHD
 *fill*         0x0000000000014bee        0x2 
 .rodata.MyCfgDescrHD
                0x0000000000014bf0       0x43 ./sdk/Peripheral/ch32v30x_usbotg_device.o
                0x0000000000014bf0                MyCfgDescrHD
 *fill*         0x0000000000014c33        0x1 
 .rodata.MyReportDescHD
                0x0000000000014c34       0x14 ./sdk/Peripheral/ch32v30x_usbotg_device.o
                0x0000000000014c34                MyReportDescHD
 .rodata.MyManuInfoHD
                0x0000000000014c48        0xe ./sdk/Peripheral/ch32v30x_usbotg_device.o
                0x0000000000014c48                MyManuInfoHD
 *fill*         0x0000000000014c56        0x2 
 .rodata.MyProdInfoHD
                0x0000000000014c58        0xc ./sdk/Peripheral/ch32v30x_usbotg_device.o
                0x0000000000014c58                MyProdInfoHD
 .rodata.MySerNumInfoHD
                0x0000000000014c64       0x16 ./sdk/Peripheral/ch32v30x_usbotg_device.o
                0x0000000000014c64                MySerNumInfoHD
 *fill*         0x0000000000014c7a        0x2 
 .rodata.MyUSBQUADescHD
                0x0000000000014c7c        0xa ./sdk/Peripheral/ch32v30x_usbotg_device.o
                0x0000000000014c7c                MyUSBQUADescHD
 *fill*         0x0000000000014c86        0x2 
 .rodata.OTG_FS_IRQHandler
                0x0000000000014c88       0xbc ./sdk/Peripheral/ch32v30x_usbotg_device.o
 *fill*         0x0000000000014d44        0x4 
 .rodata.pow.cst8
                0x0000000000014d48       0x30 d:/mounriver/mounriver_studio/toolchain/risc-v embedded gcc/bin/../lib/gcc/riscv-none-embed/8.2.0/../../../../riscv-none-embed/lib/rv32imafc/ilp32f\libm.a(lib_a-w_pow.o)
 .rodata.pow.str1.4
                0x0000000000014d78        0x4 d:/mounriver/mounriver_studio/toolchain/risc-v embedded gcc/bin/../lib/gcc/riscv-none-embed/8.2.0/../../../../riscv-none-embed/lib/rv32imafc/ilp32f\libm.a(lib_a-w_pow.o)
 *fill*         0x0000000000014d7c        0x4 
 .rodata.__ieee754_pow.cst8
                0x0000000000014d80      0x100 d:/mounriver/mounriver_studio/toolchain/risc-v embedded gcc/bin/../lib/gcc/riscv-none-embed/8.2.0/../../../../riscv-none-embed/lib/rv32imafc/ilp32f\libm.a(lib_a-e_pow.o)
                                        0x110 (size before relaxing)
 .rodata.__ieee754_pow.str1.4
                0x0000000000014e80        0x4 d:/mounriver/mounriver_studio/toolchain/risc-v embedded gcc/bin/../lib/gcc/riscv-none-embed/8.2.0/../../../../riscv-none-embed/lib/rv32imafc/ilp32f\libm.a(lib_a-e_pow.o)
                                          0x1 (size before relaxing)
 .rodata.nan.cst8
                0x0000000000014e80        0x8 d:/mounriver/mounriver_studio/toolchain/risc-v embedded gcc/bin/../lib/gcc/riscv-none-embed/8.2.0/../../../../riscv-none-embed/lib/rv32imafc/ilp32f\libm.a(lib_a-s_nan.o)
 .rodata.TWO52  0x0000000000014e88       0x10 d:/mounriver/mounriver_studio/toolchain/risc-v embedded gcc/bin/../lib/gcc/riscv-none-embed/8.2.0/../../../../riscv-none-embed/lib/rv32imafc/ilp32f\libm.a(lib_a-s_rint.o)
 .rodata.scalbn.cst8
                0x0000000000014e98       0x10 d:/mounriver/mounriver_studio/toolchain/risc-v embedded gcc/bin/../lib/gcc/riscv-none-embed/8.2.0/../../../../riscv-none-embed/lib/rv32imafc/ilp32f\libm.a(lib_a-s_scalbn.o)
                                         0x20 (size before relaxing)
 .rodata.__divdf3
                0x0000000000014ea8       0x40 d:/mounriver/mounriver_studio/toolchain/risc-v embedded gcc/bin/../lib/gcc/riscv-none-embed/8.2.0/rv32imafc/ilp32f\libgcc.a(divdf3.o)
 .rodata.__muldf3
                0x0000000000014ee8       0x40 d:/mounriver/mounriver_studio/toolchain/risc-v embedded gcc/bin/../lib/gcc/riscv-none-embed/8.2.0/rv32imafc/ilp32f\libgcc.a(muldf3.o)
 .rodata.__clz_tab
                0x0000000000014f28      0x100 d:/mounriver/mounriver_studio/toolchain/risc-v embedded gcc/bin/../lib/gcc/riscv-none-embed/8.2.0/rv32imafc/ilp32f\libgcc.a(_clz.o)
                0x0000000000014f28                __clz_tab
 .rodata._printf_float.cst8
                0x0000000000015028        0x8 d:/mounriver/mounriver_studio/toolchain/risc-v embedded gcc/bin/../lib/gcc/riscv-none-embed/8.2.0/../../../../riscv-none-embed/lib/rv32imafc/ilp32f\libg_nano.a(lib_a-nano-vfprintf_float.o)
 .rodata._printf_float.str1.4
                0x0000000000015030       0x12 d:/mounriver/mounriver_studio/toolchain/risc-v embedded gcc/bin/../lib/gcc/riscv-none-embed/8.2.0/../../../../riscv-none-embed/lib/rv32imafc/ilp32f\libg_nano.a(lib_a-nano-vfprintf_float.o)
 *fill*         0x0000000000015042        0x2 
 .rodata._printf_i.str1.4
                0x0000000000015044       0x25 d:/mounriver/mounriver_studio/toolchain/risc-v embedded gcc/bin/../lib/gcc/riscv-none-embed/8.2.0/../../../../riscv-none-embed/lib/rv32imafc/ilp32f\libg_nano.a(lib_a-nano-vfprintf_i.o)
 *fill*         0x0000000000015069        0x7 
 .rodata._dtoa_r.cst8
                0x0000000000015070       0x30 d:/mounriver/mounriver_studio/toolchain/risc-v embedded gcc/bin/../lib/gcc/riscv-none-embed/8.2.0/../../../../riscv-none-embed/lib/rv32imafc/ilp32f\libg_nano.a(lib_a-dtoa.o)
                                         0x48 (size before relaxing)
 .rodata._dtoa_r.str1.4
                0x00000000000150a0       0x10 d:/mounriver/mounriver_studio/toolchain/risc-v embedded gcc/bin/../lib/gcc/riscv-none-embed/8.2.0/../../../../riscv-none-embed/lib/rv32imafc/ilp32f\libg_nano.a(lib_a-dtoa.o)
                                         0x12 (size before relaxing)
 .rodata.__sf_fake_stderr
                0x00000000000150b0       0x20 d:/mounriver/mounriver_studio/toolchain/risc-v embedded gcc/bin/../lib/gcc/riscv-none-embed/8.2.0/../../../../riscv-none-embed/lib/rv32imafc/ilp32f\libg_nano.a(lib_a-findfp.o)
                0x00000000000150b0                __sf_fake_stderr
 .rodata.__sf_fake_stdin
                0x00000000000150d0       0x20 d:/mounriver/mounriver_studio/toolchain/risc-v embedded gcc/bin/../lib/gcc/riscv-none-embed/8.2.0/../../../../riscv-none-embed/lib/rv32imafc/ilp32f\libg_nano.a(lib_a-findfp.o)
                0x00000000000150d0                __sf_fake_stdin
 .rodata.__sf_fake_stdout
                0x00000000000150f0       0x20 d:/mounriver/mounriver_studio/toolchain/risc-v embedded gcc/bin/../lib/gcc/riscv-none-embed/8.2.0/../../../../riscv-none-embed/lib/rv32imafc/ilp32f\libg_nano.a(lib_a-findfp.o)
                0x00000000000150f0                __sf_fake_stdout
 .rodata.__mprec_bigtens
                0x0000000000015110       0x28 d:/mounriver/mounriver_studio/toolchain/risc-v embedded gcc/bin/../lib/gcc/riscv-none-embed/8.2.0/../../../../riscv-none-embed/lib/rv32imafc/ilp32f\libg_nano.a(lib_a-mprec.o)
                0x0000000000015110                __mprec_bigtens
 .rodata.__mprec_tens
                0x0000000000015138       0xc8 d:/mounriver/mounriver_studio/toolchain/risc-v embedded gcc/bin/../lib/gcc/riscv-none-embed/8.2.0/../../../../riscv-none-embed/lib/rv32imafc/ilp32f\libg_nano.a(lib_a-mprec.o)
                0x0000000000015138                __mprec_tens
 .rodata.p05.3321
                0x0000000000015200        0xc d:/mounriver/mounriver_studio/toolchain/risc-v embedded gcc/bin/../lib/gcc/riscv-none-embed/8.2.0/../../../../riscv-none-embed/lib/rv32imafc/ilp32f\libg_nano.a(lib_a-mprec.o)
 .rodata._svfprintf_r.str1.4
                0x000000000001520c       0x13 d:/mounriver/mounriver_studio/toolchain/risc-v embedded gcc/bin/../lib/gcc/riscv-none-embed/8.2.0/../../../../riscv-none-embed/lib/rv32imafc/ilp32f\libg_nano.a(lib_a-nano-svfprintf.o)
 .rodata._vfprintf_r.str1.4
                0x000000000001521f       0x13 d:/mounriver/mounriver_studio/toolchain/risc-v embedded gcc/bin/../lib/gcc/riscv-none-embed/8.2.0/../../../../riscv-none-embed/lib/rv32imafc/ilp32f\libg_nano.a(lib_a-nano-vfprintf.o)
 *fill*         0x000000000001521f        0x1 
 .rodata._setlocale_r.str1.4
                0x0000000000015220        0xa d:/mounriver/mounriver_studio/toolchain/risc-v embedded gcc/bin/../lib/gcc/riscv-none-embed/8.2.0/../../../../riscv-none-embed/lib/rv32imafc/ilp32f\libg_nano.a(lib_a-locale.o)
                                          0xd (size before relaxing)
 *fill*         0x000000000001522a        0x2 
 .rodata.str1.4
                0x000000000001522c        0x4 d:/mounriver/mounriver_studio/toolchain/risc-v embedded gcc/bin/../lib/gcc/riscv-none-embed/8.2.0/../../../../riscv-none-embed/lib/rv32imafc/ilp32f\libg_nano.a(lib_a-locale.o)
                                          0x2 (size before relaxing)
 .rodata._ctype_
                0x0000000000015230      0x101 d:/mounriver/mounriver_studio/toolchain/risc-v embedded gcc/bin/../lib/gcc/riscv-none-embed/8.2.0/../../../../riscv-none-embed/lib/rv32imafc/ilp32f\libg_nano.a(lib_a-ctype_.o)
                0x0000000000015230                _ctype_
 *(.glue_7)
 *(.glue_7t)
 *(.gnu.linkonce.t.*)
                0x0000000000015334                . = ALIGN (0x4)
 *fill*         0x0000000000015331        0x3 

.rela.dyn       0x0000000000015334        0x0
 .rela.init     0x0000000000015334        0x0 ./zf_driver/zf_driver_delay.o
 .rela.vector   0x0000000000015334        0x0 ./zf_driver/zf_driver_delay.o
 .rela.text.handle_reset
                0x0000000000015334        0x0 ./zf_driver/zf_driver_delay.o
 .rela.text._svfprintf_r
                0x0000000000015334        0x0 ./zf_driver/zf_driver_delay.o
 .rela.text._vfprintf_r
                0x0000000000015334        0x0 ./zf_driver/zf_driver_delay.o
 .rela.text._sbrk_r
                0x0000000000015334        0x0 ./zf_driver/zf_driver_delay.o
 .rela.text._write_r
                0x0000000000015334        0x0 ./zf_driver/zf_driver_delay.o
 .rela.text._close_r
                0x0000000000015334        0x0 ./zf_driver/zf_driver_delay.o
 .rela.text._lseek_r
                0x0000000000015334        0x0 ./zf_driver/zf_driver_delay.o
 .rela.text._read_r
                0x0000000000015334        0x0 ./zf_driver/zf_driver_delay.o
 .rela.text._fstat_r
                0x0000000000015334        0x0 ./zf_driver/zf_driver_delay.o
 .rela.text._isatty_r
                0x0000000000015334        0x0 ./zf_driver/zf_driver_delay.o
 .rela.text._close
                0x0000000000015334        0x0 ./zf_driver/zf_driver_delay.o
 .rela.text._fstat
                0x0000000000015334        0x0 ./zf_driver/zf_driver_delay.o
 .rela.text._isatty
                0x0000000000015334        0x0 ./zf_driver/zf_driver_delay.o
 .rela.text._lseek
                0x0000000000015334        0x0 ./zf_driver/zf_driver_delay.o
 .rela.text._read
                0x0000000000015334        0x0 ./zf_driver/zf_driver_delay.o
 .rela.text._sbrk
                0x0000000000015334        0x0 ./zf_driver/zf_driver_delay.o

.fini           0x0000000000015334        0x0
 *(SORT_NONE(.fini))
                0x0000000000015334                . = ALIGN (0x4)
                [!provide]                        PROVIDE (_etext = .)
                [!provide]                        PROVIDE (_eitcm = .)

.preinit_array  0x0000000000015334        0x0
                [!provide]                        PROVIDE (__preinit_array_start = .)
 *(.preinit_array)
                [!provide]                        PROVIDE (__preinit_array_end = .)

.init_array     0x0000000000015334        0x0
                [!provide]                        PROVIDE (__init_array_start = .)
 *(SORT_BY_INIT_PRIORITY(.init_array.*) SORT_BY_INIT_PRIORITY(.ctors.*))
 *(.init_array EXCLUDE_FILE(*crtend?.o *crtend.o *crtbegin?.o *crtbegin.o) .ctors)
                [!provide]                        PROVIDE (__init_array_end = .)

.fini_array     0x0000000000015334        0x0
                [!provide]                        PROVIDE (__fini_array_start = .)
 *(SORT_BY_INIT_PRIORITY(.fini_array.*) SORT_BY_INIT_PRIORITY(.dtors.*))
 *(.fini_array EXCLUDE_FILE(*crtend?.o *crtend.o *crtbegin?.o *crtbegin.o) .dtors)
                [!provide]                        PROVIDE (__fini_array_end = .)

.ctors
 *crtbegin.o(.ctors)
 *crtbegin?.o(.ctors)
 *(EXCLUDE_FILE(*crtend?.o *crtend.o) .ctors)
 *(SORT_BY_NAME(.ctors.*))
 *(.ctors)

.dtors
 *crtbegin.o(.dtors)
 *crtbegin?.o(.dtors)
 *(EXCLUDE_FILE(*crtend?.o *crtend.o) .dtors)
 *(SORT_BY_NAME(.dtors.*))
 *(.dtors)

.dalign         0x0000000020000040        0x0 load address 0x0000000000015334
                0x0000000020000040                . = ALIGN (0x4)
                0x0000000020000040                PROVIDE (_data_vma = .)

.dlalign        0x0000000000015334        0x0
                0x0000000000015334                . = ALIGN (0x4)
                0x0000000000015334                PROVIDE (_data_lma = .)

.data           0x0000000020000040      0x2e0 load address 0x0000000000015334
 *(.gnu.linkonce.r.*)
 *(.data .data.*)
 .data.gpio_group
                0x0000000020000040       0x14 ./zf_driver/zf_driver_gpio.o
                0x0000000020000040                gpio_group
 .data.mt9v03x_set_confing_buffer
                0x0000000020000054       0x28 ./zf_device/zf_device_mt9v03x_dvp.o
 .data.mt9v03x_get_confing_buffer
                0x000000002000007c       0x24 ./zf_device/zf_device_mt9v03x_dvp.o
 .data.APBAHBPrescTable
                0x00000000200000a0       0x10 ./sdk/Peripheral/ch32v30x_rcc.o
 .data.TAB_USB_FS_OSC_DESC
                0x00000000200000b0       0x43 ./sdk/Peripheral/ch32v30x_usbotg_device.o
                0x00000000200000b0                TAB_USB_FS_OSC_DESC
 *fill*         0x00000000200000f3        0x1 
 .data.ImgConf  0x00000000200000f4       0x10 ./code/cam_preprocess.o
                0x00000000200000f4                ImgConf
 .data.impure_data
                0x0000000020000104       0x60 d:/mounriver/mounriver_studio/toolchain/risc-v embedded gcc/bin/../lib/gcc/riscv-none-embed/8.2.0/../../../../riscv-none-embed/lib/rv32imafc/ilp32f\libg_nano.a(lib_a-impure.o)
 .data.__global_locale
                0x0000000020000164      0x16c d:/mounriver/mounriver_studio/toolchain/risc-v embedded gcc/bin/../lib/gcc/riscv-none-embed/8.2.0/../../../../riscv-none-embed/lib/rv32imafc/ilp32f\libg_nano.a(lib_a-locale.o)
                0x0000000020000164                __global_locale
 *(.gnu.linkonce.d.*)
                0x00000000200002d0                . = ALIGN (0x8)
                0x0000000020000ad0                PROVIDE (__global_pointer$ = (. + 0x800))
 *(.sdata .sdata.*)
 .sdata.dm1xa_distance_mm
                0x00000000200002d0        0x2 ./zf_device/zf_device_dm1xa.o
 .sdata.tft180_pencolor
                0x00000000200002d2        0x2 ./zf_device/zf_device_tft180.o
 .sdata.tft180_bgcolor
                0x00000000200002d4        0x2 ./zf_device/zf_device_tft180.o
 *fill*         0x00000000200002d6        0x2 
 .sdata.tft180_display_font
                0x00000000200002d8        0x4 ./zf_device/zf_device_tft180.o
 .sdata.tft180_x_max
                0x00000000200002dc        0x1 ./zf_device/zf_device_tft180.o
 .sdata.tft180_y_max
                0x00000000200002dd        0x1 ./zf_device/zf_device_tft180.o
 *fill*         0x00000000200002de        0x2 
 .sdata.camera_uart_handler
                0x00000000200002e0        0x4 ./zf_device/zf_device_type.o
                0x00000000200002e0                camera_uart_handler
 .sdata.camera_dvp_handler
                0x00000000200002e4        0x4 ./zf_device/zf_device_type.o
                0x00000000200002e4                camera_dvp_handler
 .sdata.wireless_module_uart_handler
                0x00000000200002e8        0x4 ./zf_device/zf_device_type.o
                0x00000000200002e8                wireless_module_uart_handler
 .sdata.tof_module_exti_handler
                0x00000000200002ec        0x4 ./zf_device/zf_device_type.o
                0x00000000200002ec                tof_module_exti_handler
 .sdata.system_clock
                0x00000000200002f0        0x4 ./zf_common/zf_common_clock.o
                0x00000000200002f0                system_clock
 .sdata.zf_debug_assert_enable
                0x00000000200002f4        0x1 ./zf_common/zf_common_debug.o
 *fill*         0x00000000200002f5        0x3 
 .sdata.ADCPrescTable
                0x00000000200002f8        0x4 ./sdk/Peripheral/ch32v30x_rcc.o
 .sdata.USBHD_Dev_Speed
                0x00000000200002fc        0x1 ./sdk/Peripheral/ch32v30x_usbotg_device.o
                0x00000000200002fc                USBHD_Dev_Speed
 *fill*         0x00000000200002fd        0x3 
 .sdata.LineCoding
                0x0000000020000300        0x7 ./sdk/Peripheral/ch32v30x_usbotg_device.o
                0x0000000020000300                LineCoding
 *fill*         0x0000000020000307        0x1 
 .sdata.__fdlib_version
                0x0000000020000308        0x4 d:/mounriver/mounriver_studio/toolchain/risc-v embedded gcc/bin/../lib/gcc/riscv-none-embed/8.2.0/../../../../riscv-none-embed/lib/rv32imafc/ilp32f\libm.a(lib_a-s_lib_ver.o)
                0x0000000020000308                __fdlib_version
 .sdata._impure_ptr
                0x000000002000030c        0x4 d:/mounriver/mounriver_studio/toolchain/risc-v embedded gcc/bin/../lib/gcc/riscv-none-embed/8.2.0/../../../../riscv-none-embed/lib/rv32imafc/ilp32f\libg_nano.a(lib_a-impure.o)
                0x000000002000030c                _impure_ptr
 *(.sdata2.*)
 .sdata2.uart_irq
                0x0000000020000310        0x8 ./zf_driver/zf_driver_uart.o
                0x0000000020000310                uart_irq
 .sdata2.MyLangDescrHD
                0x0000000020000318        0x4 ./sdk/Peripheral/ch32v30x_usbotg_device.o
                0x0000000020000318                MyLangDescrHD
 .sdata2._global_impure_ptr
                0x000000002000031c        0x4 d:/mounriver/mounriver_studio/toolchain/risc-v embedded gcc/bin/../lib/gcc/riscv-none-embed/8.2.0/../../../../riscv-none-embed/lib/rv32imafc/ilp32f\libg_nano.a(lib_a-impure.o)
                0x000000002000031c                _global_impure_ptr
 *(.gnu.linkonce.s.*)
                0x0000000020000320                . = ALIGN (0x8)
 *(.srodata.cst16)
 *(.srodata.cst8)
 *(.srodata.cst4)
 *(.srodata.cst2)
 *(.srodata .srodata.*)
                0x0000000020000320                . = ALIGN (0x4)
                0x0000000020000320                PROVIDE (_edata = .)

.bss            0x0000000020000320     0xa118 load address 0x0000000000015614
                0x0000000020000320                . = ALIGN (0x4)
                0x0000000020000320                PROVIDE (_sbss = .)
 *(.sbss*)
 .sbss.camera_receiver_buffer
                0x0000000020000320        0x8 ./zf_device/zf_device_camera.o
                0x0000000020000320                camera_receiver_buffer
 .sbss.dm1xa_plus_count
                0x0000000020000328        0x4 ./zf_device/zf_device_dm1xa.o
 .sbss.dm1xa_type
                0x000000002000032c        0x4 ./zf_device/zf_device_dm1xa.o
 .sbss.dm1xa_ranging_state
                0x0000000020000330        0x4 ./zf_device/zf_device_dm1xa.o
 .sbss.gps_tau1201_flag
                0x0000000020000334        0x1 ./zf_device/zf_device_gps_tau1201.o
                0x0000000020000334                gps_tau1201_flag
 .sbss.gps_tau1201_state
                0x0000000020000335        0x1 ./zf_device/zf_device_gps_tau1201.o
 *fill*         0x0000000020000336        0x2 
 .sbss.gps_gga_state
                0x0000000020000338        0x4 ./zf_device/zf_device_gps_tau1201.o
                0x0000000020000338                gps_gga_state
 .sbss.gps_rmc_state
                0x000000002000033c        0x4 ./zf_device/zf_device_gps_tau1201.o
                0x000000002000033c                gps_rmc_state
 .sbss.mt9v03x_finish_flag
                0x0000000020000340        0x1 ./zf_device/zf_device_mt9v03x_dvp.o
                0x0000000020000340                mt9v03x_finish_flag
 *fill*         0x0000000020000341        0x3 
 .sbss.mt9v03x_type
                0x0000000020000344        0x4 ./zf_device/zf_device_mt9v03x_dvp.o
 .sbss.mt9v03x_version
                0x0000000020000348        0x2 ./zf_device/zf_device_mt9v03x_dvp.o
 *fill*         0x000000002000034a        0x2 
 .sbss.tft180_display_dir
                0x000000002000034c        0x4 ./zf_device/zf_device_tft180.o
 .sbss.camera_type
                0x0000000020000350        0x4 ./zf_device/zf_device_type.o
                0x0000000020000350                camera_type
 .sbss.debug_uart_data
                0x0000000020000354        0x1 ./zf_common/zf_common_debug.o
                0x0000000020000354                debug_uart_data
 .sbss.zf_debug_init_flag
                0x0000000020000355        0x1 ./zf_common/zf_common_debug.o
 .sbss.assert_nest_index.5039
                0x0000000020000356        0x1 ./zf_common/zf_common_debug.o
 *fill*         0x0000000020000357        0x1 
 .sbss.interrupt_nest_count
                0x0000000020000358        0x4 ./zf_common/zf_common_interrupt.o
 .sbss.startflag
                0x000000002000035c        0x1 ./user_c/main.o
                0x000000002000035c                startflag
 *fill*         0x000000002000035d        0x3 
 .sbss.EP0_DatabufHD
                0x0000000020000360        0x8 ./sdk/Peripheral/ch32v30x_usbotg_device.o
                0x0000000020000360                EP0_DatabufHD
 .sbss.pEP0_RAM_Addr
                0x0000000020000368        0x4 ./sdk/Peripheral/ch32v30x_usbotg_device.o
                0x0000000020000368                pEP0_RAM_Addr
 .sbss.pEP1_RAM_Addr
                0x000000002000036c        0x4 ./sdk/Peripheral/ch32v30x_usbotg_device.o
                0x000000002000036c                pEP1_RAM_Addr
 .sbss.pEP2_RAM_Addr
                0x0000000020000370        0x4 ./sdk/Peripheral/ch32v30x_usbotg_device.o
                0x0000000020000370                pEP2_RAM_Addr
 .sbss.pDescr   0x0000000020000374        0x4 ./sdk/Peripheral/ch32v30x_usbotg_device.o
                0x0000000020000374                pDescr
 .sbss.USBHD_Dev_SetupReqLen
                0x0000000020000378        0x2 ./sdk/Peripheral/ch32v30x_usbotg_device.o
                0x0000000020000378                USBHD_Dev_SetupReqLen
 .sbss.USBHD_Dev_SleepStatus
                0x000000002000037a        0x1 ./sdk/Peripheral/ch32v30x_usbotg_device.o
                0x000000002000037a                USBHD_Dev_SleepStatus
 .sbss.DevConfig
                0x000000002000037b        0x1 ./sdk/Peripheral/ch32v30x_usbotg_device.o
                0x000000002000037b                DevConfig
 .sbss.SetupReqCode
                0x000000002000037c        0x1 ./sdk/Peripheral/ch32v30x_usbotg_device.o
                0x000000002000037c                SetupReqCode
 *fill*         0x000000002000037d        0x1 
 .sbss.SetupReqLen
                0x000000002000037e        0x2 ./sdk/Peripheral/ch32v30x_usbotg_device.o
                0x000000002000037e                SetupReqLen
 .sbss.next_times
                0x0000000020000380        0x2 ./code/cam_preprocess.o
 .sbss.prev_times
                0x0000000020000382        0x2 ./code/cam_preprocess.o
 .sbss.lastaverageValue_LessThreshold.8370
                0x0000000020000384        0x4 ./code/cam_preprocess.o
 .sbss.lastaverageValue_MoreThreshold.8371
                0x0000000020000388        0x4 ./code/cam_preprocess.o